Archive member included to satisfy reference by file (symbol)

/home/the_3d6/devtools/gcc-arm-none-eabi-8-2018-q4-major/bin/../lib/gcc/arm-none-eabi/8.2.1/../../../../arm-none-eabi/lib/thumb/v7e-m+fp/hard/libc_nano.a(lib_a-exit.o)
                              /home/the_3d6/devtools/gcc-arm-none-eabi-8-2018-q4-major/bin/../lib/gcc/arm-none-eabi/8.2.1/../../../../arm-none-eabi/lib/thumb/v7e-m+fp/hard/crt0.o (exit)
/home/the_3d6/devtools/gcc-arm-none-eabi-8-2018-q4-major/bin/../lib/gcc/arm-none-eabi/8.2.1/../../../../arm-none-eabi/lib/thumb/v7e-m+fp/hard/libc_nano.a(lib_a-impure.o)
                              /home/the_3d6/devtools/gcc-arm-none-eabi-8-2018-q4-major/bin/../lib/gcc/arm-none-eabi/8.2.1/../../../../arm-none-eabi/lib/thumb/v7e-m+fp/hard/libc_nano.a(lib_a-exit.o) (_global_impure_ptr)
/home/the_3d6/devtools/gcc-arm-none-eabi-8-2018-q4-major/bin/../lib/gcc/arm-none-eabi/8.2.1/../../../../arm-none-eabi/lib/thumb/v7e-m+fp/hard/libc_nano.a(lib_a-init.o)
                              /home/the_3d6/devtools/gcc-arm-none-eabi-8-2018-q4-major/bin/../lib/gcc/arm-none-eabi/8.2.1/../../../../arm-none-eabi/lib/thumb/v7e-m+fp/hard/crt0.o (__libc_init_array)
/home/the_3d6/devtools/gcc-arm-none-eabi-8-2018-q4-major/bin/../lib/gcc/arm-none-eabi/8.2.1/../../../../arm-none-eabi/lib/thumb/v7e-m+fp/hard/libc_nano.a(lib_a-memset.o)
                              /home/the_3d6/devtools/gcc-arm-none-eabi-8-2018-q4-major/bin/../lib/gcc/arm-none-eabi/8.2.1/../../../../arm-none-eabi/lib/thumb/v7e-m+fp/hard/crt0.o (memset)
/home/the_3d6/devtools/gcc-arm-none-eabi-8-2018-q4-major/bin/../lib/gcc/arm-none-eabi/8.2.1/../../../../arm-none-eabi/lib/thumb/v7e-m+fp/hard/libc_nano.a(lib_a-vsnprintf.o)
                              build/ubase/uart_interface.c.o (vsnprintf)
/home/the_3d6/devtools/gcc-arm-none-eabi-8-2018-q4-major/bin/../lib/gcc/arm-none-eabi/8.2.1/../../../../arm-none-eabi/lib/thumb/v7e-m+fp/hard/libc_nano.a(lib_a-nano-svfprintf.o)
                              /home/the_3d6/devtools/gcc-arm-none-eabi-8-2018-q4-major/bin/../lib/gcc/arm-none-eabi/8.2.1/../../../../arm-none-eabi/lib/thumb/v7e-m+fp/hard/libc_nano.a(lib_a-vsnprintf.o) (_svfprintf_r)
/home/the_3d6/devtools/gcc-arm-none-eabi-8-2018-q4-major/bin/../lib/gcc/arm-none-eabi/8.2.1/../../../../arm-none-eabi/lib/thumb/v7e-m+fp/hard/libc_nano.a(lib_a-nano-vfprintf_i.o)
                              /home/the_3d6/devtools/gcc-arm-none-eabi-8-2018-q4-major/bin/../lib/gcc/arm-none-eabi/8.2.1/../../../../arm-none-eabi/lib/thumb/v7e-m+fp/hard/libc_nano.a(lib_a-nano-svfprintf.o) (_printf_i)
/home/the_3d6/devtools/gcc-arm-none-eabi-8-2018-q4-major/bin/../lib/gcc/arm-none-eabi/8.2.1/../../../../arm-none-eabi/lib/thumb/v7e-m+fp/hard/libc_nano.a(lib_a-memchr.o)
                              /home/the_3d6/devtools/gcc-arm-none-eabi-8-2018-q4-major/bin/../lib/gcc/arm-none-eabi/8.2.1/../../../../arm-none-eabi/lib/thumb/v7e-m+fp/hard/libc_nano.a(lib_a-nano-svfprintf.o) (memchr)
/home/the_3d6/devtools/gcc-arm-none-eabi-8-2018-q4-major/bin/../lib/gcc/arm-none-eabi/8.2.1/../../../../arm-none-eabi/lib/thumb/v7e-m+fp/hard/libc_nano.a(lib_a-memcpy-stub.o)
                              /home/the_3d6/devtools/gcc-arm-none-eabi-8-2018-q4-major/bin/../lib/gcc/arm-none-eabi/8.2.1/../../../../arm-none-eabi/lib/thumb/v7e-m+fp/hard/libc_nano.a(lib_a-nano-svfprintf.o) (memcpy)
/home/the_3d6/devtools/gcc-arm-none-eabi-8-2018-q4-major/bin/../lib/gcc/arm-none-eabi/8.2.1/../../../../arm-none-eabi/lib/thumb/v7e-m+fp/hard/libc_nano.a(lib_a-memmove.o)
                              /home/the_3d6/devtools/gcc-arm-none-eabi-8-2018-q4-major/bin/../lib/gcc/arm-none-eabi/8.2.1/../../../../arm-none-eabi/lib/thumb/v7e-m+fp/hard/libc_nano.a(lib_a-nano-svfprintf.o) (memmove)
/home/the_3d6/devtools/gcc-arm-none-eabi-8-2018-q4-major/bin/../lib/gcc/arm-none-eabi/8.2.1/../../../../arm-none-eabi/lib/thumb/v7e-m+fp/hard/libc_nano.a(lib_a-nano-freer.o)
                              /home/the_3d6/devtools/gcc-arm-none-eabi-8-2018-q4-major/bin/../lib/gcc/arm-none-eabi/8.2.1/../../../../arm-none-eabi/lib/thumb/v7e-m+fp/hard/libc_nano.a(lib_a-nano-svfprintf.o) (_free_r)
/home/the_3d6/devtools/gcc-arm-none-eabi-8-2018-q4-major/bin/../lib/gcc/arm-none-eabi/8.2.1/../../../../arm-none-eabi/lib/thumb/v7e-m+fp/hard/libc_nano.a(lib_a-nano-mallocr.o)
                              /home/the_3d6/devtools/gcc-arm-none-eabi-8-2018-q4-major/bin/../lib/gcc/arm-none-eabi/8.2.1/../../../../arm-none-eabi/lib/thumb/v7e-m+fp/hard/libc_nano.a(lib_a-nano-svfprintf.o) (_malloc_r)
/home/the_3d6/devtools/gcc-arm-none-eabi-8-2018-q4-major/bin/../lib/gcc/arm-none-eabi/8.2.1/../../../../arm-none-eabi/lib/thumb/v7e-m+fp/hard/libc_nano.a(lib_a-nano-reallocr.o)
                              /home/the_3d6/devtools/gcc-arm-none-eabi-8-2018-q4-major/bin/../lib/gcc/arm-none-eabi/8.2.1/../../../../arm-none-eabi/lib/thumb/v7e-m+fp/hard/libc_nano.a(lib_a-nano-svfprintf.o) (_realloc_r)
/home/the_3d6/devtools/gcc-arm-none-eabi-8-2018-q4-major/bin/../lib/gcc/arm-none-eabi/8.2.1/../../../../arm-none-eabi/lib/thumb/v7e-m+fp/hard/libc_nano.a(lib_a-sbrkr.o)
                              /home/the_3d6/devtools/gcc-arm-none-eabi-8-2018-q4-major/bin/../lib/gcc/arm-none-eabi/8.2.1/../../../../arm-none-eabi/lib/thumb/v7e-m+fp/hard/libc_nano.a(lib_a-nano-mallocr.o) (_sbrk_r)
/home/the_3d6/devtools/gcc-arm-none-eabi-8-2018-q4-major/bin/../lib/gcc/arm-none-eabi/8.2.1/../../../../arm-none-eabi/lib/thumb/v7e-m+fp/hard/libc_nano.a(lib_a-mlock.o)
                              /home/the_3d6/devtools/gcc-arm-none-eabi-8-2018-q4-major/bin/../lib/gcc/arm-none-eabi/8.2.1/../../../../arm-none-eabi/lib/thumb/v7e-m+fp/hard/libc_nano.a(lib_a-nano-freer.o) (__malloc_lock)
/home/the_3d6/devtools/gcc-arm-none-eabi-8-2018-q4-major/bin/../lib/gcc/arm-none-eabi/8.2.1/../../../../arm-none-eabi/lib/thumb/v7e-m+fp/hard/libc_nano.a(lib_a-nano-msizer.o)
                              /home/the_3d6/devtools/gcc-arm-none-eabi-8-2018-q4-major/bin/../lib/gcc/arm-none-eabi/8.2.1/../../../../arm-none-eabi/lib/thumb/v7e-m+fp/hard/libc_nano.a(lib_a-nano-reallocr.o) (_malloc_usable_size_r)
/home/the_3d6/devtools/gcc-arm-none-eabi-8-2018-q4-major/bin/../lib/gcc/arm-none-eabi/8.2.1/../../../../arm-none-eabi/lib/thumb/v7e-m+fp/hard/libc_nano.a(lib_a-reent.o)
                              /home/the_3d6/devtools/gcc-arm-none-eabi-8-2018-q4-major/bin/../lib/gcc/arm-none-eabi/8.2.1/../../../../arm-none-eabi/lib/thumb/v7e-m+fp/hard/libc_nano.a(lib_a-sbrkr.o) (errno)
/home/the_3d6/devtools/gcc-arm-none-eabi-8-2018-q4-major/bin/../lib/gcc/arm-none-eabi/8.2.1/../../../../arm-none-eabi/lib/thumb/v7e-m+fp/hard/libc_nano.a(lib_a-lock.o)
                              /home/the_3d6/devtools/gcc-arm-none-eabi-8-2018-q4-major/bin/../lib/gcc/arm-none-eabi/8.2.1/../../../../arm-none-eabi/lib/thumb/v7e-m+fp/hard/libc_nano.a(lib_a-mlock.o) (__retarget_lock_acquire_recursive)
/home/the_3d6/devtools/gcc-arm-none-eabi-8-2018-q4-major/bin/../lib/gcc/arm-none-eabi/8.2.1/../../../../arm-none-eabi/lib/thumb/v7e-m+fp/hard/libnosys.a(sbrk.o)
                              /home/the_3d6/devtools/gcc-arm-none-eabi-8-2018-q4-major/bin/../lib/gcc/arm-none-eabi/8.2.1/../../../../arm-none-eabi/lib/thumb/v7e-m+fp/hard/libc_nano.a(lib_a-sbrkr.o) (_sbrk)
/home/the_3d6/devtools/gcc-arm-none-eabi-8-2018-q4-major/bin/../lib/gcc/arm-none-eabi/8.2.1/../../../../arm-none-eabi/lib/thumb/v7e-m+fp/hard/libnosys.a(_exit.o)
                              /home/the_3d6/devtools/gcc-arm-none-eabi-8-2018-q4-major/bin/../lib/gcc/arm-none-eabi/8.2.1/../../../../arm-none-eabi/lib/thumb/v7e-m+fp/hard/libc_nano.a(lib_a-exit.o) (_exit)

Allocating common symbols
Common symbol       size              file

led_pin_mask        0xc               build/ubase/ultimate_base_main.c.o
__lock___atexit_recursive_mutex
                    0x1               /home/the_3d6/devtools/gcc-arm-none-eabi-8-2018-q4-major/bin/../lib/gcc/arm-none-eabi/8.2.1/../../../../arm-none-eabi/lib/thumb/v7e-m+fp/hard/libc_nano.a(lib_a-lock.o)
__lock___arc4random_mutex
                    0x1               /home/the_3d6/devtools/gcc-arm-none-eabi-8-2018-q4-major/bin/../lib/gcc/arm-none-eabi/8.2.1/../../../../arm-none-eabi/lib/thumb/v7e-m+fp/hard/libc_nano.a(lib_a-lock.o)
led_pins            0x3               build/ubase/ultimate_base_main.c.o
leds_pwm            0x3               build/ubase/leds.c.o
errno               0x4               /home/the_3d6/devtools/gcc-arm-none-eabi-8-2018-q4-major/bin/../lib/gcc/arm-none-eabi/8.2.1/../../../../arm-none-eabi/lib/thumb/v7e-m+fp/hard/libc_nano.a(lib_a-reent.o)
cycle_packet        0x104             build/ubase/ultimate_base_main.c.o
rx_packet_stack_times
                    0x28              build/ubase/fast_radio.c.o
__lock___env_recursive_mutex
                    0x1               /home/the_3d6/devtools/gcc-arm-none-eabi-8-2018-q4-major/bin/../lib/gcc/arm-none-eabi/8.2.1/../../../../arm-none-eabi/lib/thumb/v7e-m+fp/hard/libc_nano.a(lib_a-lock.o)
__lock___sinit_recursive_mutex
                    0x1               /home/the_3d6/devtools/gcc-arm-none-eabi-8-2018-q4-major/bin/../lib/gcc/arm-none-eabi/8.2.1/../../../../arm-none-eabi/lib/thumb/v7e-m+fp/hard/libc_nano.a(lib_a-lock.o)
uart_buf            0x102             build/ubase/uart_interface.c.o
__lock___malloc_recursive_mutex
                    0x1               /home/the_3d6/devtools/gcc-arm-none-eabi-8-2018-q4-major/bin/../lib/gcc/arm-none-eabi/8.2.1/../../../../arm-none-eabi/lib/thumb/v7e-m+fp/hard/libc_nano.a(lib_a-lock.o)
data_packet         0x78              build/ubase/ultimate_base_main.c.o
sync_packet         0x78              build/ubase/ultimate_base_main.c.o
umsg                0x100             build/ubase/uart_interface.c.o
rx_packet_stack     0x172             build/ubase/fast_radio.c.o
tx_packet           0x100             build/ubase/fast_radio.c.o
__lock___at_quick_exit_mutex
                    0x1               /home/the_3d6/devtools/gcc-arm-none-eabi-8-2018-q4-major/bin/../lib/gcc/arm-none-eabi/8.2.1/../../../../arm-none-eabi/lib/thumb/v7e-m+fp/hard/libc_nano.a(lib_a-lock.o)
rx_packet           0x100             build/ubase/fast_radio.c.o
send_buf            0x100             build/ubase/uart_interface.c.o
__lock___dd_hash_mutex
                    0x1               /home/the_3d6/devtools/gcc-arm-none-eabi-8-2018-q4-major/bin/../lib/gcc/arm-none-eabi/8.2.1/../../../../arm-none-eabi/lib/thumb/v7e-m+fp/hard/libc_nano.a(lib_a-lock.o)
__lock___tz_mutex   0x1               /home/the_3d6/devtools/gcc-arm-none-eabi-8-2018-q4-major/bin/../lib/gcc/arm-none-eabi/8.2.1/../../../../arm-none-eabi/lib/thumb/v7e-m+fp/hard/libc_nano.a(lib_a-lock.o)
__lock___sfp_recursive_mutex
                    0x1               /home/the_3d6/devtools/gcc-arm-none-eabi-8-2018-q4-major/bin/../lib/gcc/arm-none-eabi/8.2.1/../../../../arm-none-eabi/lib/thumb/v7e-m+fp/hard/libc_nano.a(lib_a-lock.o)

Discarded input sections

 .text          0x0000000000000000        0x0 /home/the_3d6/devtools/gcc-arm-none-eabi-8-2018-q4-major/bin/../lib/gcc/arm-none-eabi/8.2.1/thumb/v7e-m+fp/hard/crti.o
 .data          0x0000000000000000        0x0 /home/the_3d6/devtools/gcc-arm-none-eabi-8-2018-q4-major/bin/../lib/gcc/arm-none-eabi/8.2.1/thumb/v7e-m+fp/hard/crti.o
 .bss           0x0000000000000000        0x0 /home/the_3d6/devtools/gcc-arm-none-eabi-8-2018-q4-major/bin/../lib/gcc/arm-none-eabi/8.2.1/thumb/v7e-m+fp/hard/crti.o
 .data          0x0000000000000000        0x4 /home/the_3d6/devtools/gcc-arm-none-eabi-8-2018-q4-major/bin/../lib/gcc/arm-none-eabi/8.2.1/thumb/v7e-m+fp/hard/crtbegin.o
 .data          0x0000000000000000        0x0 /home/the_3d6/devtools/gcc-arm-none-eabi-8-2018-q4-major/bin/../lib/gcc/arm-none-eabi/8.2.1/../../../../arm-none-eabi/lib/thumb/v7e-m+fp/hard/crt0.o
 .bss           0x0000000000000000        0x0 /home/the_3d6/devtools/gcc-arm-none-eabi-8-2018-q4-major/bin/../lib/gcc/arm-none-eabi/8.2.1/../../../../arm-none-eabi/lib/thumb/v7e-m+fp/hard/crt0.o
 .ARM.extab     0x0000000000000000        0x0 /home/the_3d6/devtools/gcc-arm-none-eabi-8-2018-q4-major/bin/../lib/gcc/arm-none-eabi/8.2.1/../../../../arm-none-eabi/lib/thumb/v7e-m+fp/hard/crt0.o
 .text          0x0000000000000000        0x0 build/ubase/ultimate_base_main.c.o
 .data          0x0000000000000000        0x0 build/ubase/ultimate_base_main.c.o
 .bss           0x0000000000000000        0x0 build/ubase/ultimate_base_main.c.o
 .text.fast_clock_start
                0x0000000000000000       0x1c build/ubase/ultimate_base_main.c.o
 .text.slow_clock_start
                0x0000000000000000       0x1c build/ubase/ultimate_base_main.c.o
 .text.fast_clock_stop
                0x0000000000000000       0x20 build/ubase/ultimate_base_main.c.o
 .bss.cycle_id  0x0000000000000000        0x2 build/ubase/ultimate_base_main.c.o
 .data.pin_led1
                0x0000000000000000        0x1 build/ubase/ultimate_base_main.c.o
 .data.pin_led2
                0x0000000000000000        0x1 build/ubase/ultimate_base_main.c.o
 .data.pin_led3
                0x0000000000000000        0x1 build/ubase/ultimate_base_main.c.o
 .data.sync_packet_len
                0x0000000000000000        0x4 build/ubase/ultimate_base_main.c.o
 .text          0x0000000000000000        0x0 build/ubase/leds.c.o
 .data          0x0000000000000000        0x0 build/ubase/leds.c.o
 .bss           0x0000000000000000        0x0 build/ubase/leds.c.o
 .text.leds_start_pwm_timer
                0x0000000000000000       0x40 build/ubase/leds.c.o
 .text.leds_pause_pwm
                0x0000000000000000       0x10 build/ubase/leds.c.o
 .text.leds_resume_pwm
                0x0000000000000000       0x10 build/ubase/leds.c.o
 .text.leds_stop_pwm_timer
                0x0000000000000000        0xc build/ubase/leds.c.o
 .text.leds_powerup_pwm_timer
                0x0000000000000000        0xc build/ubase/leds.c.o
 .text          0x0000000000000000        0x0 build/ubase/fast_radio.c.o
 .data          0x0000000000000000        0x0 build/ubase/fast_radio.c.o
 .bss           0x0000000000000000        0x0 build/ubase/fast_radio.c.o
 .text.fr_mode_rx_only
                0x0000000000000000       0x88 build/ubase/fast_radio.c.o
 .text.fr_mode_tx_then_rx
                0x0000000000000000       0x8c build/ubase/fast_radio.c.o
 .text.fr_send  0x0000000000000000       0xf4 build/ubase/fast_radio.c.o
 .text.push_rx_pack
                0x0000000000000000       0x9c build/ubase/fast_radio.c.o
 .data.rx_pack_stack_len
                0x0000000000000000        0x4 build/ubase/fast_radio.c.o
 .text          0x0000000000000000        0x0 build/ubase/timer_core.c.o
 .data          0x0000000000000000        0x0 build/ubase/timer_core.c.o
 .bss           0x0000000000000000        0x0 build/ubase/timer_core.c.o
 .text.pause_time
                0x0000000000000000       0x1c build/ubase/timer_core.c.o
 .text.resume_time
                0x0000000000000000       0x18 build/ubase/timer_core.c.o
 .text.stop_time
                0x0000000000000000       0x18 build/ubase/timer_core.c.o
 .text.seconds  0x0000000000000000        0xc build/ubase/timer_core.c.o
 .text.schedule_event
                0x0000000000000000       0x4c build/ubase/timer_core.c.o
 .bss.phase     0x0000000000000000        0x1 build/ubase/timer_core.c.o
 .text          0x0000000000000000        0x0 build/ubase/uart_interface.c.o
 .data          0x0000000000000000        0x0 build/ubase/uart_interface.c.o
 .bss           0x0000000000000000        0x0 build/ubase/uart_interface.c.o
 .text.uprintf  0x0000000000000000       0xac build/ubase/uart_interface.c.o
 .data          0x0000000000000000        0x0 build/ubase/gcc_startup_nrf52.S.o
 .bss           0x0000000000000000        0x0 build/ubase/gcc_startup_nrf52.S.o
 .text          0x0000000000000000        0x0 build/ubase/system_nrf52.c.o
 .data          0x0000000000000000        0x0 build/ubase/system_nrf52.c.o
 .bss           0x0000000000000000        0x0 build/ubase/system_nrf52.c.o
 .text.SystemCoreClockUpdate
                0x0000000000000000       0x10 build/ubase/system_nrf52.c.o
 .text          0x0000000000000000        0x0 build/ubase/boards.c.o
 .data          0x0000000000000000        0x0 build/ubase/boards.c.o
 .bss           0x0000000000000000        0x0 build/ubase/boards.c.o
 .text.bsp_board_led_state_get
                0x0000000000000000       0x1c build/ubase/boards.c.o
 .text.bsp_board_led_on
                0x0000000000000000       0x18 build/ubase/boards.c.o
 .text.bsp_board_led_off
                0x0000000000000000       0x18 build/ubase/boards.c.o
 .text.bsp_board_leds_off
                0x0000000000000000       0x2c build/ubase/boards.c.o
 .text.bsp_board_leds_on
                0x0000000000000000       0x2c build/ubase/boards.c.o
 .text.bsp_board_led_invert
                0x0000000000000000       0x24 build/ubase/boards.c.o
 .text.bsp_board_leds_init
                0x0000000000000000       0x3c build/ubase/boards.c.o
 .text.bsp_board_led_idx_to_pin
                0x0000000000000000        0xc build/ubase/boards.c.o
 .text.bsp_board_pin_to_led_idx
                0x0000000000000000       0x24 build/ubase/boards.c.o
 .text.bsp_board_button_state_get
                0x0000000000000000       0x1c build/ubase/boards.c.o
 .text.bsp_board_buttons_init
                0x0000000000000000       0x18 build/ubase/boards.c.o
 .text.bsp_board_pin_to_button_idx
                0x0000000000000000       0x24 build/ubase/boards.c.o
 .text.bsp_board_button_idx_to_pin
                0x0000000000000000        0xc build/ubase/boards.c.o
 .rodata.m_board_btn_list
                0x0000000000000000        0x4 build/ubase/boards.c.o
 .rodata.m_board_led_list
                0x0000000000000000        0x4 build/ubase/boards.c.o
 .comment       0x0000000000000000       0x76 build/ubase/boards.c.o
 .ARM.attributes
                0x0000000000000000       0x34 build/ubase/boards.c.o
 .text          0x0000000000000000        0x0 build/ubase/app_error.c.o
 .data          0x0000000000000000        0x0 build/ubase/app_error.c.o
 .bss           0x0000000000000000        0x0 build/ubase/app_error.c.o
 .text.app_error_handler
                0x0000000000000000       0x20 build/ubase/app_error.c.o
 .text.app_error_handler_bare
                0x0000000000000000       0x20 build/ubase/app_error.c.o
 .text.app_error_save_and_stop
                0x0000000000000000       0x60 build/ubase/app_error.c.o
 .bss.m_error_data.7845
                0x0000000000000000       0x20 build/ubase/app_error.c.o
 .comment       0x0000000000000000       0x76 build/ubase/app_error.c.o
 .ARM.attributes
                0x0000000000000000       0x34 build/ubase/app_error.c.o
 .text          0x0000000000000000        0x0 build/ubase/app_error_weak.c.o
 .data          0x0000000000000000        0x0 build/ubase/app_error_weak.c.o
 .bss           0x0000000000000000        0x0 build/ubase/app_error_weak.c.o
 .text.app_error_fault_handler
                0x0000000000000000       0x30 build/ubase/app_error_weak.c.o
 .comment       0x0000000000000000       0x76 build/ubase/app_error_weak.c.o
 .ARM.attributes
                0x0000000000000000       0x34 build/ubase/app_error_weak.c.o
 .text          0x0000000000000000        0x0 build/ubase/app_util_platform.c.o
 .data          0x0000000000000000        0x0 build/ubase/app_util_platform.c.o
 .bss           0x0000000000000000        0x0 build/ubase/app_util_platform.c.o
 .text.app_util_disable_irq
                0x0000000000000000       0x10 build/ubase/app_util_platform.c.o
 .text.app_util_enable_irq
                0x0000000000000000       0x14 build/ubase/app_util_platform.c.o
 .text.app_util_critical_region_enter
                0x0000000000000000       0x10 build/ubase/app_util_platform.c.o
 .text.app_util_critical_region_exit
                0x0000000000000000       0x14 build/ubase/app_util_platform.c.o
 .text.privilege_level_get
                0x0000000000000000       0x1c build/ubase/app_util_platform.c.o
 .text.current_int_priority_get
                0x0000000000000000       0x38 build/ubase/app_util_platform.c.o
 .bss.m_in_critical_region
                0x0000000000000000        0x4 build/ubase/app_util_platform.c.o
 .comment       0x0000000000000000       0x76 build/ubase/app_util_platform.c.o
 .ARM.attributes
                0x0000000000000000       0x34 build/ubase/app_util_platform.c.o
 .text          0x0000000000000000        0x0 build/ubase/nrf_assert.c.o
 .data          0x0000000000000000        0x0 build/ubase/nrf_assert.c.o
 .bss           0x0000000000000000        0x0 build/ubase/nrf_assert.c.o
 .text.assert_nrf_callback
                0x0000000000000000       0x1c build/ubase/nrf_assert.c.o
 .comment       0x0000000000000000       0x76 build/ubase/nrf_assert.c.o
 .ARM.attributes
                0x0000000000000000       0x34 build/ubase/nrf_assert.c.o
 .text          0x0000000000000000        0x0 build/ubase/nrf_strerror.c.o
 .data          0x0000000000000000        0x0 build/ubase/nrf_strerror.c.o
 .bss           0x0000000000000000        0x0 build/ubase/nrf_strerror.c.o
 .text.nrf_strerror_get
                0x0000000000000000       0x88 build/ubase/nrf_strerror.c.o
 .text.nrf_strerror_find
                0x0000000000000000       0x78 build/ubase/nrf_strerror.c.o
 .rodata.m_unknown_str
                0x0000000000000000       0x13 build/ubase/nrf_strerror.c.o
 .rodata.nrf_strerror_array
                0x0000000000000000       0xf0 build/ubase/nrf_strerror.c.o
 .rodata.str1.4
                0x0000000000000000      0x308 build/ubase/nrf_strerror.c.o
 .comment       0x0000000000000000       0x76 build/ubase/nrf_strerror.c.o
 .ARM.attributes
                0x0000000000000000       0x34 build/ubase/nrf_strerror.c.o
 .text          0x0000000000000000        0x0 /home/the_3d6/devtools/gcc-arm-none-eabi-8-2018-q4-major/bin/../lib/gcc/arm-none-eabi/8.2.1/../../../../arm-none-eabi/lib/thumb/v7e-m+fp/hard/libc_nano.a(lib_a-exit.o)
 .data          0x0000000000000000        0x0 /home/the_3d6/devtools/gcc-arm-none-eabi-8-2018-q4-major/bin/../lib/gcc/arm-none-eabi/8.2.1/../../../../arm-none-eabi/lib/thumb/v7e-m+fp/hard/libc_nano.a(lib_a-exit.o)
 .bss           0x0000000000000000        0x0 /home/the_3d6/devtools/gcc-arm-none-eabi-8-2018-q4-major/bin/../lib/gcc/arm-none-eabi/8.2.1/../../../../arm-none-eabi/lib/thumb/v7e-m+fp/hard/libc_nano.a(lib_a-exit.o)
 .text          0x0000000000000000        0x0 /home/the_3d6/devtools/gcc-arm-none-eabi-8-2018-q4-major/bin/../lib/gcc/arm-none-eabi/8.2.1/../../../../arm-none-eabi/lib/thumb/v7e-m+fp/hard/libc_nano.a(lib_a-impure.o)
 .data          0x0000000000000000        0x0 /home/the_3d6/devtools/gcc-arm-none-eabi-8-2018-q4-major/bin/../lib/gcc/arm-none-eabi/8.2.1/../../../../arm-none-eabi/lib/thumb/v7e-m+fp/hard/libc_nano.a(lib_a-impure.o)
 .bss           0x0000000000000000        0x0 /home/the_3d6/devtools/gcc-arm-none-eabi-8-2018-q4-major/bin/../lib/gcc/arm-none-eabi/8.2.1/../../../../arm-none-eabi/lib/thumb/v7e-m+fp/hard/libc_nano.a(lib_a-impure.o)
 .data._impure_ptr
                0x0000000000000000        0x4 /home/the_3d6/devtools/gcc-arm-none-eabi-8-2018-q4-major/bin/../lib/gcc/arm-none-eabi/8.2.1/../../../../arm-none-eabi/lib/thumb/v7e-m+fp/hard/libc_nano.a(lib_a-impure.o)
 .text          0x0000000000000000        0x0 /home/the_3d6/devtools/gcc-arm-none-eabi-8-2018-q4-major/bin/../lib/gcc/arm-none-eabi/8.2.1/../../../../arm-none-eabi/lib/thumb/v7e-m+fp/hard/libc_nano.a(lib_a-init.o)
 .data          0x0000000000000000        0x0 /home/the_3d6/devtools/gcc-arm-none-eabi-8-2018-q4-major/bin/../lib/gcc/arm-none-eabi/8.2.1/../../../../arm-none-eabi/lib/thumb/v7e-m+fp/hard/libc_nano.a(lib_a-init.o)
 .bss           0x0000000000000000        0x0 /home/the_3d6/devtools/gcc-arm-none-eabi-8-2018-q4-major/bin/../lib/gcc/arm-none-eabi/8.2.1/../../../../arm-none-eabi/lib/thumb/v7e-m+fp/hard/libc_nano.a(lib_a-init.o)
 .text          0x0000000000000000        0x0 /home/the_3d6/devtools/gcc-arm-none-eabi-8-2018-q4-major/bin/../lib/gcc/arm-none-eabi/8.2.1/../../../../arm-none-eabi/lib/thumb/v7e-m+fp/hard/libc_nano.a(lib_a-memset.o)
 .data          0x0000000000000000        0x0 /home/the_3d6/devtools/gcc-arm-none-eabi-8-2018-q4-major/bin/../lib/gcc/arm-none-eabi/8.2.1/../../../../arm-none-eabi/lib/thumb/v7e-m+fp/hard/libc_nano.a(lib_a-memset.o)
 .bss           0x0000000000000000        0x0 /home/the_3d6/devtools/gcc-arm-none-eabi-8-2018-q4-major/bin/../lib/gcc/arm-none-eabi/8.2.1/../../../../arm-none-eabi/lib/thumb/v7e-m+fp/hard/libc_nano.a(lib_a-memset.o)
 .text          0x0000000000000000        0x0 /home/the_3d6/devtools/gcc-arm-none-eabi-8-2018-q4-major/bin/../lib/gcc/arm-none-eabi/8.2.1/../../../../arm-none-eabi/lib/thumb/v7e-m+fp/hard/libc_nano.a(lib_a-vsnprintf.o)
 .data          0x0000000000000000        0x0 /home/the_3d6/devtools/gcc-arm-none-eabi-8-2018-q4-major/bin/../lib/gcc/arm-none-eabi/8.2.1/../../../../arm-none-eabi/lib/thumb/v7e-m+fp/hard/libc_nano.a(lib_a-vsnprintf.o)
 .bss           0x0000000000000000        0x0 /home/the_3d6/devtools/gcc-arm-none-eabi-8-2018-q4-major/bin/../lib/gcc/arm-none-eabi/8.2.1/../../../../arm-none-eabi/lib/thumb/v7e-m+fp/hard/libc_nano.a(lib_a-vsnprintf.o)
 .text._vsnprintf_r
                0x0000000000000000       0x58 /home/the_3d6/devtools/gcc-arm-none-eabi-8-2018-q4-major/bin/../lib/gcc/arm-none-eabi/8.2.1/../../../../arm-none-eabi/lib/thumb/v7e-m+fp/hard/libc_nano.a(lib_a-vsnprintf.o)
 .text.vsnprintf
                0x0000000000000000       0x1c /home/the_3d6/devtools/gcc-arm-none-eabi-8-2018-q4-major/bin/../lib/gcc/arm-none-eabi/8.2.1/../../../../arm-none-eabi/lib/thumb/v7e-m+fp/hard/libc_nano.a(lib_a-vsnprintf.o)
 .debug_frame   0x0000000000000000       0x4c /home/the_3d6/devtools/gcc-arm-none-eabi-8-2018-q4-major/bin/../lib/gcc/arm-none-eabi/8.2.1/../../../../arm-none-eabi/lib/thumb/v7e-m+fp/hard/libc_nano.a(lib_a-vsnprintf.o)
 .ARM.attributes
                0x0000000000000000       0x34 /home/the_3d6/devtools/gcc-arm-none-eabi-8-2018-q4-major/bin/../lib/gcc/arm-none-eabi/8.2.1/../../../../arm-none-eabi/lib/thumb/v7e-m+fp/hard/libc_nano.a(lib_a-vsnprintf.o)
 .text          0x0000000000000000        0x0 /home/the_3d6/devtools/gcc-arm-none-eabi-8-2018-q4-major/bin/../lib/gcc/arm-none-eabi/8.2.1/../../../../arm-none-eabi/lib/thumb/v7e-m+fp/hard/libc_nano.a(lib_a-nano-svfprintf.o)
 .data          0x0000000000000000        0x0 /home/the_3d6/devtools/gcc-arm-none-eabi-8-2018-q4-major/bin/../lib/gcc/arm-none-eabi/8.2.1/../../../../arm-none-eabi/lib/thumb/v7e-m+fp/hard/libc_nano.a(lib_a-nano-svfprintf.o)
 .bss           0x0000000000000000        0x0 /home/the_3d6/devtools/gcc-arm-none-eabi-8-2018-q4-major/bin/../lib/gcc/arm-none-eabi/8.2.1/../../../../arm-none-eabi/lib/thumb/v7e-m+fp/hard/libc_nano.a(lib_a-nano-svfprintf.o)
 .text.__ssputs_r
                0x0000000000000000       0xb6 /home/the_3d6/devtools/gcc-arm-none-eabi-8-2018-q4-major/bin/../lib/gcc/arm-none-eabi/8.2.1/../../../../arm-none-eabi/lib/thumb/v7e-m+fp/hard/libc_nano.a(lib_a-nano-svfprintf.o)
 .text.__ssprint_r
                0x0000000000000000       0xf0 /home/the_3d6/devtools/gcc-arm-none-eabi-8-2018-q4-major/bin/../lib/gcc/arm-none-eabi/8.2.1/../../../../arm-none-eabi/lib/thumb/v7e-m+fp/hard/libc_nano.a(lib_a-nano-svfprintf.o)
 .text._svfprintf_r
                0x0000000000000000      0x1f0 /home/the_3d6/devtools/gcc-arm-none-eabi-8-2018-q4-major/bin/../lib/gcc/arm-none-eabi/8.2.1/../../../../arm-none-eabi/lib/thumb/v7e-m+fp/hard/libc_nano.a(lib_a-nano-svfprintf.o)
 .rodata._svfprintf_r.str1.1
                0x0000000000000000       0x11 /home/the_3d6/devtools/gcc-arm-none-eabi-8-2018-q4-major/bin/../lib/gcc/arm-none-eabi/8.2.1/../../../../arm-none-eabi/lib/thumb/v7e-m+fp/hard/libc_nano.a(lib_a-nano-svfprintf.o)
 .debug_frame   0x0000000000000000       0x90 /home/the_3d6/devtools/gcc-arm-none-eabi-8-2018-q4-major/bin/../lib/gcc/arm-none-eabi/8.2.1/../../../../arm-none-eabi/lib/thumb/v7e-m+fp/hard/libc_nano.a(lib_a-nano-svfprintf.o)
 .ARM.attributes
                0x0000000000000000       0x34 /home/the_3d6/devtools/gcc-arm-none-eabi-8-2018-q4-major/bin/../lib/gcc/arm-none-eabi/8.2.1/../../../../arm-none-eabi/lib/thumb/v7e-m+fp/hard/libc_nano.a(lib_a-nano-svfprintf.o)
 .text          0x0000000000000000        0x0 /home/the_3d6/devtools/gcc-arm-none-eabi-8-2018-q4-major/bin/../lib/gcc/arm-none-eabi/8.2.1/../../../../arm-none-eabi/lib/thumb/v7e-m+fp/hard/libc_nano.a(lib_a-nano-vfprintf_i.o)
 .data          0x0000000000000000        0x0 /home/the_3d6/devtools/gcc-arm-none-eabi-8-2018-q4-major/bin/../lib/gcc/arm-none-eabi/8.2.1/../../../../arm-none-eabi/lib/thumb/v7e-m+fp/hard/libc_nano.a(lib_a-nano-vfprintf_i.o)
 .bss           0x0000000000000000        0x0 /home/the_3d6/devtools/gcc-arm-none-eabi-8-2018-q4-major/bin/../lib/gcc/arm-none-eabi/8.2.1/../../../../arm-none-eabi/lib/thumb/v7e-m+fp/hard/libc_nano.a(lib_a-nano-vfprintf_i.o)
 .text._printf_common
                0x0000000000000000       0xea /home/the_3d6/devtools/gcc-arm-none-eabi-8-2018-q4-major/bin/../lib/gcc/arm-none-eabi/8.2.1/../../../../arm-none-eabi/lib/thumb/v7e-m+fp/hard/libc_nano.a(lib_a-nano-vfprintf_i.o)
 .text._printf_i
                0x0000000000000000      0x228 /home/the_3d6/devtools/gcc-arm-none-eabi-8-2018-q4-major/bin/../lib/gcc/arm-none-eabi/8.2.1/../../../../arm-none-eabi/lib/thumb/v7e-m+fp/hard/libc_nano.a(lib_a-nano-vfprintf_i.o)
 .rodata._printf_i.str1.1
                0x0000000000000000       0x22 /home/the_3d6/devtools/gcc-arm-none-eabi-8-2018-q4-major/bin/../lib/gcc/arm-none-eabi/8.2.1/../../../../arm-none-eabi/lib/thumb/v7e-m+fp/hard/libc_nano.a(lib_a-nano-vfprintf_i.o)
 .debug_frame   0x0000000000000000       0x60 /home/the_3d6/devtools/gcc-arm-none-eabi-8-2018-q4-major/bin/../lib/gcc/arm-none-eabi/8.2.1/../../../../arm-none-eabi/lib/thumb/v7e-m+fp/hard/libc_nano.a(lib_a-nano-vfprintf_i.o)
 .ARM.attributes
                0x0000000000000000       0x34 /home/the_3d6/devtools/gcc-arm-none-eabi-8-2018-q4-major/bin/../lib/gcc/arm-none-eabi/8.2.1/../../../../arm-none-eabi/lib/thumb/v7e-m+fp/hard/libc_nano.a(lib_a-nano-vfprintf_i.o)
 .text          0x0000000000000000       0xa0 /home/the_3d6/devtools/gcc-arm-none-eabi-8-2018-q4-major/bin/../lib/gcc/arm-none-eabi/8.2.1/../../../../arm-none-eabi/lib/thumb/v7e-m+fp/hard/libc_nano.a(lib_a-memchr.o)
 .data          0x0000000000000000        0x0 /home/the_3d6/devtools/gcc-arm-none-eabi-8-2018-q4-major/bin/../lib/gcc/arm-none-eabi/8.2.1/../../../../arm-none-eabi/lib/thumb/v7e-m+fp/hard/libc_nano.a(lib_a-memchr.o)
 .bss           0x0000000000000000        0x0 /home/the_3d6/devtools/gcc-arm-none-eabi-8-2018-q4-major/bin/../lib/gcc/arm-none-eabi/8.2.1/../../../../arm-none-eabi/lib/thumb/v7e-m+fp/hard/libc_nano.a(lib_a-memchr.o)
 .ARM.attributes
                0x0000000000000000       0x1c /home/the_3d6/devtools/gcc-arm-none-eabi-8-2018-q4-major/bin/../lib/gcc/arm-none-eabi/8.2.1/../../../../arm-none-eabi/lib/thumb/v7e-m+fp/hard/libc_nano.a(lib_a-memchr.o)
 .text          0x0000000000000000        0x0 /home/the_3d6/devtools/gcc-arm-none-eabi-8-2018-q4-major/bin/../lib/gcc/arm-none-eabi/8.2.1/../../../../arm-none-eabi/lib/thumb/v7e-m+fp/hard/libc_nano.a(lib_a-memcpy-stub.o)
 .data          0x0000000000000000        0x0 /home/the_3d6/devtools/gcc-arm-none-eabi-8-2018-q4-major/bin/../lib/gcc/arm-none-eabi/8.2.1/../../../../arm-none-eabi/lib/thumb/v7e-m+fp/hard/libc_nano.a(lib_a-memcpy-stub.o)
 .bss           0x0000000000000000        0x0 /home/the_3d6/devtools/gcc-arm-none-eabi-8-2018-q4-major/bin/../lib/gcc/arm-none-eabi/8.2.1/../../../../arm-none-eabi/lib/thumb/v7e-m+fp/hard/libc_nano.a(lib_a-memcpy-stub.o)
 .text.memcpy   0x0000000000000000       0x1c /home/the_3d6/devtools/gcc-arm-none-eabi-8-2018-q4-major/bin/../lib/gcc/arm-none-eabi/8.2.1/../../../../arm-none-eabi/lib/thumb/v7e-m+fp/hard/libc_nano.a(lib_a-memcpy-stub.o)
 .debug_frame   0x0000000000000000       0x28 /home/the_3d6/devtools/gcc-arm-none-eabi-8-2018-q4-major/bin/../lib/gcc/arm-none-eabi/8.2.1/../../../../arm-none-eabi/lib/thumb/v7e-m+fp/hard/libc_nano.a(lib_a-memcpy-stub.o)
 .ARM.attributes
                0x0000000000000000       0x34 /home/the_3d6/devtools/gcc-arm-none-eabi-8-2018-q4-major/bin/../lib/gcc/arm-none-eabi/8.2.1/../../../../arm-none-eabi/lib/thumb/v7e-m+fp/hard/libc_nano.a(lib_a-memcpy-stub.o)
 .text          0x0000000000000000        0x0 /home/the_3d6/devtools/gcc-arm-none-eabi-8-2018-q4-major/bin/../lib/gcc/arm-none-eabi/8.2.1/../../../../arm-none-eabi/lib/thumb/v7e-m+fp/hard/libc_nano.a(lib_a-memmove.o)
 .data          0x0000000000000000        0x0 /home/the_3d6/devtools/gcc-arm-none-eabi-8-2018-q4-major/bin/../lib/gcc/arm-none-eabi/8.2.1/../../../../arm-none-eabi/lib/thumb/v7e-m+fp/hard/libc_nano.a(lib_a-memmove.o)
 .bss           0x0000000000000000        0x0 /home/the_3d6/devtools/gcc-arm-none-eabi-8-2018-q4-major/bin/../lib/gcc/arm-none-eabi/8.2.1/../../../../arm-none-eabi/lib/thumb/v7e-m+fp/hard/libc_nano.a(lib_a-memmove.o)
 .text.memmove  0x0000000000000000       0x34 /home/the_3d6/devtools/gcc-arm-none-eabi-8-2018-q4-major/bin/../lib/gcc/arm-none-eabi/8.2.1/../../../../arm-none-eabi/lib/thumb/v7e-m+fp/hard/libc_nano.a(lib_a-memmove.o)
 .debug_frame   0x0000000000000000       0x28 /home/the_3d6/devtools/gcc-arm-none-eabi-8-2018-q4-major/bin/../lib/gcc/arm-none-eabi/8.2.1/../../../../arm-none-eabi/lib/thumb/v7e-m+fp/hard/libc_nano.a(lib_a-memmove.o)
 .ARM.attributes
                0x0000000000000000       0x34 /home/the_3d6/devtools/gcc-arm-none-eabi-8-2018-q4-major/bin/../lib/gcc/arm-none-eabi/8.2.1/../../../../arm-none-eabi/lib/thumb/v7e-m+fp/hard/libc_nano.a(lib_a-memmove.o)
 .text          0x0000000000000000        0x0 /home/the_3d6/devtools/gcc-arm-none-eabi-8-2018-q4-major/bin/../lib/gcc/arm-none-eabi/8.2.1/../../../../arm-none-eabi/lib/thumb/v7e-m+fp/hard/libc_nano.a(lib_a-nano-freer.o)
 .data          0x0000000000000000        0x0 /home/the_3d6/devtools/gcc-arm-none-eabi-8-2018-q4-major/bin/../lib/gcc/arm-none-eabi/8.2.1/../../../../arm-none-eabi/lib/thumb/v7e-m+fp/hard/libc_nano.a(lib_a-nano-freer.o)
 .bss           0x0000000000000000        0x0 /home/the_3d6/devtools/gcc-arm-none-eabi-8-2018-q4-major/bin/../lib/gcc/arm-none-eabi/8.2.1/../../../../arm-none-eabi/lib/thumb/v7e-m+fp/hard/libc_nano.a(lib_a-nano-freer.o)
 .text._free_r  0x0000000000000000       0x9c /home/the_3d6/devtools/gcc-arm-none-eabi-8-2018-q4-major/bin/../lib/gcc/arm-none-eabi/8.2.1/../../../../arm-none-eabi/lib/thumb/v7e-m+fp/hard/libc_nano.a(lib_a-nano-freer.o)
 .debug_frame   0x0000000000000000       0x38 /home/the_3d6/devtools/gcc-arm-none-eabi-8-2018-q4-major/bin/../lib/gcc/arm-none-eabi/8.2.1/../../../../arm-none-eabi/lib/thumb/v7e-m+fp/hard/libc_nano.a(lib_a-nano-freer.o)
 .ARM.attributes
                0x0000000000000000       0x34 /home/the_3d6/devtools/gcc-arm-none-eabi-8-2018-q4-major/bin/../lib/gcc/arm-none-eabi/8.2.1/../../../../arm-none-eabi/lib/thumb/v7e-m+fp/hard/libc_nano.a(lib_a-nano-freer.o)
 .text          0x0000000000000000        0x0 /home/the_3d6/devtools/gcc-arm-none-eabi-8-2018-q4-major/bin/../lib/gcc/arm-none-eabi/8.2.1/../../../../arm-none-eabi/lib/thumb/v7e-m+fp/hard/libc_nano.a(lib_a-nano-mallocr.o)
 .data          0x0000000000000000        0x0 /home/the_3d6/devtools/gcc-arm-none-eabi-8-2018-q4-major/bin/../lib/gcc/arm-none-eabi/8.2.1/../../../../arm-none-eabi/lib/thumb/v7e-m+fp/hard/libc_nano.a(lib_a-nano-mallocr.o)
 .bss           0x0000000000000000        0x0 /home/the_3d6/devtools/gcc-arm-none-eabi-8-2018-q4-major/bin/../lib/gcc/arm-none-eabi/8.2.1/../../../../arm-none-eabi/lib/thumb/v7e-m+fp/hard/libc_nano.a(lib_a-nano-mallocr.o)
 .text._malloc_r
                0x0000000000000000       0xb4 /home/the_3d6/devtools/gcc-arm-none-eabi-8-2018-q4-major/bin/../lib/gcc/arm-none-eabi/8.2.1/../../../../arm-none-eabi/lib/thumb/v7e-m+fp/hard/libc_nano.a(lib_a-nano-mallocr.o)
 .bss.__malloc_free_list
                0x0000000000000000        0x4 /home/the_3d6/devtools/gcc-arm-none-eabi-8-2018-q4-major/bin/../lib/gcc/arm-none-eabi/8.2.1/../../../../arm-none-eabi/lib/thumb/v7e-m+fp/hard/libc_nano.a(lib_a-nano-mallocr.o)
 .bss.__malloc_sbrk_start
                0x0000000000000000        0x4 /home/the_3d6/devtools/gcc-arm-none-eabi-8-2018-q4-major/bin/../lib/gcc/arm-none-eabi/8.2.1/../../../../arm-none-eabi/lib/thumb/v7e-m+fp/hard/libc_nano.a(lib_a-nano-mallocr.o)
 .debug_frame   0x0000000000000000       0x30 /home/the_3d6/devtools/gcc-arm-none-eabi-8-2018-q4-major/bin/../lib/gcc/arm-none-eabi/8.2.1/../../../../arm-none-eabi/lib/thumb/v7e-m+fp/hard/libc_nano.a(lib_a-nano-mallocr.o)
 .ARM.attributes
                0x0000000000000000       0x34 /home/the_3d6/devtools/gcc-arm-none-eabi-8-2018-q4-major/bin/../lib/gcc/arm-none-eabi/8.2.1/../../../../arm-none-eabi/lib/thumb/v7e-m+fp/hard/libc_nano.a(lib_a-nano-mallocr.o)
 .text          0x0000000000000000        0x0 /home/the_3d6/devtools/gcc-arm-none-eabi-8-2018-q4-major/bin/../lib/gcc/arm-none-eabi/8.2.1/../../../../arm-none-eabi/lib/thumb/v7e-m+fp/hard/libc_nano.a(lib_a-nano-reallocr.o)
 .data          0x0000000000000000        0x0 /home/the_3d6/devtools/gcc-arm-none-eabi-8-2018-q4-major/bin/../lib/gcc/arm-none-eabi/8.2.1/../../../../arm-none-eabi/lib/thumb/v7e-m+fp/hard/libc_nano.a(lib_a-nano-reallocr.o)
 .bss           0x0000000000000000        0x0 /home/the_3d6/devtools/gcc-arm-none-eabi-8-2018-q4-major/bin/../lib/gcc/arm-none-eabi/8.2.1/../../../../arm-none-eabi/lib/thumb/v7e-m+fp/hard/libc_nano.a(lib_a-nano-reallocr.o)
 .text._realloc_r
                0x0000000000000000       0x4c /home/the_3d6/devtools/gcc-arm-none-eabi-8-2018-q4-major/bin/../lib/gcc/arm-none-eabi/8.2.1/../../../../arm-none-eabi/lib/thumb/v7e-m+fp/hard/libc_nano.a(lib_a-nano-reallocr.o)
 .debug_frame   0x0000000000000000       0x3c /home/the_3d6/devtools/gcc-arm-none-eabi-8-2018-q4-major/bin/../lib/gcc/arm-none-eabi/8.2.1/../../../../arm-none-eabi/lib/thumb/v7e-m+fp/hard/libc_nano.a(lib_a-nano-reallocr.o)
 .ARM.attributes
                0x0000000000000000       0x34 /home/the_3d6/devtools/gcc-arm-none-eabi-8-2018-q4-major/bin/../lib/gcc/arm-none-eabi/8.2.1/../../../../arm-none-eabi/lib/thumb/v7e-m+fp/hard/libc_nano.a(lib_a-nano-reallocr.o)
 .text          0x0000000000000000        0x0 /home/the_3d6/devtools/gcc-arm-none-eabi-8-2018-q4-major/bin/../lib/gcc/arm-none-eabi/8.2.1/../../../../arm-none-eabi/lib/thumb/v7e-m+fp/hard/libc_nano.a(lib_a-sbrkr.o)
 .data          0x0000000000000000        0x0 /home/the_3d6/devtools/gcc-arm-none-eabi-8-2018-q4-major/bin/../lib/gcc/arm-none-eabi/8.2.1/../../../../arm-none-eabi/lib/thumb/v7e-m+fp/hard/libc_nano.a(lib_a-sbrkr.o)
 .bss           0x0000000000000000        0x0 /home/the_3d6/devtools/gcc-arm-none-eabi-8-2018-q4-major/bin/../lib/gcc/arm-none-eabi/8.2.1/../../../../arm-none-eabi/lib/thumb/v7e-m+fp/hard/libc_nano.a(lib_a-sbrkr.o)
 .text._sbrk_r  0x0000000000000000       0x20 /home/the_3d6/devtools/gcc-arm-none-eabi-8-2018-q4-major/bin/../lib/gcc/arm-none-eabi/8.2.1/../../../../arm-none-eabi/lib/thumb/v7e-m+fp/hard/libc_nano.a(lib_a-sbrkr.o)
 .debug_frame   0x0000000000000000       0x2c /home/the_3d6/devtools/gcc-arm-none-eabi-8-2018-q4-major/bin/../lib/gcc/arm-none-eabi/8.2.1/../../../../arm-none-eabi/lib/thumb/v7e-m+fp/hard/libc_nano.a(lib_a-sbrkr.o)
 .ARM.attributes
                0x0000000000000000       0x34 /home/the_3d6/devtools/gcc-arm-none-eabi-8-2018-q4-major/bin/../lib/gcc/arm-none-eabi/8.2.1/../../../../arm-none-eabi/lib/thumb/v7e-m+fp/hard/libc_nano.a(lib_a-sbrkr.o)
 .text          0x0000000000000000        0x0 /home/the_3d6/devtools/gcc-arm-none-eabi-8-2018-q4-major/bin/../lib/gcc/arm-none-eabi/8.2.1/../../../../arm-none-eabi/lib/thumb/v7e-m+fp/hard/libc_nano.a(lib_a-mlock.o)
 .data          0x0000000000000000        0x0 /home/the_3d6/devtools/gcc-arm-none-eabi-8-2018-q4-major/bin/../lib/gcc/arm-none-eabi/8.2.1/../../../../arm-none-eabi/lib/thumb/v7e-m+fp/hard/libc_nano.a(lib_a-mlock.o)
 .bss           0x0000000000000000        0x0 /home/the_3d6/devtools/gcc-arm-none-eabi-8-2018-q4-major/bin/../lib/gcc/arm-none-eabi/8.2.1/../../../../arm-none-eabi/lib/thumb/v7e-m+fp/hard/libc_nano.a(lib_a-mlock.o)
 .text.__malloc_lock
                0x0000000000000000        0xc /home/the_3d6/devtools/gcc-arm-none-eabi-8-2018-q4-major/bin/../lib/gcc/arm-none-eabi/8.2.1/../../../../arm-none-eabi/lib/thumb/v7e-m+fp/hard/libc_nano.a(lib_a-mlock.o)
 .text.__malloc_unlock
                0x0000000000000000        0xc /home/the_3d6/devtools/gcc-arm-none-eabi-8-2018-q4-major/bin/../lib/gcc/arm-none-eabi/8.2.1/../../../../arm-none-eabi/lib/thumb/v7e-m+fp/hard/libc_nano.a(lib_a-mlock.o)
 .debug_frame   0x0000000000000000       0x30 /home/the_3d6/devtools/gcc-arm-none-eabi-8-2018-q4-major/bin/../lib/gcc/arm-none-eabi/8.2.1/../../../../arm-none-eabi/lib/thumb/v7e-m+fp/hard/libc_nano.a(lib_a-mlock.o)
 .ARM.attributes
                0x0000000000000000       0x34 /home/the_3d6/devtools/gcc-arm-none-eabi-8-2018-q4-major/bin/../lib/gcc/arm-none-eabi/8.2.1/../../../../arm-none-eabi/lib/thumb/v7e-m+fp/hard/libc_nano.a(lib_a-mlock.o)
 .text          0x0000000000000000        0x0 /home/the_3d6/devtools/gcc-arm-none-eabi-8-2018-q4-major/bin/../lib/gcc/arm-none-eabi/8.2.1/../../../../arm-none-eabi/lib/thumb/v7e-m+fp/hard/libc_nano.a(lib_a-nano-msizer.o)
 .data          0x0000000000000000        0x0 /home/the_3d6/devtools/gcc-arm-none-eabi-8-2018-q4-major/bin/../lib/gcc/arm-none-eabi/8.2.1/../../../../arm-none-eabi/lib/thumb/v7e-m+fp/hard/libc_nano.a(lib_a-nano-msizer.o)
 .bss           0x0000000000000000        0x0 /home/the_3d6/devtools/gcc-arm-none-eabi-8-2018-q4-major/bin/../lib/gcc/arm-none-eabi/8.2.1/../../../../arm-none-eabi/lib/thumb/v7e-m+fp/hard/libc_nano.a(lib_a-nano-msizer.o)
 .text._malloc_usable_size_r
                0x0000000000000000       0x10 /home/the_3d6/devtools/gcc-arm-none-eabi-8-2018-q4-major/bin/../lib/gcc/arm-none-eabi/8.2.1/../../../../arm-none-eabi/lib/thumb/v7e-m+fp/hard/libc_nano.a(lib_a-nano-msizer.o)
 .debug_frame   0x0000000000000000       0x20 /home/the_3d6/devtools/gcc-arm-none-eabi-8-2018-q4-major/bin/../lib/gcc/arm-none-eabi/8.2.1/../../../../arm-none-eabi/lib/thumb/v7e-m+fp/hard/libc_nano.a(lib_a-nano-msizer.o)
 .ARM.attributes
                0x0000000000000000       0x34 /home/the_3d6/devtools/gcc-arm-none-eabi-8-2018-q4-major/bin/../lib/gcc/arm-none-eabi/8.2.1/../../../../arm-none-eabi/lib/thumb/v7e-m+fp/hard/libc_nano.a(lib_a-nano-msizer.o)
 .text          0x0000000000000000        0x0 /home/the_3d6/devtools/gcc-arm-none-eabi-8-2018-q4-major/bin/../lib/gcc/arm-none-eabi/8.2.1/../../../../arm-none-eabi/lib/thumb/v7e-m+fp/hard/libc_nano.a(lib_a-reent.o)
 .data          0x0000000000000000        0x0 /home/the_3d6/devtools/gcc-arm-none-eabi-8-2018-q4-major/bin/../lib/gcc/arm-none-eabi/8.2.1/../../../../arm-none-eabi/lib/thumb/v7e-m+fp/hard/libc_nano.a(lib_a-reent.o)
 .bss           0x0000000000000000        0x0 /home/the_3d6/devtools/gcc-arm-none-eabi-8-2018-q4-major/bin/../lib/gcc/arm-none-eabi/8.2.1/../../../../arm-none-eabi/lib/thumb/v7e-m+fp/hard/libc_nano.a(lib_a-reent.o)
 .text.cleanup_glue
                0x0000000000000000       0x1a /home/the_3d6/devtools/gcc-arm-none-eabi-8-2018-q4-major/bin/../lib/gcc/arm-none-eabi/8.2.1/../../../../arm-none-eabi/lib/thumb/v7e-m+fp/hard/libc_nano.a(lib_a-reent.o)
 .text._reclaim_reent
                0x0000000000000000       0xb8 /home/the_3d6/devtools/gcc-arm-none-eabi-8-2018-q4-major/bin/../lib/gcc/arm-none-eabi/8.2.1/../../../../arm-none-eabi/lib/thumb/v7e-m+fp/hard/libc_nano.a(lib_a-reent.o)
 .debug_frame   0x0000000000000000       0x5c /home/the_3d6/devtools/gcc-arm-none-eabi-8-2018-q4-major/bin/../lib/gcc/arm-none-eabi/8.2.1/../../../../arm-none-eabi/lib/thumb/v7e-m+fp/hard/libc_nano.a(lib_a-reent.o)
 .ARM.attributes
                0x0000000000000000       0x34 /home/the_3d6/devtools/gcc-arm-none-eabi-8-2018-q4-major/bin/../lib/gcc/arm-none-eabi/8.2.1/../../../../arm-none-eabi/lib/thumb/v7e-m+fp/hard/libc_nano.a(lib_a-reent.o)
 COMMON         0x0000000000000000        0x4 /home/the_3d6/devtools/gcc-arm-none-eabi-8-2018-q4-major/bin/../lib/gcc/arm-none-eabi/8.2.1/../../../../arm-none-eabi/lib/thumb/v7e-m+fp/hard/libc_nano.a(lib_a-reent.o)
 .text          0x0000000000000000        0x0 /home/the_3d6/devtools/gcc-arm-none-eabi-8-2018-q4-major/bin/../lib/gcc/arm-none-eabi/8.2.1/../../../../arm-none-eabi/lib/thumb/v7e-m+fp/hard/libc_nano.a(lib_a-lock.o)
 .data          0x0000000000000000        0x0 /home/the_3d6/devtools/gcc-arm-none-eabi-8-2018-q4-major/bin/../lib/gcc/arm-none-eabi/8.2.1/../../../../arm-none-eabi/lib/thumb/v7e-m+fp/hard/libc_nano.a(lib_a-lock.o)
 .bss           0x0000000000000000        0x0 /home/the_3d6/devtools/gcc-arm-none-eabi-8-2018-q4-major/bin/../lib/gcc/arm-none-eabi/8.2.1/../../../../arm-none-eabi/lib/thumb/v7e-m+fp/hard/libc_nano.a(lib_a-lock.o)
 .text.__retarget_lock_init
                0x0000000000000000        0x2 /home/the_3d6/devtools/gcc-arm-none-eabi-8-2018-q4-major/bin/../lib/gcc/arm-none-eabi/8.2.1/../../../../arm-none-eabi/lib/thumb/v7e-m+fp/hard/libc_nano.a(lib_a-lock.o)
 .text.__retarget_lock_init_recursive
                0x0000000000000000        0x2 /home/the_3d6/devtools/gcc-arm-none-eabi-8-2018-q4-major/bin/../lib/gcc/arm-none-eabi/8.2.1/../../../../arm-none-eabi/lib/thumb/v7e-m+fp/hard/libc_nano.a(lib_a-lock.o)
 .text.__retarget_lock_close
                0x0000000000000000        0x2 /home/the_3d6/devtools/gcc-arm-none-eabi-8-2018-q4-major/bin/../lib/gcc/arm-none-eabi/8.2.1/../../../../arm-none-eabi/lib/thumb/v7e-m+fp/hard/libc_nano.a(lib_a-lock.o)
 .text.__retarget_lock_close_recursive
                0x0000000000000000        0x2 /home/the_3d6/devtools/gcc-arm-none-eabi-8-2018-q4-major/bin/../lib/gcc/arm-none-eabi/8.2.1/../../../../arm-none-eabi/lib/thumb/v7e-m+fp/hard/libc_nano.a(lib_a-lock.o)
 .text.__retarget_lock_acquire
                0x0000000000000000        0x2 /home/the_3d6/devtools/gcc-arm-none-eabi-8-2018-q4-major/bin/../lib/gcc/arm-none-eabi/8.2.1/../../../../arm-none-eabi/lib/thumb/v7e-m+fp/hard/libc_nano.a(lib_a-lock.o)
 .text.__retarget_lock_acquire_recursive
                0x0000000000000000        0x2 /home/the_3d6/devtools/gcc-arm-none-eabi-8-2018-q4-major/bin/../lib/gcc/arm-none-eabi/8.2.1/../../../../arm-none-eabi/lib/thumb/v7e-m+fp/hard/libc_nano.a(lib_a-lock.o)
 .text.__retarget_lock_try_acquire
                0x0000000000000000        0x4 /home/the_3d6/devtools/gcc-arm-none-eabi-8-2018-q4-major/bin/../lib/gcc/arm-none-eabi/8.2.1/../../../../arm-none-eabi/lib/thumb/v7e-m+fp/hard/libc_nano.a(lib_a-lock.o)
 .text.__retarget_lock_try_acquire_recursive
                0x0000000000000000        0x4 /home/the_3d6/devtools/gcc-arm-none-eabi-8-2018-q4-major/bin/../lib/gcc/arm-none-eabi/8.2.1/../../../../arm-none-eabi/lib/thumb/v7e-m+fp/hard/libc_nano.a(lib_a-lock.o)
 .text.__retarget_lock_release
                0x0000000000000000        0x2 /home/the_3d6/devtools/gcc-arm-none-eabi-8-2018-q4-major/bin/../lib/gcc/arm-none-eabi/8.2.1/../../../../arm-none-eabi/lib/thumb/v7e-m+fp/hard/libc_nano.a(lib_a-lock.o)
 .text.__retarget_lock_release_recursive
                0x0000000000000000        0x2 /home/the_3d6/devtools/gcc-arm-none-eabi-8-2018-q4-major/bin/../lib/gcc/arm-none-eabi/8.2.1/../../../../arm-none-eabi/lib/thumb/v7e-m+fp/hard/libc_nano.a(lib_a-lock.o)
 .debug_frame   0x0000000000000000       0xb0 /home/the_3d6/devtools/gcc-arm-none-eabi-8-2018-q4-major/bin/../lib/gcc/arm-none-eabi/8.2.1/../../../../arm-none-eabi/lib/thumb/v7e-m+fp/hard/libc_nano.a(lib_a-lock.o)
 .ARM.attributes
                0x0000000000000000       0x34 /home/the_3d6/devtools/gcc-arm-none-eabi-8-2018-q4-major/bin/../lib/gcc/arm-none-eabi/8.2.1/../../../../arm-none-eabi/lib/thumb/v7e-m+fp/hard/libc_nano.a(lib_a-lock.o)
 COMMON         0x0000000000000000        0x9 /home/the_3d6/devtools/gcc-arm-none-eabi-8-2018-q4-major/bin/../lib/gcc/arm-none-eabi/8.2.1/../../../../arm-none-eabi/lib/thumb/v7e-m+fp/hard/libc_nano.a(lib_a-lock.o)
 .text          0x0000000000000000        0x0 /home/the_3d6/devtools/gcc-arm-none-eabi-8-2018-q4-major/bin/../lib/gcc/arm-none-eabi/8.2.1/../../../../arm-none-eabi/lib/thumb/v7e-m+fp/hard/libnosys.a(sbrk.o)
 .data          0x0000000000000000        0x0 /home/the_3d6/devtools/gcc-arm-none-eabi-8-2018-q4-major/bin/../lib/gcc/arm-none-eabi/8.2.1/../../../../arm-none-eabi/lib/thumb/v7e-m+fp/hard/libnosys.a(sbrk.o)
 .bss           0x0000000000000000        0x0 /home/the_3d6/devtools/gcc-arm-none-eabi-8-2018-q4-major/bin/../lib/gcc/arm-none-eabi/8.2.1/../../../../arm-none-eabi/lib/thumb/v7e-m+fp/hard/libnosys.a(sbrk.o)
 .text._sbrk    0x0000000000000000       0x1c /home/the_3d6/devtools/gcc-arm-none-eabi-8-2018-q4-major/bin/../lib/gcc/arm-none-eabi/8.2.1/../../../../arm-none-eabi/lib/thumb/v7e-m+fp/hard/libnosys.a(sbrk.o)
 .bss.heap_end.5501
                0x0000000000000000        0x4 /home/the_3d6/devtools/gcc-arm-none-eabi-8-2018-q4-major/bin/../lib/gcc/arm-none-eabi/8.2.1/../../../../arm-none-eabi/lib/thumb/v7e-m+fp/hard/libnosys.a(sbrk.o)
 .debug_frame   0x0000000000000000       0x20 /home/the_3d6/devtools/gcc-arm-none-eabi-8-2018-q4-major/bin/../lib/gcc/arm-none-eabi/8.2.1/../../../../arm-none-eabi/lib/thumb/v7e-m+fp/hard/libnosys.a(sbrk.o)
 .ARM.attributes
                0x0000000000000000       0x34 /home/the_3d6/devtools/gcc-arm-none-eabi-8-2018-q4-major/bin/../lib/gcc/arm-none-eabi/8.2.1/../../../../arm-none-eabi/lib/thumb/v7e-m+fp/hard/libnosys.a(sbrk.o)
 .text          0x0000000000000000        0x0 /home/the_3d6/devtools/gcc-arm-none-eabi-8-2018-q4-major/bin/../lib/gcc/arm-none-eabi/8.2.1/../../../../arm-none-eabi/lib/thumb/v7e-m+fp/hard/libnosys.a(_exit.o)
 .data          0x0000000000000000        0x0 /home/the_3d6/devtools/gcc-arm-none-eabi-8-2018-q4-major/bin/../lib/gcc/arm-none-eabi/8.2.1/../../../../arm-none-eabi/lib/thumb/v7e-m+fp/hard/libnosys.a(_exit.o)
 .bss           0x0000000000000000        0x0 /home/the_3d6/devtools/gcc-arm-none-eabi-8-2018-q4-major/bin/../lib/gcc/arm-none-eabi/8.2.1/../../../../arm-none-eabi/lib/thumb/v7e-m+fp/hard/libnosys.a(_exit.o)
 .text          0x0000000000000000        0x0 /home/the_3d6/devtools/gcc-arm-none-eabi-8-2018-q4-major/bin/../lib/gcc/arm-none-eabi/8.2.1/thumb/v7e-m+fp/hard/crtend.o
 .data          0x0000000000000000        0x0 /home/the_3d6/devtools/gcc-arm-none-eabi-8-2018-q4-major/bin/../lib/gcc/arm-none-eabi/8.2.1/thumb/v7e-m+fp/hard/crtend.o
 .bss           0x0000000000000000        0x0 /home/the_3d6/devtools/gcc-arm-none-eabi-8-2018-q4-major/bin/../lib/gcc/arm-none-eabi/8.2.1/thumb/v7e-m+fp/hard/crtend.o
 .text          0x0000000000000000        0x0 /home/the_3d6/devtools/gcc-arm-none-eabi-8-2018-q4-major/bin/../lib/gcc/arm-none-eabi/8.2.1/thumb/v7e-m+fp/hard/crtn.o
 .data          0x0000000000000000        0x0 /home/the_3d6/devtools/gcc-arm-none-eabi-8-2018-q4-major/bin/../lib/gcc/arm-none-eabi/8.2.1/thumb/v7e-m+fp/hard/crtn.o
 .bss           0x0000000000000000        0x0 /home/the_3d6/devtools/gcc-arm-none-eabi-8-2018-q4-major/bin/../lib/gcc/arm-none-eabi/8.2.1/thumb/v7e-m+fp/hard/crtn.o

Memory Configuration

Name             Origin             Length             Attributes
FLASH            0x0000000000004000 0x0000000000080000 xr
RAM              0x0000000020000000 0x0000000000010000 xrw
*default*        0x0000000000000000 0xffffffffffffffff

Linker script and memory map


.text           0x0000000000004000     0x161c
 *(.isr_vector)
 .isr_vector    0x0000000000004000      0x200 build/ubase/gcc_startup_nrf52.S.o
                0x0000000000004000                __isr_vector
 *(.text*)
 .text          0x0000000000004200       0x40 /home/the_3d6/devtools/gcc-arm-none-eabi-8-2018-q4-major/bin/../lib/gcc/arm-none-eabi/8.2.1/thumb/v7e-m+fp/hard/crtbegin.o
 .text          0x0000000000004240       0x74 /home/the_3d6/devtools/gcc-arm-none-eabi-8-2018-q4-major/bin/../lib/gcc/arm-none-eabi/8.2.1/../../../../arm-none-eabi/lib/thumb/v7e-m+fp/hard/crt0.o
                0x0000000000004240                _mainCRTStartup
                0x0000000000004240                _start
 .text.check_uart_packet
                0x00000000000042b4      0x2e4 build/ubase/ultimate_base_main.c.o
                0x00000000000042b4                check_uart_packet
 .text.startup.main
                0x0000000000004598      0x27c build/ubase/ultimate_base_main.c.o
                0x0000000000004598                main
 .text.TIMER0_IRQHandler
                0x0000000000004814       0x6c build/ubase/leds.c.o
                0x0000000000004814                TIMER0_IRQHandler
 .text.leds_init
                0x0000000000004880       0x7c build/ubase/leds.c.o
                0x0000000000004880                leds_init
 .text.leds_set_pwm
                0x00000000000048fc       0x14 build/ubase/leds.c.o
                0x00000000000048fc                leds_set_pwm
 .text.fr_disable
                0x0000000000004910       0x2c build/ubase/fast_radio.c.o
                0x0000000000004910                fr_disable
 .text.fr_init  0x000000000000493c       0x94 build/ubase/fast_radio.c.o
                0x000000000000493c                fr_init
 .text.fr_ble_mode
                0x00000000000049d0       0xdc build/ubase/fast_radio.c.o
                0x00000000000049d0                fr_ble_mode
 .text.fr_mode_tx_only
                0x0000000000004aac       0x84 build/ubase/fast_radio.c.o
                0x0000000000004aac                fr_mode_tx_only
 .text.fr_listen
                0x0000000000004b30       0xa0 build/ubase/fast_radio.c.o
                0x0000000000004b30                fr_listen
 .text.fr_send_and_listen
                0x0000000000004bd0      0x100 build/ubase/fast_radio.c.o
                0x0000000000004bd0                fr_send_and_listen
 .text.fr_has_new_packet
                0x0000000000004cd0       0x18 build/ubase/fast_radio.c.o
                0x0000000000004cd0                fr_has_new_packet
 .text.fr_get_packet
                0x0000000000004ce8       0x44 build/ubase/fast_radio.c.o
                0x0000000000004ce8                fr_get_packet
 .text.fr_has_new_packet2
                0x0000000000004d2c       0x18 build/ubase/fast_radio.c.o
                0x0000000000004d2c                fr_has_new_packet2
 .text.fr_get_packet2
                0x0000000000004d44       0x4c build/ubase/fast_radio.c.o
                0x0000000000004d44                fr_get_packet2
 .text.RADIO_IRQHandler
                0x0000000000004d90      0x138 build/ubase/fast_radio.c.o
                0x0000000000004d90                RADIO_IRQHandler
 .text.fr_get_irq_cnt
                0x0000000000004ec8        0xc build/ubase/fast_radio.c.o
                0x0000000000004ec8                fr_get_irq_cnt
 .text.start_time
                0x0000000000004ed4       0x48 build/ubase/timer_core.c.o
                0x0000000000004ed4                start_time
 .text.micros   0x0000000000004f1c       0x28 build/ubase/timer_core.c.o
                0x0000000000004f1c                micros
 .text.millis   0x0000000000004f44        0xc build/ubase/timer_core.c.o
                0x0000000000004f44                millis
 .text.TIMER3_IRQHandler
                0x0000000000004f50       0x28 build/ubase/timer_core.c.o
                0x0000000000004f50                TIMER3_IRQHandler
 .text.TIMER2_IRQHandler
                0x0000000000004f78       0x64 build/ubase/timer_core.c.o
                0x0000000000004f78                TIMER2_IRQHandler
 .text.delay_ms
                0x0000000000004fdc       0x28 build/ubase/timer_core.c.o
                0x0000000000004fdc                delay_ms
 .text.uart_init
                0x0000000000005004       0x54 build/ubase/uart_interface.c.o
                0x0000000000005004                uart_init
 .text.uart_send
                0x0000000000005058       0x94 build/ubase/uart_interface.c.o
                0x0000000000005058                uart_send
 .text.uart_send_remains
                0x00000000000050ec       0x24 build/ubase/uart_interface.c.o
                0x00000000000050ec                uart_send_remains
 .text.UARTE0_UART0_IRQHandler
                0x0000000000005110       0x84 build/ubase/uart_interface.c.o
                0x0000000000005110                UARTE0_UART0_IRQHandler
 .text.get_rx_position
                0x0000000000005194        0xc build/ubase/uart_interface.c.o
                0x0000000000005194                get_rx_position
 .text.get_rx_buf
                0x00000000000051a0        0x8 build/ubase/uart_interface.c.o
                0x00000000000051a0                get_rx_buf
 .text.get_rx_buf_length
                0x00000000000051a8        0xc build/ubase/uart_interface.c.o
                0x00000000000051a8                get_rx_buf_length
 .text          0x00000000000051b4       0x3c build/ubase/gcc_startup_nrf52.S.o
                0x00000000000051b4                Reset_Handler
                0x00000000000051dc                NMI_Handler
                0x00000000000051de                HardFault_Handler
                0x00000000000051e0                MemoryManagement_Handler
                0x00000000000051e2                BusFault_Handler
                0x00000000000051e4                UsageFault_Handler
                0x00000000000051e6                SVC_Handler
                0x00000000000051e8                DebugMon_Handler
                0x00000000000051ea                PendSV_Handler
                0x00000000000051ec                SysTick_Handler
                0x00000000000051ee                RTC0_IRQHandler
                0x00000000000051ee                SWI0_EGU0_IRQHandler
                0x00000000000051ee                SWI2_EGU2_IRQHandler
                0x00000000000051ee                GPIOTE_IRQHandler
                0x00000000000051ee                PWM1_IRQHandler
                0x00000000000051ee                POWER_CLOCK_IRQHandler
                0x00000000000051ee                PDM_IRQHandler
                0x00000000000051ee                TEMP_IRQHandler
                0x00000000000051ee                QDEC_IRQHandler
                0x00000000000051ee                FPU_IRQHandler
                0x00000000000051ee                SPIM0_SPIS0_TWIM0_TWIS0_SPI0_TWI0_IRQHandler
                0x00000000000051ee                TIMER4_IRQHandler
                0x00000000000051ee                I2S_IRQHandler
                0x00000000000051ee                SWI4_EGU4_IRQHandler
                0x00000000000051ee                TIMER1_IRQHandler
                0x00000000000051ee                PWM2_IRQHandler
                0x00000000000051ee                ECB_IRQHandler
                0x00000000000051ee                SPIM1_SPIS1_TWIM1_TWIS1_SPI1_TWI1_IRQHandler
                0x00000000000051ee                Default_Handler
                0x00000000000051ee                SAADC_IRQHandler
                0x00000000000051ee                CCM_AAR_IRQHandler
                0x00000000000051ee                WDT_IRQHandler
                0x00000000000051ee                SWI5_EGU5_IRQHandler
                0x00000000000051ee                RNG_IRQHandler
                0x00000000000051ee                RTC2_IRQHandler
                0x00000000000051ee                PWM0_IRQHandler
                0x00000000000051ee                SWI3_EGU3_IRQHandler
                0x00000000000051ee                RTC1_IRQHandler
                0x00000000000051ee                SWI1_EGU1_IRQHandler
                0x00000000000051ee                SPIM2_SPIS2_SPI2_IRQHandler
                0x00000000000051ee                NFCT_IRQHandler
                0x00000000000051ee                MWU_IRQHandler
                0x00000000000051ee                COMP_LPCOMP_IRQHandler
 .text.SystemInit
                0x00000000000051f0      0x388 build/ubase/system_nrf52.c.o
                0x00000000000051f0                SystemInit
 .text.exit     0x0000000000005578       0x28 /home/the_3d6/devtools/gcc-arm-none-eabi-8-2018-q4-major/bin/../lib/gcc/arm-none-eabi/8.2.1/../../../../arm-none-eabi/lib/thumb/v7e-m+fp/hard/libc_nano.a(lib_a-exit.o)
                0x0000000000005578                exit
 .text.__libc_init_array
                0x00000000000055a0       0x48 /home/the_3d6/devtools/gcc-arm-none-eabi-8-2018-q4-major/bin/../lib/gcc/arm-none-eabi/8.2.1/../../../../arm-none-eabi/lib/thumb/v7e-m+fp/hard/libc_nano.a(lib_a-init.o)
                0x00000000000055a0                __libc_init_array
 .text.memset   0x00000000000055e8       0x10 /home/the_3d6/devtools/gcc-arm-none-eabi-8-2018-q4-major/bin/../lib/gcc/arm-none-eabi/8.2.1/../../../../arm-none-eabi/lib/thumb/v7e-m+fp/hard/libc_nano.a(lib_a-memset.o)
                0x00000000000055e8                memset
 .text._exit    0x00000000000055f8        0x4 /home/the_3d6/devtools/gcc-arm-none-eabi-8-2018-q4-major/bin/../lib/gcc/arm-none-eabi/8.2.1/../../../../arm-none-eabi/lib/thumb/v7e-m+fp/hard/libnosys.a(_exit.o)
                0x00000000000055f8                _exit
 *(.init)
 .init          0x00000000000055fc        0x4 /home/the_3d6/devtools/gcc-arm-none-eabi-8-2018-q4-major/bin/../lib/gcc/arm-none-eabi/8.2.1/thumb/v7e-m+fp/hard/crti.o
                0x00000000000055fc                _init
 .init          0x0000000000005600        0x8 /home/the_3d6/devtools/gcc-arm-none-eabi-8-2018-q4-major/bin/../lib/gcc/arm-none-eabi/8.2.1/thumb/v7e-m+fp/hard/crtn.o
 *(.fini)
 .fini          0x0000000000005608        0x4 /home/the_3d6/devtools/gcc-arm-none-eabi-8-2018-q4-major/bin/../lib/gcc/arm-none-eabi/8.2.1/thumb/v7e-m+fp/hard/crti.o
                0x0000000000005608                _fini
 .fini          0x000000000000560c        0x8 /home/the_3d6/devtools/gcc-arm-none-eabi-8-2018-q4-major/bin/../lib/gcc/arm-none-eabi/8.2.1/thumb/v7e-m+fp/hard/crtn.o
 *crtbegin.o(.ctors)
 *crtbegin?.o(.ctors)
 *(EXCLUDE_FILE(*crtend.o *crtend?.o) .ctors)
 *(SORT_BY_NAME(.ctors.*))
 *(.ctors)
 *crtbegin.o(.dtors)
 *crtbegin?.o(.dtors)
 *(EXCLUDE_FILE(*crtend.o *crtend?.o) .dtors)
 *(SORT_BY_NAME(.dtors.*))
 *(.dtors)
 *(.rodata*)
 .rodata._global_impure_ptr
                0x0000000000005614        0x4 /home/the_3d6/devtools/gcc-arm-none-eabi-8-2018-q4-major/bin/../lib/gcc/arm-none-eabi/8.2.1/../../../../arm-none-eabi/lib/thumb/v7e-m+fp/hard/libc_nano.a(lib_a-impure.o)
                0x0000000000005614                _global_impure_ptr
 *(.eh_frame*)
 .eh_frame      0x0000000000005618        0x0 /home/the_3d6/devtools/gcc-arm-none-eabi-8-2018-q4-major/bin/../lib/gcc/arm-none-eabi/8.2.1/thumb/v7e-m+fp/hard/crtbegin.o
 .eh_frame      0x0000000000005618        0x4 /home/the_3d6/devtools/gcc-arm-none-eabi-8-2018-q4-major/bin/../lib/gcc/arm-none-eabi/8.2.1/thumb/v7e-m+fp/hard/crtend.o

.glue_7         0x000000000000561c        0x0
 .glue_7        0x000000000000561c        0x0 linker stubs

.glue_7t        0x000000000000561c        0x0
 .glue_7t       0x000000000000561c        0x0 linker stubs

.vfp11_veneer   0x000000000000561c        0x0
 .vfp11_veneer  0x000000000000561c        0x0 linker stubs

.v4_bx          0x000000000000561c        0x0
 .v4_bx         0x000000000000561c        0x0 linker stubs

.iplt           0x000000000000561c        0x0
 .iplt          0x000000000000561c        0x0 /home/the_3d6/devtools/gcc-arm-none-eabi-8-2018-q4-major/bin/../lib/gcc/arm-none-eabi/8.2.1/thumb/v7e-m+fp/hard/crtbegin.o

.mem_section_dummy_rom

.log_const_data
                0x000000000000561c        0x0
                [!provide]                        PROVIDE (__start_log_const_data = .)
 *(.log_const_data)
                [!provide]                        PROVIDE (__stop_log_const_data = .)

.ARM.extab
 *(.ARM.extab* .gnu.linkonce.armextab.*)
                0x000000000000561c                __exidx_start = .

.ARM.exidx      0x000000000000561c        0x8
 *(.ARM.exidx* .gnu.linkonce.armexidx.*)
 .ARM.exidx     0x000000000000561c        0x8 /home/the_3d6/devtools/gcc-arm-none-eabi-8-2018-q4-major/bin/../lib/gcc/arm-none-eabi/8.2.1/../../../../arm-none-eabi/lib/thumb/v7e-m+fp/hard/crt0.o
                0x0000000000005624                __exidx_end = .
                0x0000000000005624                __etext = .

.rel.dyn        0x0000000000005624        0x0
 .rel.iplt      0x0000000000005624        0x0 /home/the_3d6/devtools/gcc-arm-none-eabi-8-2018-q4-major/bin/../lib/gcc/arm-none-eabi/8.2.1/thumb/v7e-m+fp/hard/crtbegin.o

.data           0x0000000020000000       0x88 load address 0x0000000000005624
                0x0000000020000000                __data_start__ = .
 *(vtable)
 *(.data*)
 .data.data_packet_len
                0x0000000020000000        0x4 build/ubase/ultimate_base_main.c.o
                0x0000000020000000                data_packet_len
 .data.pin_rx   0x0000000020000004        0x1 build/ubase/ultimate_base_main.c.o
                0x0000000020000004                pin_rx
 .data.pin_tx   0x0000000020000005        0x1 build/ubase/ultimate_base_main.c.o
                0x0000000020000005                pin_tx
 *fill*         0x0000000020000006        0x2 
 .data.pack_max_length
                0x0000000020000008        0x4 build/ubase/fast_radio.c.o
                0x0000000020000008                pack_max_length
 .data.pack_payload
                0x000000002000000c        0x4 build/ubase/fast_radio.c.o
                0x000000002000000c                pack_payload
 .data.rx_packet_stack_q
                0x0000000020000010        0x4 build/ubase/fast_radio.c.o
                0x0000000020000010                rx_packet_stack_q
 .data.send_complete
                0x0000000020000014        0x1 build/ubase/uart_interface.c.o
                0x0000000020000014                send_complete
 *fill*         0x0000000020000015        0x3 
 .data.uart_buf_length
                0x0000000020000018        0x4 build/ubase/uart_interface.c.o
                0x0000000020000018                uart_buf_length
 .data.SystemCoreClock
                0x000000002000001c        0x4 build/ubase/system_nrf52.c.o
                0x000000002000001c                SystemCoreClock
 .data.impure_data
                0x0000000020000020       0x60 /home/the_3d6/devtools/gcc-arm-none-eabi-8-2018-q4-major/bin/../lib/gcc/arm-none-eabi/8.2.1/../../../../arm-none-eabi/lib/thumb/v7e-m+fp/hard/libc_nano.a(lib_a-impure.o)
                0x0000000020000080                . = ALIGN (0x4)
                0x0000000020000080                PROVIDE (__preinit_array_start = .)
 *(.preinit_array)
                0x0000000020000080                PROVIDE (__preinit_array_end = .)
                0x0000000020000080                . = ALIGN (0x4)
                0x0000000020000080                PROVIDE (__init_array_start = .)
 *(SORT_BY_NAME(.init_array.*))
 *(.init_array)
 .init_array    0x0000000020000080        0x4 /home/the_3d6/devtools/gcc-arm-none-eabi-8-2018-q4-major/bin/../lib/gcc/arm-none-eabi/8.2.1/thumb/v7e-m+fp/hard/crtbegin.o
                0x0000000020000084                PROVIDE (__init_array_end = .)
                0x0000000020000084                . = ALIGN (0x4)
                [!provide]                        PROVIDE (__fini_array_start = .)
 *(SORT_BY_NAME(.fini_array.*))
 *(.fini_array)
 .fini_array    0x0000000020000084        0x4 /home/the_3d6/devtools/gcc-arm-none-eabi-8-2018-q4-major/bin/../lib/gcc/arm-none-eabi/8.2.1/thumb/v7e-m+fp/hard/crtbegin.o
                [!provide]                        PROVIDE (__fini_array_end = .)
 *(.jcr*)
                0x0000000020000088                . = ALIGN (0x4)
                0x0000000020000088                __data_end__ = .
LOAD /home/the_3d6/devtools/gcc-arm-none-eabi-8-2018-q4-major/bin/../lib/gcc/arm-none-eabi/8.2.1/thumb/v7e-m+fp/hard/crti.o
LOAD /home/the_3d6/devtools/gcc-arm-none-eabi-8-2018-q4-major/bin/../lib/gcc/arm-none-eabi/8.2.1/thumb/v7e-m+fp/hard/crtbegin.o
LOAD /home/the_3d6/devtools/gcc-arm-none-eabi-8-2018-q4-major/bin/../lib/gcc/arm-none-eabi/8.2.1/../../../../arm-none-eabi/lib/thumb/v7e-m+fp/hard/crt0.o
LOAD build/ubase/ultimate_base_main.c.o
LOAD build/ubase/leds.c.o
LOAD build/ubase/fast_radio.c.o
LOAD build/ubase/timer_core.c.o
LOAD build/ubase/uart_interface.c.o
LOAD build/ubase/gcc_startup_nrf52.S.o
LOAD build/ubase/system_nrf52.c.o
LOAD build/ubase/boards.c.o
LOAD build/ubase/app_error.c.o
LOAD build/ubase/app_error_weak.c.o
LOAD build/ubase/app_util_platform.c.o
LOAD build/ubase/nrf_assert.c.o
LOAD build/ubase/nrf_strerror.c.o
LOAD /home/the_3d6/devtools/gcc-arm-none-eabi-8-2018-q4-major/bin/../lib/gcc/arm-none-eabi/8.2.1/../../../../arm-none-eabi/lib/thumb/v7e-m+fp/hard/libc_nano.a
LOAD /home/the_3d6/devtools/gcc-arm-none-eabi-8-2018-q4-major/bin/../lib/gcc/arm-none-eabi/8.2.1/../../../../arm-none-eabi/lib/thumb/v7e-m+fp/hard/libnosys.a
LOAD /home/the_3d6/devtools/gcc-arm-none-eabi-8-2018-q4-major/bin/../lib/gcc/arm-none-eabi/8.2.1/../../../../arm-none-eabi/lib/thumb/v7e-m+fp/hard/libm.a
START GROUP
LOAD /home/the_3d6/devtools/gcc-arm-none-eabi-8-2018-q4-major/bin/../lib/gcc/arm-none-eabi/8.2.1/thumb/v7e-m+fp/hard/libgcc.a
LOAD /home/the_3d6/devtools/gcc-arm-none-eabi-8-2018-q4-major/bin/../lib/gcc/arm-none-eabi/8.2.1/../../../../arm-none-eabi/lib/thumb/v7e-m+fp/hard/libc_nano.a
END GROUP
START GROUP
LOAD /home/the_3d6/devtools/gcc-arm-none-eabi-8-2018-q4-major/bin/../lib/gcc/arm-none-eabi/8.2.1/thumb/v7e-m+fp/hard/libgcc.a
LOAD /home/the_3d6/devtools/gcc-arm-none-eabi-8-2018-q4-major/bin/../lib/gcc/arm-none-eabi/8.2.1/../../../../arm-none-eabi/lib/thumb/v7e-m+fp/hard/libc_nano.a
END GROUP
LOAD /home/the_3d6/devtools/gcc-arm-none-eabi-8-2018-q4-major/bin/../lib/gcc/arm-none-eabi/8.2.1/thumb/v7e-m+fp/hard/crtend.o
LOAD /home/the_3d6/devtools/gcc-arm-none-eabi-8-2018-q4-major/bin/../lib/gcc/arm-none-eabi/8.2.1/thumb/v7e-m+fp/hard/crtn.o
START GROUP
LOAD /home/the_3d6/devtools/gcc-arm-none-eabi-8-2018-q4-major/bin/../lib/gcc/arm-none-eabi/8.2.1/thumb/v7e-m+fp/hard/libgcc.a
LOAD /home/the_3d6/devtools/gcc-arm-none-eabi-8-2018-q4-major/bin/../lib/gcc/arm-none-eabi/8.2.1/../../../../arm-none-eabi/lib/thumb/v7e-m+fp/hard/libc.a
LOAD /home/the_3d6/devtools/gcc-arm-none-eabi-8-2018-q4-major/bin/../lib/gcc/arm-none-eabi/8.2.1/../../../../arm-none-eabi/lib/thumb/v7e-m+fp/hard/libnosys.a
END GROUP

.igot.plt       0x0000000020000088        0x0 load address 0x00000000000056ac
 .igot.plt      0x0000000020000088        0x0 /home/the_3d6/devtools/gcc-arm-none-eabi-8-2018-q4-major/bin/../lib/gcc/arm-none-eabi/8.2.1/thumb/v7e-m+fp/hard/crtbegin.o
                0x0000000020000088                . = ALIGN (0x4)

.mem_section_dummy_ram

.log_dynamic_data
                0x0000000020000088        0x0
                [!provide]                        PROVIDE (__start_log_dynamic_data = .)
 *(.log_dynamic_data)
                [!provide]                        PROVIDE (__stop_log_dynamic_data = .)

.bss            0x0000000020000088      0x91c load address 0x00000000000056ac
                0x0000000020000088                . = ALIGN (0x4)
                0x0000000020000088                __bss_start__ = .
 *(.bss*)
 .bss           0x0000000020000088       0x1c /home/the_3d6/devtools/gcc-arm-none-eabi-8-2018-q4-major/bin/../lib/gcc/arm-none-eabi/8.2.1/thumb/v7e-m+fp/hard/crtbegin.o
 .bss.ble_mode  0x00000000200000a4        0x1 build/ubase/ultimate_base_main.c.o
                0x00000000200000a4                ble_mode
 .bss.ble_timed
                0x00000000200000a5        0x1 build/ubase/ultimate_base_main.c.o
                0x00000000200000a5                ble_timed
 *fill*         0x00000000200000a6        0x2 
 .bss.last_pos_rep_time
                0x00000000200000a8        0x4 build/ubase/ultimate_base_main.c.o
                0x00000000200000a8                last_pos_rep_time
 .bss.last_uart_pos
                0x00000000200000ac        0x4 build/ubase/ultimate_base_main.c.o
                0x00000000200000ac                last_uart_pos
 .bss.pack_begin
                0x00000000200000b0        0x4 build/ubase/ultimate_base_main.c.o
                0x00000000200000b0                pack_begin
 .bss.pack_length
                0x00000000200000b4        0x4 build/ubase/ultimate_base_main.c.o
                0x00000000200000b4                pack_length
 .bss.pack_state
                0x00000000200000b8        0x4 build/ubase/ultimate_base_main.c.o
                0x00000000200000b8                pack_state
 .bss.pwm_counter
                0x00000000200000bc        0x1 build/ubase/leds.c.o
                0x00000000200000bc                pwm_counter
 .bss.current_mode
                0x00000000200000bd        0x1 build/ubase/fast_radio.c.o
                0x00000000200000bd                current_mode
 *fill*         0x00000000200000be        0x2 
 .bss.irq_cnt   0x00000000200000c0        0x4 build/ubase/fast_radio.c.o
                0x00000000200000c0                irq_cnt
 .bss.last_end_event_time
                0x00000000200000c4        0x4 build/ubase/fast_radio.c.o
                0x00000000200000c4                last_end_event_time
 .bss.last_processed_rx_packet
                0x00000000200000c8        0x4 build/ubase/fast_radio.c.o
                0x00000000200000c8                last_processed_rx_packet
 .bss.last_processed_stack
                0x00000000200000cc        0x4 build/ubase/fast_radio.c.o
                0x00000000200000cc                last_processed_stack
 .bss.last_rx_time
                0x00000000200000d0        0x4 build/ubase/fast_radio.c.o
                0x00000000200000d0                last_rx_time
 .bss.rx_pack_stack_pos
                0x00000000200000d4        0x4 build/ubase/fast_radio.c.o
                0x00000000200000d4                rx_pack_stack_pos
 .bss.rx_packet_counter
                0x00000000200000d8        0x4 build/ubase/fast_radio.c.o
                0x00000000200000d8                rx_packet_counter
 .bss.in_schedule
                0x00000000200000dc        0x1 build/ubase/timer_core.c.o
                0x00000000200000dc                in_schedule
 *fill*         0x00000000200000dd        0x3 
 .bss.mcs_time  0x00000000200000e0        0x4 build/ubase/timer_core.c.o
                0x00000000200000e0                mcs_time
 .bss.ms_counter
                0x00000000200000e4        0x4 build/ubase/timer_core.c.o
                0x00000000200000e4                ms_counter
 .bss.ms_time   0x00000000200000e8        0x4 build/ubase/timer_core.c.o
                0x00000000200000e8                ms_time
 .bss.s_counter
                0x00000000200000ec        0x4 build/ubase/timer_core.c.o
                0x00000000200000ec                s_counter
 .bss.s_time    0x00000000200000f0        0x4 build/ubase/timer_core.c.o
                0x00000000200000f0                s_time
 .bss.timed_event
                0x00000000200000f4        0x4 build/ubase/timer_core.c.o
                0x00000000200000f4                timed_event
 .bss.timer_on  0x00000000200000f8        0x1 build/ubase/timer_core.c.o
                0x00000000200000f8                timer_on
 .bss.send_end  0x00000000200000f9        0x1 build/ubase/uart_interface.c.o
                0x00000000200000f9                send_end
 .bss.send_start
                0x00000000200000fa        0x1 build/ubase/uart_interface.c.o
                0x00000000200000fa                send_start
 .bss.uart_buf_pos
                0x00000000200000fb        0x1 build/ubase/uart_interface.c.o
                0x00000000200000fb                uart_buf_pos
 *(COMMON)
 COMMON         0x00000000200000fc      0x204 build/ubase/ultimate_base_main.c.o
                0x00000000200000fc                led_pin_mask
                0x0000000020000108                led_pins
                0x000000002000010c                cycle_packet
                0x0000000020000210                data_packet
                0x0000000020000288                sync_packet
 COMMON         0x0000000020000300        0x3 build/ubase/leds.c.o
                0x0000000020000300                leds_pwm
 *fill*         0x0000000020000303        0x1 
 COMMON         0x0000000020000304      0x39c build/ubase/fast_radio.c.o
                0x0000000020000304                rx_packet_stack_times
                0x000000002000032c                rx_packet_stack
                0x00000000200004a0                tx_packet
                0x00000000200005a0                rx_packet
 COMMON         0x00000000200006a0      0x304 build/ubase/uart_interface.c.o
                0x00000000200006a0                uart_buf
                0x00000000200007a4                umsg
                0x00000000200008a4                send_buf
                0x00000000200009a4                . = ALIGN (0x4)
                0x00000000200009a4                __bss_end__ = .

.heap           0x00000000200009a8     0x4000
                0x00000000200009a8                __HeapBase = .
                0x00000000200009a8                __end__ = .
                0x00000000200009a8                PROVIDE (end = .)
 *(.heap*)
 .heap          0x00000000200009a8     0x4000 build/ubase/gcc_startup_nrf52.S.o
                0x00000000200049a8                __HeapLimit = .

.stack_dummy    0x00000000200009a8     0x4000
 *(.stack*)
 .stack         0x00000000200009a8     0x4000 build/ubase/gcc_startup_nrf52.S.o
                0x0000000020010000                __StackTop = (ORIGIN (RAM) + LENGTH (RAM))
                0x000000002000c000                __StackLimit = (__StackTop - SIZEOF (.stack_dummy))
                0x0000000020010000                PROVIDE (__stack = __StackTop)
                0x0000000000000001                ASSERT ((__StackLimit >= __HeapLimit), region RAM overflowed with stack)
                0x0000000000000088                DataInitFlashUsed = (__bss_start__ - __data_start__)
                0x0000000000001624                CodeFlashUsed = (__etext - ORIGIN (FLASH))
                0x00000000000016ac                TotalFlashUsed = (CodeFlashUsed + DataInitFlashUsed)
                0x0000000000000001                ASSERT ((TotalFlashUsed <= LENGTH (FLASH)), region FLASH overflowed with .data and user data)
OUTPUT(build/ubase.out elf32-littlearm)

.ARM.attributes
                0x0000000000000000       0x30
 .ARM.attributes
                0x0000000000000000       0x1e /home/the_3d6/devtools/gcc-arm-none-eabi-8-2018-q4-major/bin/../lib/gcc/arm-none-eabi/8.2.1/thumb/v7e-m+fp/hard/crti.o
 .ARM.attributes
                0x000000000000001e       0x34 /home/the_3d6/devtools/gcc-arm-none-eabi-8-2018-q4-major/bin/../lib/gcc/arm-none-eabi/8.2.1/thumb/v7e-m+fp/hard/crtbegin.o
 .ARM.attributes
                0x0000000000000052       0x1c /home/the_3d6/devtools/gcc-arm-none-eabi-8-2018-q4-major/bin/../lib/gcc/arm-none-eabi/8.2.1/../../../../arm-none-eabi/lib/thumb/v7e-m+fp/hard/crt0.o
 .ARM.attributes
                0x000000000000006e       0x34 build/ubase/ultimate_base_main.c.o
 .ARM.attributes
                0x00000000000000a2       0x34 build/ubase/leds.c.o
 .ARM.attributes
                0x00000000000000d6       0x34 build/ubase/fast_radio.c.o
 .ARM.attributes
                0x000000000000010a       0x34 build/ubase/timer_core.c.o
 .ARM.attributes
                0x000000000000013e       0x34 build/ubase/uart_interface.c.o
 .ARM.attributes
                0x0000000000000172       0x20 build/ubase/gcc_startup_nrf52.S.o
 .ARM.attributes
                0x0000000000000192       0x34 build/ubase/system_nrf52.c.o
 .ARM.attributes
                0x00000000000001c6       0x34 /home/the_3d6/devtools/gcc-arm-none-eabi-8-2018-q4-major/bin/../lib/gcc/arm-none-eabi/8.2.1/../../../../arm-none-eabi/lib/thumb/v7e-m+fp/hard/libc_nano.a(lib_a-exit.o)
 .ARM.attributes
                0x00000000000001fa       0x32 /home/the_3d6/devtools/gcc-arm-none-eabi-8-2018-q4-major/bin/../lib/gcc/arm-none-eabi/8.2.1/../../../../arm-none-eabi/lib/thumb/v7e-m+fp/hard/libc_nano.a(lib_a-impure.o)
 .ARM.attributes
                0x000000000000022c       0x34 /home/the_3d6/devtools/gcc-arm-none-eabi-8-2018-q4-major/bin/../lib/gcc/arm-none-eabi/8.2.1/../../../../arm-none-eabi/lib/thumb/v7e-m+fp/hard/libc_nano.a(lib_a-init.o)
 .ARM.attributes
                0x0000000000000260       0x34 /home/the_3d6/devtools/gcc-arm-none-eabi-8-2018-q4-major/bin/../lib/gcc/arm-none-eabi/8.2.1/../../../../arm-none-eabi/lib/thumb/v7e-m+fp/hard/libc_nano.a(lib_a-memset.o)
 .ARM.attributes
                0x0000000000000294       0x34 /home/the_3d6/devtools/gcc-arm-none-eabi-8-2018-q4-major/bin/../lib/gcc/arm-none-eabi/8.2.1/../../../../arm-none-eabi/lib/thumb/v7e-m+fp/hard/libnosys.a(_exit.o)
 .ARM.attributes
                0x00000000000002c8       0x32 /home/the_3d6/devtools/gcc-arm-none-eabi-8-2018-q4-major/bin/../lib/gcc/arm-none-eabi/8.2.1/thumb/v7e-m+fp/hard/crtend.o
 .ARM.attributes
                0x00000000000002fa       0x1e /home/the_3d6/devtools/gcc-arm-none-eabi-8-2018-q4-major/bin/../lib/gcc/arm-none-eabi/8.2.1/thumb/v7e-m+fp/hard/crtn.o

.comment        0x0000000000000000       0x75
 .comment       0x0000000000000000       0x75 build/ubase/ultimate_base_main.c.o
                                         0x76 (size before relaxing)
 .comment       0x0000000000000075       0x76 build/ubase/leds.c.o
 .comment       0x0000000000000075       0x76 build/ubase/fast_radio.c.o
 .comment       0x0000000000000075       0x76 build/ubase/timer_core.c.o
 .comment       0x0000000000000075       0x76 build/ubase/uart_interface.c.o
 .comment       0x0000000000000075       0x76 build/ubase/system_nrf52.c.o

.debug_line     0x0000000000000000       0xaf
 .debug_line    0x0000000000000000       0xaf build/ubase/gcc_startup_nrf52.S.o

.debug_info     0x0000000000000000       0x26
 .debug_info    0x0000000000000000       0x26 build/ubase/gcc_startup_nrf52.S.o

.debug_abbrev   0x0000000000000000       0x14
 .debug_abbrev  0x0000000000000000       0x14 build/ubase/gcc_startup_nrf52.S.o

.debug_aranges  0x0000000000000000       0x20
 .debug_aranges
                0x0000000000000000       0x20 build/ubase/gcc_startup_nrf52.S.o

.debug_str      0x0000000000000000       0xa4
 .debug_str     0x0000000000000000       0xa4 build/ubase/gcc_startup_nrf52.S.o

.debug_frame    0x0000000000000000       0x94
 .debug_frame   0x0000000000000000       0x28 /home/the_3d6/devtools/gcc-arm-none-eabi-8-2018-q4-major/bin/../lib/gcc/arm-none-eabi/8.2.1/../../../../arm-none-eabi/lib/thumb/v7e-m+fp/hard/libc_nano.a(lib_a-exit.o)
 .debug_frame   0x0000000000000028       0x2c /home/the_3d6/devtools/gcc-arm-none-eabi-8-2018-q4-major/bin/../lib/gcc/arm-none-eabi/8.2.1/../../../../arm-none-eabi/lib/thumb/v7e-m+fp/hard/libc_nano.a(lib_a-init.o)
 .debug_frame   0x0000000000000054       0x20 /home/the_3d6/devtools/gcc-arm-none-eabi-8-2018-q4-major/bin/../lib/gcc/arm-none-eabi/8.2.1/../../../../arm-none-eabi/lib/thumb/v7e-m+fp/hard/libc_nano.a(lib_a-memset.o)
 .debug_frame   0x0000000000000074       0x20 /home/the_3d6/devtools/gcc-arm-none-eabi-8-2018-q4-major/bin/../lib/gcc/arm-none-eabi/8.2.1/../../../../arm-none-eabi/lib/thumb/v7e-m+fp/hard/libnosys.a(_exit.o)
