Archive member included to satisfy reference by file (symbol)

/home/the_3d6/devtools/gcc-arm-none-eabi-8-2018-q4-major/bin/../lib/gcc/arm-none-eabi/8.2.1/../../../../arm-none-eabi/lib/thumb/v7e-m+fp/hard/libc_nano.a(lib_a-exit.o)
                              /home/the_3d6/devtools/gcc-arm-none-eabi-8-2018-q4-major/bin/../lib/gcc/arm-none-eabi/8.2.1/../../../../arm-none-eabi/lib/thumb/v7e-m+fp/hard/crt0.o (exit)
/home/the_3d6/devtools/gcc-arm-none-eabi-8-2018-q4-major/bin/../lib/gcc/arm-none-eabi/8.2.1/../../../../arm-none-eabi/lib/thumb/v7e-m+fp/hard/libc_nano.a(lib_a-impure.o)
                              /home/the_3d6/devtools/gcc-arm-none-eabi-8-2018-q4-major/bin/../lib/gcc/arm-none-eabi/8.2.1/../../../../arm-none-eabi/lib/thumb/v7e-m+fp/hard/libc_nano.a(lib_a-exit.o) (_global_impure_ptr)
/home/the_3d6/devtools/gcc-arm-none-eabi-8-2018-q4-major/bin/../lib/gcc/arm-none-eabi/8.2.1/../../../../arm-none-eabi/lib/thumb/v7e-m+fp/hard/libc_nano.a(lib_a-init.o)
                              /home/the_3d6/devtools/gcc-arm-none-eabi-8-2018-q4-major/bin/../lib/gcc/arm-none-eabi/8.2.1/../../../../arm-none-eabi/lib/thumb/v7e-m+fp/hard/crt0.o (__libc_init_array)
/home/the_3d6/devtools/gcc-arm-none-eabi-8-2018-q4-major/bin/../lib/gcc/arm-none-eabi/8.2.1/../../../../arm-none-eabi/lib/thumb/v7e-m+fp/hard/libc_nano.a(lib_a-memset.o)
                              /home/the_3d6/devtools/gcc-arm-none-eabi-8-2018-q4-major/bin/../lib/gcc/arm-none-eabi/8.2.1/../../../../arm-none-eabi/lib/thumb/v7e-m+fp/hard/crt0.o (memset)
/home/the_3d6/devtools/gcc-arm-none-eabi-8-2018-q4-major/bin/../lib/gcc/arm-none-eabi/8.2.1/../../../../arm-none-eabi/lib/thumb/v7e-m+fp/hard/libc_nano.a(lib_a-vsnprintf.o)
                              build//uecgboot/main.c.o (vsnprintf)
/home/the_3d6/devtools/gcc-arm-none-eabi-8-2018-q4-major/bin/../lib/gcc/arm-none-eabi/8.2.1/../../../../arm-none-eabi/lib/thumb/v7e-m+fp/hard/libc_nano.a(lib_a-nano-svfprintf.o)
                              /home/the_3d6/devtools/gcc-arm-none-eabi-8-2018-q4-major/bin/../lib/gcc/arm-none-eabi/8.2.1/../../../../arm-none-eabi/lib/thumb/v7e-m+fp/hard/libc_nano.a(lib_a-vsnprintf.o) (_svfprintf_r)
/home/the_3d6/devtools/gcc-arm-none-eabi-8-2018-q4-major/bin/../lib/gcc/arm-none-eabi/8.2.1/../../../../arm-none-eabi/lib/thumb/v7e-m+fp/hard/libc_nano.a(lib_a-nano-vfprintf_i.o)
                              /home/the_3d6/devtools/gcc-arm-none-eabi-8-2018-q4-major/bin/../lib/gcc/arm-none-eabi/8.2.1/../../../../arm-none-eabi/lib/thumb/v7e-m+fp/hard/libc_nano.a(lib_a-nano-svfprintf.o) (_printf_i)
/home/the_3d6/devtools/gcc-arm-none-eabi-8-2018-q4-major/bin/../lib/gcc/arm-none-eabi/8.2.1/../../../../arm-none-eabi/lib/thumb/v7e-m+fp/hard/libc_nano.a(lib_a-memchr.o)
                              /home/the_3d6/devtools/gcc-arm-none-eabi-8-2018-q4-major/bin/../lib/gcc/arm-none-eabi/8.2.1/../../../../arm-none-eabi/lib/thumb/v7e-m+fp/hard/libc_nano.a(lib_a-nano-svfprintf.o) (memchr)
/home/the_3d6/devtools/gcc-arm-none-eabi-8-2018-q4-major/bin/../lib/gcc/arm-none-eabi/8.2.1/../../../../arm-none-eabi/lib/thumb/v7e-m+fp/hard/libc_nano.a(lib_a-memcpy-stub.o)
                              /home/the_3d6/devtools/gcc-arm-none-eabi-8-2018-q4-major/bin/../lib/gcc/arm-none-eabi/8.2.1/../../../../arm-none-eabi/lib/thumb/v7e-m+fp/hard/libc_nano.a(lib_a-nano-svfprintf.o) (memcpy)
/home/the_3d6/devtools/gcc-arm-none-eabi-8-2018-q4-major/bin/../lib/gcc/arm-none-eabi/8.2.1/../../../../arm-none-eabi/lib/thumb/v7e-m+fp/hard/libc_nano.a(lib_a-memmove.o)
                              /home/the_3d6/devtools/gcc-arm-none-eabi-8-2018-q4-major/bin/../lib/gcc/arm-none-eabi/8.2.1/../../../../arm-none-eabi/lib/thumb/v7e-m+fp/hard/libc_nano.a(lib_a-nano-svfprintf.o) (memmove)
/home/the_3d6/devtools/gcc-arm-none-eabi-8-2018-q4-major/bin/../lib/gcc/arm-none-eabi/8.2.1/../../../../arm-none-eabi/lib/thumb/v7e-m+fp/hard/libc_nano.a(lib_a-nano-freer.o)
                              /home/the_3d6/devtools/gcc-arm-none-eabi-8-2018-q4-major/bin/../lib/gcc/arm-none-eabi/8.2.1/../../../../arm-none-eabi/lib/thumb/v7e-m+fp/hard/libc_nano.a(lib_a-nano-svfprintf.o) (_free_r)
/home/the_3d6/devtools/gcc-arm-none-eabi-8-2018-q4-major/bin/../lib/gcc/arm-none-eabi/8.2.1/../../../../arm-none-eabi/lib/thumb/v7e-m+fp/hard/libc_nano.a(lib_a-nano-mallocr.o)
                              /home/the_3d6/devtools/gcc-arm-none-eabi-8-2018-q4-major/bin/../lib/gcc/arm-none-eabi/8.2.1/../../../../arm-none-eabi/lib/thumb/v7e-m+fp/hard/libc_nano.a(lib_a-nano-svfprintf.o) (_malloc_r)
/home/the_3d6/devtools/gcc-arm-none-eabi-8-2018-q4-major/bin/../lib/gcc/arm-none-eabi/8.2.1/../../../../arm-none-eabi/lib/thumb/v7e-m+fp/hard/libc_nano.a(lib_a-nano-reallocr.o)
                              /home/the_3d6/devtools/gcc-arm-none-eabi-8-2018-q4-major/bin/../lib/gcc/arm-none-eabi/8.2.1/../../../../arm-none-eabi/lib/thumb/v7e-m+fp/hard/libc_nano.a(lib_a-nano-svfprintf.o) (_realloc_r)
/home/the_3d6/devtools/gcc-arm-none-eabi-8-2018-q4-major/bin/../lib/gcc/arm-none-eabi/8.2.1/../../../../arm-none-eabi/lib/thumb/v7e-m+fp/hard/libc_nano.a(lib_a-sbrkr.o)
                              /home/the_3d6/devtools/gcc-arm-none-eabi-8-2018-q4-major/bin/../lib/gcc/arm-none-eabi/8.2.1/../../../../arm-none-eabi/lib/thumb/v7e-m+fp/hard/libc_nano.a(lib_a-nano-mallocr.o) (_sbrk_r)
/home/the_3d6/devtools/gcc-arm-none-eabi-8-2018-q4-major/bin/../lib/gcc/arm-none-eabi/8.2.1/../../../../arm-none-eabi/lib/thumb/v7e-m+fp/hard/libc_nano.a(lib_a-mlock.o)
                              /home/the_3d6/devtools/gcc-arm-none-eabi-8-2018-q4-major/bin/../lib/gcc/arm-none-eabi/8.2.1/../../../../arm-none-eabi/lib/thumb/v7e-m+fp/hard/libc_nano.a(lib_a-nano-freer.o) (__malloc_lock)
/home/the_3d6/devtools/gcc-arm-none-eabi-8-2018-q4-major/bin/../lib/gcc/arm-none-eabi/8.2.1/../../../../arm-none-eabi/lib/thumb/v7e-m+fp/hard/libc_nano.a(lib_a-nano-msizer.o)
                              /home/the_3d6/devtools/gcc-arm-none-eabi-8-2018-q4-major/bin/../lib/gcc/arm-none-eabi/8.2.1/../../../../arm-none-eabi/lib/thumb/v7e-m+fp/hard/libc_nano.a(lib_a-nano-reallocr.o) (_malloc_usable_size_r)
/home/the_3d6/devtools/gcc-arm-none-eabi-8-2018-q4-major/bin/../lib/gcc/arm-none-eabi/8.2.1/../../../../arm-none-eabi/lib/thumb/v7e-m+fp/hard/libc_nano.a(lib_a-reent.o)
                              /home/the_3d6/devtools/gcc-arm-none-eabi-8-2018-q4-major/bin/../lib/gcc/arm-none-eabi/8.2.1/../../../../arm-none-eabi/lib/thumb/v7e-m+fp/hard/libc_nano.a(lib_a-sbrkr.o) (errno)
/home/the_3d6/devtools/gcc-arm-none-eabi-8-2018-q4-major/bin/../lib/gcc/arm-none-eabi/8.2.1/../../../../arm-none-eabi/lib/thumb/v7e-m+fp/hard/libc_nano.a(lib_a-lock.o)
                              /home/the_3d6/devtools/gcc-arm-none-eabi-8-2018-q4-major/bin/../lib/gcc/arm-none-eabi/8.2.1/../../../../arm-none-eabi/lib/thumb/v7e-m+fp/hard/libc_nano.a(lib_a-mlock.o) (__retarget_lock_acquire_recursive)
/home/the_3d6/devtools/gcc-arm-none-eabi-8-2018-q4-major/bin/../lib/gcc/arm-none-eabi/8.2.1/../../../../arm-none-eabi/lib/thumb/v7e-m+fp/hard/libnosys.a(sbrk.o)
                              /home/the_3d6/devtools/gcc-arm-none-eabi-8-2018-q4-major/bin/../lib/gcc/arm-none-eabi/8.2.1/../../../../arm-none-eabi/lib/thumb/v7e-m+fp/hard/libc_nano.a(lib_a-sbrkr.o) (_sbrk)
/home/the_3d6/devtools/gcc-arm-none-eabi-8-2018-q4-major/bin/../lib/gcc/arm-none-eabi/8.2.1/../../../../arm-none-eabi/lib/thumb/v7e-m+fp/hard/libnosys.a(_exit.o)
                              /home/the_3d6/devtools/gcc-arm-none-eabi-8-2018-q4-major/bin/../lib/gcc/arm-none-eabi/8.2.1/../../../../arm-none-eabi/lib/thumb/v7e-m+fp/hard/libc_nano.a(lib_a-exit.o) (_exit)

Allocating common symbols
Common symbol       size              file

__lock___atexit_recursive_mutex
                    0x1               /home/the_3d6/devtools/gcc-arm-none-eabi-8-2018-q4-major/bin/../lib/gcc/arm-none-eabi/8.2.1/../../../../arm-none-eabi/lib/thumb/v7e-m+fp/hard/libc_nano.a(lib_a-lock.o)
__lock___arc4random_mutex
                    0x1               /home/the_3d6/devtools/gcc-arm-none-eabi-8-2018-q4-major/bin/../lib/gcc/arm-none-eabi/8.2.1/../../../../arm-none-eabi/lib/thumb/v7e-m+fp/hard/libc_nano.a(lib_a-lock.o)
pack_resp           0x10              build//uecgboot/main.c.o
errno               0x4               /home/the_3d6/devtools/gcc-arm-none-eabi-8-2018-q4-major/bin/../lib/gcc/arm-none-eabi/8.2.1/../../../../arm-none-eabi/lib/thumb/v7e-m+fp/hard/libc_nano.a(lib_a-reent.o)
uart_in_packet      0x12c             build//uecgboot/main.c.o
__lock___env_recursive_mutex
                    0x1               /home/the_3d6/devtools/gcc-arm-none-eabi-8-2018-q4-major/bin/../lib/gcc/arm-none-eabi/8.2.1/../../../../arm-none-eabi/lib/thumb/v7e-m+fp/hard/libc_nano.a(lib_a-lock.o)
__lock___sinit_recursive_mutex
                    0x1               /home/the_3d6/devtools/gcc-arm-none-eabi-8-2018-q4-major/bin/../lib/gcc/arm-none-eabi/8.2.1/../../../../arm-none-eabi/lib/thumb/v7e-m+fp/hard/libc_nano.a(lib_a-lock.o)
uart_buf            0x102             build//uecgboot/uart_interface.c.o
__lock___malloc_recursive_mutex
                    0x1               /home/the_3d6/devtools/gcc-arm-none-eabi-8-2018-q4-major/bin/../lib/gcc/arm-none-eabi/8.2.1/../../../../arm-none-eabi/lib/thumb/v7e-m+fp/hard/libc_nano.a(lib_a-lock.o)
radio_resp          0x10              build//uecgboot/main.c.o
umsg                0x100             build//uecgboot/main.c.o
tx_packet           0x100             build//uecgboot/fast_radio.c.o
__lock___at_quick_exit_mutex
                    0x1               /home/the_3d6/devtools/gcc-arm-none-eabi-8-2018-q4-major/bin/../lib/gcc/arm-none-eabi/8.2.1/../../../../arm-none-eabi/lib/thumb/v7e-m+fp/hard/libc_nano.a(lib_a-lock.o)
rx_packet           0x100             build//uecgboot/fast_radio.c.o
send_buf            0x100             build//uecgboot/uart_interface.c.o
__lock___dd_hash_mutex
                    0x1               /home/the_3d6/devtools/gcc-arm-none-eabi-8-2018-q4-major/bin/../lib/gcc/arm-none-eabi/8.2.1/../../../../arm-none-eabi/lib/thumb/v7e-m+fp/hard/libc_nano.a(lib_a-lock.o)
__lock___tz_mutex   0x1               /home/the_3d6/devtools/gcc-arm-none-eabi-8-2018-q4-major/bin/../lib/gcc/arm-none-eabi/8.2.1/../../../../arm-none-eabi/lib/thumb/v7e-m+fp/hard/libc_nano.a(lib_a-lock.o)
__lock___sfp_recursive_mutex
                    0x1               /home/the_3d6/devtools/gcc-arm-none-eabi-8-2018-q4-major/bin/../lib/gcc/arm-none-eabi/8.2.1/../../../../arm-none-eabi/lib/thumb/v7e-m+fp/hard/libc_nano.a(lib_a-lock.o)

Discarded input sections

 .text          0x0000000000000000        0x0 /home/the_3d6/devtools/gcc-arm-none-eabi-8-2018-q4-major/bin/../lib/gcc/arm-none-eabi/8.2.1/thumb/v7e-m+fp/hard/crti.o
 .data          0x0000000000000000        0x0 /home/the_3d6/devtools/gcc-arm-none-eabi-8-2018-q4-major/bin/../lib/gcc/arm-none-eabi/8.2.1/thumb/v7e-m+fp/hard/crti.o
 .bss           0x0000000000000000        0x0 /home/the_3d6/devtools/gcc-arm-none-eabi-8-2018-q4-major/bin/../lib/gcc/arm-none-eabi/8.2.1/thumb/v7e-m+fp/hard/crti.o
 .data          0x0000000000000000        0x4 /home/the_3d6/devtools/gcc-arm-none-eabi-8-2018-q4-major/bin/../lib/gcc/arm-none-eabi/8.2.1/thumb/v7e-m+fp/hard/crtbegin.o
 .data          0x0000000000000000        0x0 /home/the_3d6/devtools/gcc-arm-none-eabi-8-2018-q4-major/bin/../lib/gcc/arm-none-eabi/8.2.1/../../../../arm-none-eabi/lib/thumb/v7e-m+fp/hard/crt0.o
 .bss           0x0000000000000000        0x0 /home/the_3d6/devtools/gcc-arm-none-eabi-8-2018-q4-major/bin/../lib/gcc/arm-none-eabi/8.2.1/../../../../arm-none-eabi/lib/thumb/v7e-m+fp/hard/crt0.o
 .ARM.extab     0x0000000000000000        0x0 /home/the_3d6/devtools/gcc-arm-none-eabi-8-2018-q4-major/bin/../lib/gcc/arm-none-eabi/8.2.1/../../../../arm-none-eabi/lib/thumb/v7e-m+fp/hard/crt0.o
 .text          0x0000000000000000        0x0 build//uecgboot/main.c.o
 .data          0x0000000000000000        0x0 build//uecgboot/main.c.o
 .bss           0x0000000000000000        0x0 build//uecgboot/main.c.o
 .bss.pack_length
                0x0000000000000000        0x4 build//uecgboot/main.c.o
 .bss.pack_state
                0x0000000000000000        0x4 build//uecgboot/main.c.o
 .bss.pack_begin
                0x0000000000000000        0x4 build//uecgboot/main.c.o
 .text.check_uart_packet
                0x0000000000000000      0x1a4 build//uecgboot/main.c.o
 .text.process_boot_update
                0x0000000000000000      0x288 build//uecgboot/main.c.o
 .text          0x0000000000000000        0x0 build//uecgboot/timer_core.c.o
 .data          0x0000000000000000        0x0 build//uecgboot/timer_core.c.o
 .bss           0x0000000000000000        0x0 build//uecgboot/timer_core.c.o
 .text.NVIC_DisableIRQ
                0x0000000000000000       0x34 build//uecgboot/timer_core.c.o
 .bss.phase     0x0000000000000000        0x1 build//uecgboot/timer_core.c.o
 .text.pause_time
                0x0000000000000000       0x18 build//uecgboot/timer_core.c.o
 .text.resume_time
                0x0000000000000000       0x18 build//uecgboot/timer_core.c.o
 .text.seconds  0x0000000000000000       0x18 build//uecgboot/timer_core.c.o
 .text.shutdown_time
                0x0000000000000000       0x24 build//uecgboot/timer_core.c.o
 .text.powerup_time
                0x0000000000000000       0x24 build//uecgboot/timer_core.c.o
 .text          0x0000000000000000        0x0 build//uecgboot/fast_radio.c.o
 .data          0x0000000000000000        0x0 build//uecgboot/fast_radio.c.o
 .bss           0x0000000000000000        0x0 build//uecgboot/fast_radio.c.o
 .text.fr_mode_tx_only
                0x0000000000000000       0x54 build//uecgboot/fast_radio.c.o
 .text.fr_send  0x0000000000000000       0x50 build//uecgboot/fast_radio.c.o
 .text.fr_get_irq_cnt
                0x0000000000000000       0x18 build//uecgboot/fast_radio.c.o
 .text          0x0000000000000000        0x0 build//uecgboot/uart_interface.c.o
 .data          0x0000000000000000        0x0 build//uecgboot/uart_interface.c.o
 .bss           0x0000000000000000        0x0 build//uecgboot/uart_interface.c.o
 .text.NVIC_EnableIRQ
                0x0000000000000000       0x34 build//uecgboot/uart_interface.c.o
 .data.uart_buf_length
                0x0000000000000000        0x4 build//uecgboot/uart_interface.c.o
 .text.uart_init
                0x0000000000000000       0x78 build//uecgboot/uart_interface.c.o
 .text.uart_send_remains
                0x0000000000000000       0x4c build//uecgboot/uart_interface.c.o
 .text.get_rx_buf
                0x0000000000000000       0x14 build//uecgboot/uart_interface.c.o
 .text.get_rx_buf_length
                0x0000000000000000       0x18 build//uecgboot/uart_interface.c.o
 .data          0x0000000000000000        0x0 build//uecgboot/gcc_startup_nrf52832_bootloader.S.o
 .bss           0x0000000000000000        0x0 build//uecgboot/gcc_startup_nrf52832_bootloader.S.o
 .text          0x0000000000000000        0x0 /home/the_3d6/devtools/gcc-arm-none-eabi-8-2018-q4-major/bin/../lib/gcc/arm-none-eabi/8.2.1/../../../../arm-none-eabi/lib/thumb/v7e-m+fp/hard/libc_nano.a(lib_a-exit.o)
 .data          0x0000000000000000        0x0 /home/the_3d6/devtools/gcc-arm-none-eabi-8-2018-q4-major/bin/../lib/gcc/arm-none-eabi/8.2.1/../../../../arm-none-eabi/lib/thumb/v7e-m+fp/hard/libc_nano.a(lib_a-exit.o)
 .bss           0x0000000000000000        0x0 /home/the_3d6/devtools/gcc-arm-none-eabi-8-2018-q4-major/bin/../lib/gcc/arm-none-eabi/8.2.1/../../../../arm-none-eabi/lib/thumb/v7e-m+fp/hard/libc_nano.a(lib_a-exit.o)
 .text          0x0000000000000000        0x0 /home/the_3d6/devtools/gcc-arm-none-eabi-8-2018-q4-major/bin/../lib/gcc/arm-none-eabi/8.2.1/../../../../arm-none-eabi/lib/thumb/v7e-m+fp/hard/libc_nano.a(lib_a-impure.o)
 .data          0x0000000000000000        0x0 /home/the_3d6/devtools/gcc-arm-none-eabi-8-2018-q4-major/bin/../lib/gcc/arm-none-eabi/8.2.1/../../../../arm-none-eabi/lib/thumb/v7e-m+fp/hard/libc_nano.a(lib_a-impure.o)
 .bss           0x0000000000000000        0x0 /home/the_3d6/devtools/gcc-arm-none-eabi-8-2018-q4-major/bin/../lib/gcc/arm-none-eabi/8.2.1/../../../../arm-none-eabi/lib/thumb/v7e-m+fp/hard/libc_nano.a(lib_a-impure.o)
 .text          0x0000000000000000        0x0 /home/the_3d6/devtools/gcc-arm-none-eabi-8-2018-q4-major/bin/../lib/gcc/arm-none-eabi/8.2.1/../../../../arm-none-eabi/lib/thumb/v7e-m+fp/hard/libc_nano.a(lib_a-init.o)
 .data          0x0000000000000000        0x0 /home/the_3d6/devtools/gcc-arm-none-eabi-8-2018-q4-major/bin/../lib/gcc/arm-none-eabi/8.2.1/../../../../arm-none-eabi/lib/thumb/v7e-m+fp/hard/libc_nano.a(lib_a-init.o)
 .bss           0x0000000000000000        0x0 /home/the_3d6/devtools/gcc-arm-none-eabi-8-2018-q4-major/bin/../lib/gcc/arm-none-eabi/8.2.1/../../../../arm-none-eabi/lib/thumb/v7e-m+fp/hard/libc_nano.a(lib_a-init.o)
 .text          0x0000000000000000        0x0 /home/the_3d6/devtools/gcc-arm-none-eabi-8-2018-q4-major/bin/../lib/gcc/arm-none-eabi/8.2.1/../../../../arm-none-eabi/lib/thumb/v7e-m+fp/hard/libc_nano.a(lib_a-memset.o)
 .data          0x0000000000000000        0x0 /home/the_3d6/devtools/gcc-arm-none-eabi-8-2018-q4-major/bin/../lib/gcc/arm-none-eabi/8.2.1/../../../../arm-none-eabi/lib/thumb/v7e-m+fp/hard/libc_nano.a(lib_a-memset.o)
 .bss           0x0000000000000000        0x0 /home/the_3d6/devtools/gcc-arm-none-eabi-8-2018-q4-major/bin/../lib/gcc/arm-none-eabi/8.2.1/../../../../arm-none-eabi/lib/thumb/v7e-m+fp/hard/libc_nano.a(lib_a-memset.o)
 .text          0x0000000000000000        0x0 /home/the_3d6/devtools/gcc-arm-none-eabi-8-2018-q4-major/bin/../lib/gcc/arm-none-eabi/8.2.1/../../../../arm-none-eabi/lib/thumb/v7e-m+fp/hard/libc_nano.a(lib_a-vsnprintf.o)
 .data          0x0000000000000000        0x0 /home/the_3d6/devtools/gcc-arm-none-eabi-8-2018-q4-major/bin/../lib/gcc/arm-none-eabi/8.2.1/../../../../arm-none-eabi/lib/thumb/v7e-m+fp/hard/libc_nano.a(lib_a-vsnprintf.o)
 .bss           0x0000000000000000        0x0 /home/the_3d6/devtools/gcc-arm-none-eabi-8-2018-q4-major/bin/../lib/gcc/arm-none-eabi/8.2.1/../../../../arm-none-eabi/lib/thumb/v7e-m+fp/hard/libc_nano.a(lib_a-vsnprintf.o)
 .text          0x0000000000000000        0x0 /home/the_3d6/devtools/gcc-arm-none-eabi-8-2018-q4-major/bin/../lib/gcc/arm-none-eabi/8.2.1/../../../../arm-none-eabi/lib/thumb/v7e-m+fp/hard/libc_nano.a(lib_a-nano-svfprintf.o)
 .data          0x0000000000000000        0x0 /home/the_3d6/devtools/gcc-arm-none-eabi-8-2018-q4-major/bin/../lib/gcc/arm-none-eabi/8.2.1/../../../../arm-none-eabi/lib/thumb/v7e-m+fp/hard/libc_nano.a(lib_a-nano-svfprintf.o)
 .bss           0x0000000000000000        0x0 /home/the_3d6/devtools/gcc-arm-none-eabi-8-2018-q4-major/bin/../lib/gcc/arm-none-eabi/8.2.1/../../../../arm-none-eabi/lib/thumb/v7e-m+fp/hard/libc_nano.a(lib_a-nano-svfprintf.o)
 .text.__ssprint_r
                0x0000000000000000       0xf0 /home/the_3d6/devtools/gcc-arm-none-eabi-8-2018-q4-major/bin/../lib/gcc/arm-none-eabi/8.2.1/../../../../arm-none-eabi/lib/thumb/v7e-m+fp/hard/libc_nano.a(lib_a-nano-svfprintf.o)
 .text          0x0000000000000000        0x0 /home/the_3d6/devtools/gcc-arm-none-eabi-8-2018-q4-major/bin/../lib/gcc/arm-none-eabi/8.2.1/../../../../arm-none-eabi/lib/thumb/v7e-m+fp/hard/libc_nano.a(lib_a-nano-vfprintf_i.o)
 .data          0x0000000000000000        0x0 /home/the_3d6/devtools/gcc-arm-none-eabi-8-2018-q4-major/bin/../lib/gcc/arm-none-eabi/8.2.1/../../../../arm-none-eabi/lib/thumb/v7e-m+fp/hard/libc_nano.a(lib_a-nano-vfprintf_i.o)
 .bss           0x0000000000000000        0x0 /home/the_3d6/devtools/gcc-arm-none-eabi-8-2018-q4-major/bin/../lib/gcc/arm-none-eabi/8.2.1/../../../../arm-none-eabi/lib/thumb/v7e-m+fp/hard/libc_nano.a(lib_a-nano-vfprintf_i.o)
 .data          0x0000000000000000        0x0 /home/the_3d6/devtools/gcc-arm-none-eabi-8-2018-q4-major/bin/../lib/gcc/arm-none-eabi/8.2.1/../../../../arm-none-eabi/lib/thumb/v7e-m+fp/hard/libc_nano.a(lib_a-memchr.o)
 .bss           0x0000000000000000        0x0 /home/the_3d6/devtools/gcc-arm-none-eabi-8-2018-q4-major/bin/../lib/gcc/arm-none-eabi/8.2.1/../../../../arm-none-eabi/lib/thumb/v7e-m+fp/hard/libc_nano.a(lib_a-memchr.o)
 .text          0x0000000000000000        0x0 /home/the_3d6/devtools/gcc-arm-none-eabi-8-2018-q4-major/bin/../lib/gcc/arm-none-eabi/8.2.1/../../../../arm-none-eabi/lib/thumb/v7e-m+fp/hard/libc_nano.a(lib_a-memcpy-stub.o)
 .data          0x0000000000000000        0x0 /home/the_3d6/devtools/gcc-arm-none-eabi-8-2018-q4-major/bin/../lib/gcc/arm-none-eabi/8.2.1/../../../../arm-none-eabi/lib/thumb/v7e-m+fp/hard/libc_nano.a(lib_a-memcpy-stub.o)
 .bss           0x0000000000000000        0x0 /home/the_3d6/devtools/gcc-arm-none-eabi-8-2018-q4-major/bin/../lib/gcc/arm-none-eabi/8.2.1/../../../../arm-none-eabi/lib/thumb/v7e-m+fp/hard/libc_nano.a(lib_a-memcpy-stub.o)
 .text          0x0000000000000000        0x0 /home/the_3d6/devtools/gcc-arm-none-eabi-8-2018-q4-major/bin/../lib/gcc/arm-none-eabi/8.2.1/../../../../arm-none-eabi/lib/thumb/v7e-m+fp/hard/libc_nano.a(lib_a-memmove.o)
 .data          0x0000000000000000        0x0 /home/the_3d6/devtools/gcc-arm-none-eabi-8-2018-q4-major/bin/../lib/gcc/arm-none-eabi/8.2.1/../../../../arm-none-eabi/lib/thumb/v7e-m+fp/hard/libc_nano.a(lib_a-memmove.o)
 .bss           0x0000000000000000        0x0 /home/the_3d6/devtools/gcc-arm-none-eabi-8-2018-q4-major/bin/../lib/gcc/arm-none-eabi/8.2.1/../../../../arm-none-eabi/lib/thumb/v7e-m+fp/hard/libc_nano.a(lib_a-memmove.o)
 .text          0x0000000000000000        0x0 /home/the_3d6/devtools/gcc-arm-none-eabi-8-2018-q4-major/bin/../lib/gcc/arm-none-eabi/8.2.1/../../../../arm-none-eabi/lib/thumb/v7e-m+fp/hard/libc_nano.a(lib_a-nano-freer.o)
 .data          0x0000000000000000        0x0 /home/the_3d6/devtools/gcc-arm-none-eabi-8-2018-q4-major/bin/../lib/gcc/arm-none-eabi/8.2.1/../../../../arm-none-eabi/lib/thumb/v7e-m+fp/hard/libc_nano.a(lib_a-nano-freer.o)
 .bss           0x0000000000000000        0x0 /home/the_3d6/devtools/gcc-arm-none-eabi-8-2018-q4-major/bin/../lib/gcc/arm-none-eabi/8.2.1/../../../../arm-none-eabi/lib/thumb/v7e-m+fp/hard/libc_nano.a(lib_a-nano-freer.o)
 .text          0x0000000000000000        0x0 /home/the_3d6/devtools/gcc-arm-none-eabi-8-2018-q4-major/bin/../lib/gcc/arm-none-eabi/8.2.1/../../../../arm-none-eabi/lib/thumb/v7e-m+fp/hard/libc_nano.a(lib_a-nano-mallocr.o)
 .data          0x0000000000000000        0x0 /home/the_3d6/devtools/gcc-arm-none-eabi-8-2018-q4-major/bin/../lib/gcc/arm-none-eabi/8.2.1/../../../../arm-none-eabi/lib/thumb/v7e-m+fp/hard/libc_nano.a(lib_a-nano-mallocr.o)
 .bss           0x0000000000000000        0x0 /home/the_3d6/devtools/gcc-arm-none-eabi-8-2018-q4-major/bin/../lib/gcc/arm-none-eabi/8.2.1/../../../../arm-none-eabi/lib/thumb/v7e-m+fp/hard/libc_nano.a(lib_a-nano-mallocr.o)
 .text          0x0000000000000000        0x0 /home/the_3d6/devtools/gcc-arm-none-eabi-8-2018-q4-major/bin/../lib/gcc/arm-none-eabi/8.2.1/../../../../arm-none-eabi/lib/thumb/v7e-m+fp/hard/libc_nano.a(lib_a-nano-reallocr.o)
 .data          0x0000000000000000        0x0 /home/the_3d6/devtools/gcc-arm-none-eabi-8-2018-q4-major/bin/../lib/gcc/arm-none-eabi/8.2.1/../../../../arm-none-eabi/lib/thumb/v7e-m+fp/hard/libc_nano.a(lib_a-nano-reallocr.o)
 .bss           0x0000000000000000        0x0 /home/the_3d6/devtools/gcc-arm-none-eabi-8-2018-q4-major/bin/../lib/gcc/arm-none-eabi/8.2.1/../../../../arm-none-eabi/lib/thumb/v7e-m+fp/hard/libc_nano.a(lib_a-nano-reallocr.o)
 .text          0x0000000000000000        0x0 /home/the_3d6/devtools/gcc-arm-none-eabi-8-2018-q4-major/bin/../lib/gcc/arm-none-eabi/8.2.1/../../../../arm-none-eabi/lib/thumb/v7e-m+fp/hard/libc_nano.a(lib_a-sbrkr.o)
 .data          0x0000000000000000        0x0 /home/the_3d6/devtools/gcc-arm-none-eabi-8-2018-q4-major/bin/../lib/gcc/arm-none-eabi/8.2.1/../../../../arm-none-eabi/lib/thumb/v7e-m+fp/hard/libc_nano.a(lib_a-sbrkr.o)
 .bss           0x0000000000000000        0x0 /home/the_3d6/devtools/gcc-arm-none-eabi-8-2018-q4-major/bin/../lib/gcc/arm-none-eabi/8.2.1/../../../../arm-none-eabi/lib/thumb/v7e-m+fp/hard/libc_nano.a(lib_a-sbrkr.o)
 .text          0x0000000000000000        0x0 /home/the_3d6/devtools/gcc-arm-none-eabi-8-2018-q4-major/bin/../lib/gcc/arm-none-eabi/8.2.1/../../../../arm-none-eabi/lib/thumb/v7e-m+fp/hard/libc_nano.a(lib_a-mlock.o)
 .data          0x0000000000000000        0x0 /home/the_3d6/devtools/gcc-arm-none-eabi-8-2018-q4-major/bin/../lib/gcc/arm-none-eabi/8.2.1/../../../../arm-none-eabi/lib/thumb/v7e-m+fp/hard/libc_nano.a(lib_a-mlock.o)
 .bss           0x0000000000000000        0x0 /home/the_3d6/devtools/gcc-arm-none-eabi-8-2018-q4-major/bin/../lib/gcc/arm-none-eabi/8.2.1/../../../../arm-none-eabi/lib/thumb/v7e-m+fp/hard/libc_nano.a(lib_a-mlock.o)
 .text          0x0000000000000000        0x0 /home/the_3d6/devtools/gcc-arm-none-eabi-8-2018-q4-major/bin/../lib/gcc/arm-none-eabi/8.2.1/../../../../arm-none-eabi/lib/thumb/v7e-m+fp/hard/libc_nano.a(lib_a-nano-msizer.o)
 .data          0x0000000000000000        0x0 /home/the_3d6/devtools/gcc-arm-none-eabi-8-2018-q4-major/bin/../lib/gcc/arm-none-eabi/8.2.1/../../../../arm-none-eabi/lib/thumb/v7e-m+fp/hard/libc_nano.a(lib_a-nano-msizer.o)
 .bss           0x0000000000000000        0x0 /home/the_3d6/devtools/gcc-arm-none-eabi-8-2018-q4-major/bin/../lib/gcc/arm-none-eabi/8.2.1/../../../../arm-none-eabi/lib/thumb/v7e-m+fp/hard/libc_nano.a(lib_a-nano-msizer.o)
 .text          0x0000000000000000        0x0 /home/the_3d6/devtools/gcc-arm-none-eabi-8-2018-q4-major/bin/../lib/gcc/arm-none-eabi/8.2.1/../../../../arm-none-eabi/lib/thumb/v7e-m+fp/hard/libc_nano.a(lib_a-reent.o)
 .data          0x0000000000000000        0x0 /home/the_3d6/devtools/gcc-arm-none-eabi-8-2018-q4-major/bin/../lib/gcc/arm-none-eabi/8.2.1/../../../../arm-none-eabi/lib/thumb/v7e-m+fp/hard/libc_nano.a(lib_a-reent.o)
 .bss           0x0000000000000000        0x0 /home/the_3d6/devtools/gcc-arm-none-eabi-8-2018-q4-major/bin/../lib/gcc/arm-none-eabi/8.2.1/../../../../arm-none-eabi/lib/thumb/v7e-m+fp/hard/libc_nano.a(lib_a-reent.o)
 .text.cleanup_glue
                0x0000000000000000       0x1a /home/the_3d6/devtools/gcc-arm-none-eabi-8-2018-q4-major/bin/../lib/gcc/arm-none-eabi/8.2.1/../../../../arm-none-eabi/lib/thumb/v7e-m+fp/hard/libc_nano.a(lib_a-reent.o)
 .text._reclaim_reent
                0x0000000000000000       0xb8 /home/the_3d6/devtools/gcc-arm-none-eabi-8-2018-q4-major/bin/../lib/gcc/arm-none-eabi/8.2.1/../../../../arm-none-eabi/lib/thumb/v7e-m+fp/hard/libc_nano.a(lib_a-reent.o)
 .text          0x0000000000000000        0x0 /home/the_3d6/devtools/gcc-arm-none-eabi-8-2018-q4-major/bin/../lib/gcc/arm-none-eabi/8.2.1/../../../../arm-none-eabi/lib/thumb/v7e-m+fp/hard/libc_nano.a(lib_a-lock.o)
 .data          0x0000000000000000        0x0 /home/the_3d6/devtools/gcc-arm-none-eabi-8-2018-q4-major/bin/../lib/gcc/arm-none-eabi/8.2.1/../../../../arm-none-eabi/lib/thumb/v7e-m+fp/hard/libc_nano.a(lib_a-lock.o)
 .bss           0x0000000000000000        0x0 /home/the_3d6/devtools/gcc-arm-none-eabi-8-2018-q4-major/bin/../lib/gcc/arm-none-eabi/8.2.1/../../../../arm-none-eabi/lib/thumb/v7e-m+fp/hard/libc_nano.a(lib_a-lock.o)
 .text.__retarget_lock_init
                0x0000000000000000        0x2 /home/the_3d6/devtools/gcc-arm-none-eabi-8-2018-q4-major/bin/../lib/gcc/arm-none-eabi/8.2.1/../../../../arm-none-eabi/lib/thumb/v7e-m+fp/hard/libc_nano.a(lib_a-lock.o)
 .text.__retarget_lock_init_recursive
                0x0000000000000000        0x2 /home/the_3d6/devtools/gcc-arm-none-eabi-8-2018-q4-major/bin/../lib/gcc/arm-none-eabi/8.2.1/../../../../arm-none-eabi/lib/thumb/v7e-m+fp/hard/libc_nano.a(lib_a-lock.o)
 .text.__retarget_lock_close
                0x0000000000000000        0x2 /home/the_3d6/devtools/gcc-arm-none-eabi-8-2018-q4-major/bin/../lib/gcc/arm-none-eabi/8.2.1/../../../../arm-none-eabi/lib/thumb/v7e-m+fp/hard/libc_nano.a(lib_a-lock.o)
 .text.__retarget_lock_close_recursive
                0x0000000000000000        0x2 /home/the_3d6/devtools/gcc-arm-none-eabi-8-2018-q4-major/bin/../lib/gcc/arm-none-eabi/8.2.1/../../../../arm-none-eabi/lib/thumb/v7e-m+fp/hard/libc_nano.a(lib_a-lock.o)
 .text.__retarget_lock_acquire
                0x0000000000000000        0x2 /home/the_3d6/devtools/gcc-arm-none-eabi-8-2018-q4-major/bin/../lib/gcc/arm-none-eabi/8.2.1/../../../../arm-none-eabi/lib/thumb/v7e-m+fp/hard/libc_nano.a(lib_a-lock.o)
 .text.__retarget_lock_try_acquire
                0x0000000000000000        0x4 /home/the_3d6/devtools/gcc-arm-none-eabi-8-2018-q4-major/bin/../lib/gcc/arm-none-eabi/8.2.1/../../../../arm-none-eabi/lib/thumb/v7e-m+fp/hard/libc_nano.a(lib_a-lock.o)
 .text.__retarget_lock_try_acquire_recursive
                0x0000000000000000        0x4 /home/the_3d6/devtools/gcc-arm-none-eabi-8-2018-q4-major/bin/../lib/gcc/arm-none-eabi/8.2.1/../../../../arm-none-eabi/lib/thumb/v7e-m+fp/hard/libc_nano.a(lib_a-lock.o)
 .text.__retarget_lock_release
                0x0000000000000000        0x2 /home/the_3d6/devtools/gcc-arm-none-eabi-8-2018-q4-major/bin/../lib/gcc/arm-none-eabi/8.2.1/../../../../arm-none-eabi/lib/thumb/v7e-m+fp/hard/libc_nano.a(lib_a-lock.o)
 .text          0x0000000000000000        0x0 /home/the_3d6/devtools/gcc-arm-none-eabi-8-2018-q4-major/bin/../lib/gcc/arm-none-eabi/8.2.1/../../../../arm-none-eabi/lib/thumb/v7e-m+fp/hard/libnosys.a(sbrk.o)
 .data          0x0000000000000000        0x0 /home/the_3d6/devtools/gcc-arm-none-eabi-8-2018-q4-major/bin/../lib/gcc/arm-none-eabi/8.2.1/../../../../arm-none-eabi/lib/thumb/v7e-m+fp/hard/libnosys.a(sbrk.o)
 .bss           0x0000000000000000        0x0 /home/the_3d6/devtools/gcc-arm-none-eabi-8-2018-q4-major/bin/../lib/gcc/arm-none-eabi/8.2.1/../../../../arm-none-eabi/lib/thumb/v7e-m+fp/hard/libnosys.a(sbrk.o)
 .text          0x0000000000000000        0x0 /home/the_3d6/devtools/gcc-arm-none-eabi-8-2018-q4-major/bin/../lib/gcc/arm-none-eabi/8.2.1/../../../../arm-none-eabi/lib/thumb/v7e-m+fp/hard/libnosys.a(_exit.o)
 .data          0x0000000000000000        0x0 /home/the_3d6/devtools/gcc-arm-none-eabi-8-2018-q4-major/bin/../lib/gcc/arm-none-eabi/8.2.1/../../../../arm-none-eabi/lib/thumb/v7e-m+fp/hard/libnosys.a(_exit.o)
 .bss           0x0000000000000000        0x0 /home/the_3d6/devtools/gcc-arm-none-eabi-8-2018-q4-major/bin/../lib/gcc/arm-none-eabi/8.2.1/../../../../arm-none-eabi/lib/thumb/v7e-m+fp/hard/libnosys.a(_exit.o)
 .text          0x0000000000000000        0x0 /home/the_3d6/devtools/gcc-arm-none-eabi-8-2018-q4-major/bin/../lib/gcc/arm-none-eabi/8.2.1/thumb/v7e-m+fp/hard/crtend.o
 .data          0x0000000000000000        0x0 /home/the_3d6/devtools/gcc-arm-none-eabi-8-2018-q4-major/bin/../lib/gcc/arm-none-eabi/8.2.1/thumb/v7e-m+fp/hard/crtend.o
 .bss           0x0000000000000000        0x0 /home/the_3d6/devtools/gcc-arm-none-eabi-8-2018-q4-major/bin/../lib/gcc/arm-none-eabi/8.2.1/thumb/v7e-m+fp/hard/crtend.o
 .text          0x0000000000000000        0x0 /home/the_3d6/devtools/gcc-arm-none-eabi-8-2018-q4-major/bin/../lib/gcc/arm-none-eabi/8.2.1/thumb/v7e-m+fp/hard/crtn.o
 .data          0x0000000000000000        0x0 /home/the_3d6/devtools/gcc-arm-none-eabi-8-2018-q4-major/bin/../lib/gcc/arm-none-eabi/8.2.1/thumb/v7e-m+fp/hard/crtn.o
 .bss           0x0000000000000000        0x0 /home/the_3d6/devtools/gcc-arm-none-eabi-8-2018-q4-major/bin/../lib/gcc/arm-none-eabi/8.2.1/thumb/v7e-m+fp/hard/crtn.o

Memory Configuration

Name             Origin             Length             Attributes
FLASH            0x0000000000000000 0x0000000000003000 xr
RAM              0x0000000020000000 0x0000000000010000 xrw
*default*        0x0000000000000000 0xffffffffffffffff

Linker script and memory map


.text           0x0000000000000000     0x1f24
 *(.isr_vector)
 .isr_vector    0x0000000000000000      0x200 build//uecgboot/gcc_startup_nrf52832_bootloader.S.o
                0x0000000000000000                __isr_vector
 *(.text*)
 .text          0x0000000000000200       0x40 /home/the_3d6/devtools/gcc-arm-none-eabi-8-2018-q4-major/bin/../lib/gcc/arm-none-eabi/8.2.1/thumb/v7e-m+fp/hard/crtbegin.o
 .text          0x0000000000000240       0x74 /home/the_3d6/devtools/gcc-arm-none-eabi-8-2018-q4-major/bin/../lib/gcc/arm-none-eabi/8.2.1/../../../../arm-none-eabi/lib/thumb/v7e-m+fp/hard/crt0.o
                0x0000000000000240                _mainCRTStartup
                0x0000000000000240                _start
 .text.uprintf  0x00000000000002b4       0x30 build//uecgboot/main.c.o
                0x00000000000002b4                uprintf
 .text.start_code_test
                0x00000000000002e4       0x2a build//uecgboot/main.c.o
 .text.start_code2
                0x000000000000030e       0x20 build//uecgboot/main.c.o
 *fill*         0x000000000000032e        0x2 
 .text.binary_exec
                0x0000000000000330       0x88 build//uecgboot/main.c.o
                0x0000000000000330                binary_exec
 .text.erase_page
                0x00000000000003b8       0x60 build//uecgboot/main.c.o
                0x00000000000003b8                erase_page
 .text.write_word
                0x0000000000000418       0x60 build//uecgboot/main.c.o
                0x0000000000000418                write_word
 .text.parse_in_packet
                0x0000000000000478      0x648 build//uecgboot/main.c.o
                0x0000000000000478                parse_in_packet
 .text.SystemInit
                0x0000000000000ac0        0xe build//uecgboot/main.c.o
                0x0000000000000ac0                SystemInit
 *fill*         0x0000000000000ace        0x2 
 .text.main     0x0000000000000ad0      0x1e4 build//uecgboot/main.c.o
                0x0000000000000ad0                main
 .text.NVIC_EnableIRQ
                0x0000000000000cb4       0x34 build//uecgboot/timer_core.c.o
 .text.start_time
                0x0000000000000ce8       0x54 build//uecgboot/timer_core.c.o
                0x0000000000000ce8                start_time
 .text.micros   0x0000000000000d3c       0x18 build//uecgboot/timer_core.c.o
                0x0000000000000d3c                micros
 .text.millis   0x0000000000000d54       0x18 build//uecgboot/timer_core.c.o
                0x0000000000000d54                millis
 .text.TIMER2_IRQHandler
                0x0000000000000d6c       0x80 build//uecgboot/timer_core.c.o
                0x0000000000000d6c                TIMER2_IRQHandler
 .text.delay_ms
                0x0000000000000dec       0x40 build//uecgboot/timer_core.c.o
                0x0000000000000dec                delay_ms
 .text.NVIC_EnableIRQ
                0x0000000000000e2c       0x34 build//uecgboot/fast_radio.c.o
 .text.fr_disable
                0x0000000000000e60       0x48 build//uecgboot/fast_radio.c.o
                0x0000000000000e60                fr_disable
 .text.fr_init  0x0000000000000ea8       0xc8 build//uecgboot/fast_radio.c.o
                0x0000000000000ea8                fr_init
 .text.fr_mode_rx_only
                0x0000000000000f70       0x5c build//uecgboot/fast_radio.c.o
                0x0000000000000f70                fr_mode_rx_only
 .text.fr_mode_tx_then_rx
                0x0000000000000fcc       0x7c build//uecgboot/fast_radio.c.o
                0x0000000000000fcc                fr_mode_tx_then_rx
 .text.fr_listen
                0x0000000000001048       0x2c build//uecgboot/fast_radio.c.o
                0x0000000000001048                fr_listen
 .text.fr_send_and_listen
                0x0000000000001074       0x50 build//uecgboot/fast_radio.c.o
                0x0000000000001074                fr_send_and_listen
 .text.fr_has_new_packet
                0x00000000000010c4       0x28 build//uecgboot/fast_radio.c.o
                0x00000000000010c4                fr_has_new_packet
 .text.fr_get_packet
                0x00000000000010ec       0x5c build//uecgboot/fast_radio.c.o
                0x00000000000010ec                fr_get_packet
 .text.RADIO_IRQHandler
                0x0000000000001148      0x148 build//uecgboot/fast_radio.c.o
                0x0000000000001148                RADIO_IRQHandler
 .text.uart_send
                0x0000000000001290       0xb8 build//uecgboot/uart_interface.c.o
                0x0000000000001290                uart_send
 .text.UARTE0_UART0_IRQHandler
                0x0000000000001348       0xa0 build//uecgboot/uart_interface.c.o
                0x0000000000001348                UARTE0_UART0_IRQHandler
 .text.get_rx_position
                0x00000000000013e8       0x18 build//uecgboot/uart_interface.c.o
                0x00000000000013e8                get_rx_position
 .text          0x0000000000001400       0x3c build//uecgboot/gcc_startup_nrf52832_bootloader.S.o
                0x0000000000001400                Reset_Handler
                0x0000000000001428                NMI_Handler
                0x000000000000142a                HardFault_Handler
                0x000000000000142c                MemoryManagement_Handler
                0x000000000000142e                BusFault_Handler
                0x0000000000001430                UsageFault_Handler
                0x0000000000001432                SVC_Handler
                0x0000000000001434                DebugMon_Handler
                0x0000000000001436                PendSV_Handler
                0x0000000000001438                SysTick_Handler
                0x000000000000143a                RTC0_IRQHandler
                0x000000000000143a                SWI0_EGU0_IRQHandler
                0x000000000000143a                SWI2_EGU2_IRQHandler
                0x000000000000143a                GPIOTE_IRQHandler
                0x000000000000143a                PWM1_IRQHandler
                0x000000000000143a                POWER_CLOCK_IRQHandler
                0x000000000000143a                PDM_IRQHandler
                0x000000000000143a                TEMP_IRQHandler
                0x000000000000143a                QDEC_IRQHandler
                0x000000000000143a                TIMER3_IRQHandler
                0x000000000000143a                FPU_IRQHandler
                0x000000000000143a                SPIM0_SPIS0_TWIM0_TWIS0_SPI0_TWI0_IRQHandler
                0x000000000000143a                TIMER4_IRQHandler
                0x000000000000143a                I2S_IRQHandler
                0x000000000000143a                SWI4_EGU4_IRQHandler
                0x000000000000143a                TIMER0_IRQHandler
                0x000000000000143a                TIMER1_IRQHandler
                0x000000000000143a                PWM2_IRQHandler
                0x000000000000143a                ECB_IRQHandler
                0x000000000000143a                SPIM1_SPIS1_TWIM1_TWIS1_SPI1_TWI1_IRQHandler
                0x000000000000143a                Default_Handler
                0x000000000000143a                SAADC_IRQHandler
                0x000000000000143a                CCM_AAR_IRQHandler
                0x000000000000143a                WDT_IRQHandler
                0x000000000000143a                SWI5_EGU5_IRQHandler
                0x000000000000143a                RNG_IRQHandler
                0x000000000000143a                RTC2_IRQHandler
                0x000000000000143a                PWM0_IRQHandler
                0x000000000000143a                SWI3_EGU3_IRQHandler
                0x000000000000143a                RTC1_IRQHandler
                0x000000000000143a                SWI1_EGU1_IRQHandler
                0x000000000000143a                SPIM2_SPIS2_SPI2_IRQHandler
                0x000000000000143a                NFCT_IRQHandler
                0x000000000000143a                MWU_IRQHandler
                0x000000000000143a                COMP_LPCOMP_IRQHandler
 .text.exit     0x000000000000143c       0x28 /home/the_3d6/devtools/gcc-arm-none-eabi-8-2018-q4-major/bin/../lib/gcc/arm-none-eabi/8.2.1/../../../../arm-none-eabi/lib/thumb/v7e-m+fp/hard/libc_nano.a(lib_a-exit.o)
                0x000000000000143c                exit
 .text.__libc_init_array
                0x0000000000001464       0x48 /home/the_3d6/devtools/gcc-arm-none-eabi-8-2018-q4-major/bin/../lib/gcc/arm-none-eabi/8.2.1/../../../../arm-none-eabi/lib/thumb/v7e-m+fp/hard/libc_nano.a(lib_a-init.o)
                0x0000000000001464                __libc_init_array
 .text.memset   0x00000000000014ac       0x10 /home/the_3d6/devtools/gcc-arm-none-eabi-8-2018-q4-major/bin/../lib/gcc/arm-none-eabi/8.2.1/../../../../arm-none-eabi/lib/thumb/v7e-m+fp/hard/libc_nano.a(lib_a-memset.o)
                0x00000000000014ac                memset
 .text._vsnprintf_r
                0x00000000000014bc       0x58 /home/the_3d6/devtools/gcc-arm-none-eabi-8-2018-q4-major/bin/../lib/gcc/arm-none-eabi/8.2.1/../../../../arm-none-eabi/lib/thumb/v7e-m+fp/hard/libc_nano.a(lib_a-vsnprintf.o)
                0x00000000000014bc                _vsnprintf_r
                0x00000000000014bc                _vsniprintf_r
 .text.vsnprintf
                0x0000000000001514       0x1c /home/the_3d6/devtools/gcc-arm-none-eabi-8-2018-q4-major/bin/../lib/gcc/arm-none-eabi/8.2.1/../../../../arm-none-eabi/lib/thumb/v7e-m+fp/hard/libc_nano.a(lib_a-vsnprintf.o)
                0x0000000000001514                vsnprintf
                0x0000000000001514                vsniprintf
 .text.__ssputs_r
                0x0000000000001530       0xb6 /home/the_3d6/devtools/gcc-arm-none-eabi-8-2018-q4-major/bin/../lib/gcc/arm-none-eabi/8.2.1/../../../../arm-none-eabi/lib/thumb/v7e-m+fp/hard/libc_nano.a(lib_a-nano-svfprintf.o)
                0x0000000000001530                __ssputs_r
 *fill*         0x00000000000015e6        0x2 
 .text._svfprintf_r
                0x00000000000015e8      0x1f0 /home/the_3d6/devtools/gcc-arm-none-eabi-8-2018-q4-major/bin/../lib/gcc/arm-none-eabi/8.2.1/../../../../arm-none-eabi/lib/thumb/v7e-m+fp/hard/libc_nano.a(lib_a-nano-svfprintf.o)
                0x00000000000015e8                _svfprintf_r
                0x00000000000015e8                _svfiprintf_r
 .text._printf_common
                0x00000000000017d8       0xea /home/the_3d6/devtools/gcc-arm-none-eabi-8-2018-q4-major/bin/../lib/gcc/arm-none-eabi/8.2.1/../../../../arm-none-eabi/lib/thumb/v7e-m+fp/hard/libc_nano.a(lib_a-nano-vfprintf_i.o)
                0x00000000000017d8                _printf_common
 *fill*         0x00000000000018c2        0x2 
 .text._printf_i
                0x00000000000018c4      0x228 /home/the_3d6/devtools/gcc-arm-none-eabi-8-2018-q4-major/bin/../lib/gcc/arm-none-eabi/8.2.1/../../../../arm-none-eabi/lib/thumb/v7e-m+fp/hard/libc_nano.a(lib_a-nano-vfprintf_i.o)
                0x00000000000018c4                _printf_i
 *fill*         0x0000000000001aec        0x4 
 .text          0x0000000000001af0       0xa0 /home/the_3d6/devtools/gcc-arm-none-eabi-8-2018-q4-major/bin/../lib/gcc/arm-none-eabi/8.2.1/../../../../arm-none-eabi/lib/thumb/v7e-m+fp/hard/libc_nano.a(lib_a-memchr.o)
                0x0000000000001af0                memchr
 .text.memcpy   0x0000000000001b90       0x1c /home/the_3d6/devtools/gcc-arm-none-eabi-8-2018-q4-major/bin/../lib/gcc/arm-none-eabi/8.2.1/../../../../arm-none-eabi/lib/thumb/v7e-m+fp/hard/libc_nano.a(lib_a-memcpy-stub.o)
                0x0000000000001b90                memcpy
 .text.memmove  0x0000000000001bac       0x34 /home/the_3d6/devtools/gcc-arm-none-eabi-8-2018-q4-major/bin/../lib/gcc/arm-none-eabi/8.2.1/../../../../arm-none-eabi/lib/thumb/v7e-m+fp/hard/libc_nano.a(lib_a-memmove.o)
                0x0000000000001bac                memmove
 .text._free_r  0x0000000000001be0       0x9c /home/the_3d6/devtools/gcc-arm-none-eabi-8-2018-q4-major/bin/../lib/gcc/arm-none-eabi/8.2.1/../../../../arm-none-eabi/lib/thumb/v7e-m+fp/hard/libc_nano.a(lib_a-nano-freer.o)
                0x0000000000001be0                _free_r
 .text._malloc_r
                0x0000000000001c7c       0xb4 /home/the_3d6/devtools/gcc-arm-none-eabi-8-2018-q4-major/bin/../lib/gcc/arm-none-eabi/8.2.1/../../../../arm-none-eabi/lib/thumb/v7e-m+fp/hard/libc_nano.a(lib_a-nano-mallocr.o)
                0x0000000000001c7c                _malloc_r
 .text._realloc_r
                0x0000000000001d30       0x4c /home/the_3d6/devtools/gcc-arm-none-eabi-8-2018-q4-major/bin/../lib/gcc/arm-none-eabi/8.2.1/../../../../arm-none-eabi/lib/thumb/v7e-m+fp/hard/libc_nano.a(lib_a-nano-reallocr.o)
                0x0000000000001d30                _realloc_r
 .text._sbrk_r  0x0000000000001d7c       0x20 /home/the_3d6/devtools/gcc-arm-none-eabi-8-2018-q4-major/bin/../lib/gcc/arm-none-eabi/8.2.1/../../../../arm-none-eabi/lib/thumb/v7e-m+fp/hard/libc_nano.a(lib_a-sbrkr.o)
                0x0000000000001d7c                _sbrk_r
 .text.__malloc_lock
                0x0000000000001d9c        0xc /home/the_3d6/devtools/gcc-arm-none-eabi-8-2018-q4-major/bin/../lib/gcc/arm-none-eabi/8.2.1/../../../../arm-none-eabi/lib/thumb/v7e-m+fp/hard/libc_nano.a(lib_a-mlock.o)
                0x0000000000001d9c                __malloc_lock
 .text.__malloc_unlock
                0x0000000000001da8        0xc /home/the_3d6/devtools/gcc-arm-none-eabi-8-2018-q4-major/bin/../lib/gcc/arm-none-eabi/8.2.1/../../../../arm-none-eabi/lib/thumb/v7e-m+fp/hard/libc_nano.a(lib_a-mlock.o)
                0x0000000000001da8                __malloc_unlock
 .text._malloc_usable_size_r
                0x0000000000001db4       0x10 /home/the_3d6/devtools/gcc-arm-none-eabi-8-2018-q4-major/bin/../lib/gcc/arm-none-eabi/8.2.1/../../../../arm-none-eabi/lib/thumb/v7e-m+fp/hard/libc_nano.a(lib_a-nano-msizer.o)
                0x0000000000001db4                _malloc_usable_size_r
 .text.__retarget_lock_acquire_recursive
                0x0000000000001dc4        0x2 /home/the_3d6/devtools/gcc-arm-none-eabi-8-2018-q4-major/bin/../lib/gcc/arm-none-eabi/8.2.1/../../../../arm-none-eabi/lib/thumb/v7e-m+fp/hard/libc_nano.a(lib_a-lock.o)
                0x0000000000001dc4                __retarget_lock_acquire_recursive
 .text.__retarget_lock_release_recursive
                0x0000000000001dc6        0x2 /home/the_3d6/devtools/gcc-arm-none-eabi-8-2018-q4-major/bin/../lib/gcc/arm-none-eabi/8.2.1/../../../../arm-none-eabi/lib/thumb/v7e-m+fp/hard/libc_nano.a(lib_a-lock.o)
                0x0000000000001dc6                __retarget_lock_release_recursive
 .text._sbrk    0x0000000000001dc8       0x1c /home/the_3d6/devtools/gcc-arm-none-eabi-8-2018-q4-major/bin/../lib/gcc/arm-none-eabi/8.2.1/../../../../arm-none-eabi/lib/thumb/v7e-m+fp/hard/libnosys.a(sbrk.o)
                0x0000000000001dc8                _sbrk
 .text._exit    0x0000000000001de4        0x4 /home/the_3d6/devtools/gcc-arm-none-eabi-8-2018-q4-major/bin/../lib/gcc/arm-none-eabi/8.2.1/../../../../arm-none-eabi/lib/thumb/v7e-m+fp/hard/libnosys.a(_exit.o)
                0x0000000000001de4                _exit
 *(.init)
 .init          0x0000000000001de8        0x4 /home/the_3d6/devtools/gcc-arm-none-eabi-8-2018-q4-major/bin/../lib/gcc/arm-none-eabi/8.2.1/thumb/v7e-m+fp/hard/crti.o
                0x0000000000001de8                _init
 .init          0x0000000000001dec        0x8 /home/the_3d6/devtools/gcc-arm-none-eabi-8-2018-q4-major/bin/../lib/gcc/arm-none-eabi/8.2.1/thumb/v7e-m+fp/hard/crtn.o
 *(.fini)
 .fini          0x0000000000001df4        0x4 /home/the_3d6/devtools/gcc-arm-none-eabi-8-2018-q4-major/bin/../lib/gcc/arm-none-eabi/8.2.1/thumb/v7e-m+fp/hard/crti.o
                0x0000000000001df4                _fini
 .fini          0x0000000000001df8        0x8 /home/the_3d6/devtools/gcc-arm-none-eabi-8-2018-q4-major/bin/../lib/gcc/arm-none-eabi/8.2.1/thumb/v7e-m+fp/hard/crtn.o
 *crtbegin.o(.ctors)
 *crtbegin?.o(.ctors)
 *(EXCLUDE_FILE(*crtend.o *crtend?.o) .ctors)
 *(SORT_BY_NAME(.ctors.*))
 *(.ctors)
 *crtbegin.o(.dtors)
 *crtbegin?.o(.dtors)
 *(EXCLUDE_FILE(*crtend.o *crtend?.o) .dtors)
 *(SORT_BY_NAME(.dtors.*))
 *(.dtors)
 *(.rodata*)
 .rodata        0x0000000000001e00       0xe8 build//uecgboot/main.c.o
 .rodata._global_impure_ptr
                0x0000000000001ee8        0x4 /home/the_3d6/devtools/gcc-arm-none-eabi-8-2018-q4-major/bin/../lib/gcc/arm-none-eabi/8.2.1/../../../../arm-none-eabi/lib/thumb/v7e-m+fp/hard/libc_nano.a(lib_a-impure.o)
                0x0000000000001ee8                _global_impure_ptr
 .rodata._svfprintf_r.str1.1
                0x0000000000001eec       0x11 /home/the_3d6/devtools/gcc-arm-none-eabi-8-2018-q4-major/bin/../lib/gcc/arm-none-eabi/8.2.1/../../../../arm-none-eabi/lib/thumb/v7e-m+fp/hard/libc_nano.a(lib_a-nano-svfprintf.o)
 .rodata._printf_i.str1.1
                0x0000000000001efd       0x22 /home/the_3d6/devtools/gcc-arm-none-eabi-8-2018-q4-major/bin/../lib/gcc/arm-none-eabi/8.2.1/../../../../arm-none-eabi/lib/thumb/v7e-m+fp/hard/libc_nano.a(lib_a-nano-vfprintf_i.o)
 *(.eh_frame*)
 *fill*         0x0000000000001f1f        0x1 
 .eh_frame      0x0000000000001f20        0x0 /home/the_3d6/devtools/gcc-arm-none-eabi-8-2018-q4-major/bin/../lib/gcc/arm-none-eabi/8.2.1/thumb/v7e-m+fp/hard/crtbegin.o
 .eh_frame      0x0000000000001f20        0x4 /home/the_3d6/devtools/gcc-arm-none-eabi-8-2018-q4-major/bin/../lib/gcc/arm-none-eabi/8.2.1/thumb/v7e-m+fp/hard/crtend.o

.glue_7         0x0000000000001f24        0x0
 .glue_7        0x0000000000001f24        0x0 linker stubs

.glue_7t        0x0000000000001f24        0x0
 .glue_7t       0x0000000000001f24        0x0 linker stubs

.vfp11_veneer   0x0000000000001f24        0x0
 .vfp11_veneer  0x0000000000001f24        0x0 linker stubs

.v4_bx          0x0000000000001f24        0x0
 .v4_bx         0x0000000000001f24        0x0 linker stubs

.iplt           0x0000000000001f24        0x0
 .iplt          0x0000000000001f24        0x0 /home/the_3d6/devtools/gcc-arm-none-eabi-8-2018-q4-major/bin/../lib/gcc/arm-none-eabi/8.2.1/thumb/v7e-m+fp/hard/crtbegin.o

.mem_section_dummy_rom

.log_const_data
                0x0000000000001f24        0x0
                [!provide]                        PROVIDE (__start_log_const_data = .)
 *(.log_const_data)
                [!provide]                        PROVIDE (__stop_log_const_data = .)

.ARM.extab
 *(.ARM.extab* .gnu.linkonce.armextab.*)
                0x0000000000001f24                __exidx_start = .

.ARM.exidx      0x0000000000001f24        0x8
 *(.ARM.exidx* .gnu.linkonce.armexidx.*)
 .ARM.exidx     0x0000000000001f24        0x8 /home/the_3d6/devtools/gcc-arm-none-eabi-8-2018-q4-major/bin/../lib/gcc/arm-none-eabi/8.2.1/../../../../arm-none-eabi/lib/thumb/v7e-m+fp/hard/crt0.o
                0x0000000000001f2c                __exidx_end = .
                0x0000000000001f2c                __etext = .

.rel.dyn        0x0000000000001f2c        0x0
 .rel.iplt      0x0000000000001f2c        0x0 /home/the_3d6/devtools/gcc-arm-none-eabi-8-2018-q4-major/bin/../lib/gcc/arm-none-eabi/8.2.1/thumb/v7e-m+fp/hard/crtbegin.o

.data           0x0000000020000000       0x84 load address 0x0000000000001f2c
                0x0000000020000000                __data_start__ = .
 *(vtable)
 *(.data*)
 .data.upload_start_code
                0x0000000020000000        0x8 build//uecgboot/main.c.o
                0x0000000020000000                upload_start_code
 .data.pack_prefix
                0x0000000020000008        0x2 build//uecgboot/main.c.o
                0x0000000020000008                pack_prefix
 *fill*         0x000000002000000a        0x2 
 .data.pack_max_length
                0x000000002000000c        0x4 build//uecgboot/fast_radio.c.o
                0x000000002000000c                pack_max_length
 .data.pack_payload
                0x0000000020000010        0x4 build//uecgboot/fast_radio.c.o
                0x0000000020000010                pack_payload
 .data.send_complete
                0x0000000020000014        0x1 build//uecgboot/uart_interface.c.o
                0x0000000020000014                send_complete
 *fill*         0x0000000020000015        0x3 
 .data._impure_ptr
                0x0000000020000018        0x4 /home/the_3d6/devtools/gcc-arm-none-eabi-8-2018-q4-major/bin/../lib/gcc/arm-none-eabi/8.2.1/../../../../arm-none-eabi/lib/thumb/v7e-m+fp/hard/libc_nano.a(lib_a-impure.o)
                0x0000000020000018                _impure_ptr
 .data.impure_data
                0x000000002000001c       0x60 /home/the_3d6/devtools/gcc-arm-none-eabi-8-2018-q4-major/bin/../lib/gcc/arm-none-eabi/8.2.1/../../../../arm-none-eabi/lib/thumb/v7e-m+fp/hard/libc_nano.a(lib_a-impure.o)
                0x000000002000007c                . = ALIGN (0x4)
                0x000000002000007c                PROVIDE (__preinit_array_start = .)
 *(.preinit_array)
                0x000000002000007c                PROVIDE (__preinit_array_end = .)
                0x000000002000007c                . = ALIGN (0x4)
                0x000000002000007c                PROVIDE (__init_array_start = .)
 *(SORT_BY_NAME(.init_array.*))
 *(.init_array)
 .init_array    0x000000002000007c        0x4 /home/the_3d6/devtools/gcc-arm-none-eabi-8-2018-q4-major/bin/../lib/gcc/arm-none-eabi/8.2.1/thumb/v7e-m+fp/hard/crtbegin.o
                0x0000000020000080                PROVIDE (__init_array_end = .)
                0x0000000020000080                . = ALIGN (0x4)
                [!provide]                        PROVIDE (__fini_array_start = .)
 *(SORT_BY_NAME(.fini_array.*))
 *(.fini_array)
 .fini_array    0x0000000020000080        0x4 /home/the_3d6/devtools/gcc-arm-none-eabi-8-2018-q4-major/bin/../lib/gcc/arm-none-eabi/8.2.1/thumb/v7e-m+fp/hard/crtbegin.o
                [!provide]                        PROVIDE (__fini_array_end = .)
 *(.jcr*)
                0x0000000020000084                . = ALIGN (0x4)
                0x0000000020000084                __data_end__ = .
LOAD /home/the_3d6/devtools/gcc-arm-none-eabi-8-2018-q4-major/bin/../lib/gcc/arm-none-eabi/8.2.1/thumb/v7e-m+fp/hard/crti.o
LOAD /home/the_3d6/devtools/gcc-arm-none-eabi-8-2018-q4-major/bin/../lib/gcc/arm-none-eabi/8.2.1/thumb/v7e-m+fp/hard/crtbegin.o
LOAD /home/the_3d6/devtools/gcc-arm-none-eabi-8-2018-q4-major/bin/../lib/gcc/arm-none-eabi/8.2.1/../../../../arm-none-eabi/lib/thumb/v7e-m+fp/hard/crt0.o
LOAD build//uecgboot/main.c.o
LOAD build//uecgboot/timer_core.c.o
LOAD build//uecgboot/fast_radio.c.o
LOAD build//uecgboot/uart_interface.c.o
LOAD build//uecgboot/gcc_startup_nrf52832_bootloader.S.o
LOAD /home/the_3d6/devtools/gcc-arm-none-eabi-8-2018-q4-major/bin/../lib/gcc/arm-none-eabi/8.2.1/../../../../arm-none-eabi/lib/thumb/v7e-m+fp/hard/libc_nano.a
LOAD /home/the_3d6/devtools/gcc-arm-none-eabi-8-2018-q4-major/bin/../lib/gcc/arm-none-eabi/8.2.1/../../../../arm-none-eabi/lib/thumb/v7e-m+fp/hard/libnosys.a
LOAD /home/the_3d6/devtools/gcc-arm-none-eabi-8-2018-q4-major/bin/../lib/gcc/arm-none-eabi/8.2.1/../../../../arm-none-eabi/lib/thumb/v7e-m+fp/hard/libm.a
START GROUP
LOAD /home/the_3d6/devtools/gcc-arm-none-eabi-8-2018-q4-major/bin/../lib/gcc/arm-none-eabi/8.2.1/thumb/v7e-m+fp/hard/libgcc.a
LOAD /home/the_3d6/devtools/gcc-arm-none-eabi-8-2018-q4-major/bin/../lib/gcc/arm-none-eabi/8.2.1/../../../../arm-none-eabi/lib/thumb/v7e-m+fp/hard/libg_nano.a
LOAD /home/the_3d6/devtools/gcc-arm-none-eabi-8-2018-q4-major/bin/../lib/gcc/arm-none-eabi/8.2.1/../../../../arm-none-eabi/lib/thumb/v7e-m+fp/hard/libc_nano.a
END GROUP
START GROUP
LOAD /home/the_3d6/devtools/gcc-arm-none-eabi-8-2018-q4-major/bin/../lib/gcc/arm-none-eabi/8.2.1/thumb/v7e-m+fp/hard/libgcc.a
LOAD /home/the_3d6/devtools/gcc-arm-none-eabi-8-2018-q4-major/bin/../lib/gcc/arm-none-eabi/8.2.1/../../../../arm-none-eabi/lib/thumb/v7e-m+fp/hard/libc_nano.a
END GROUP
LOAD /home/the_3d6/devtools/gcc-arm-none-eabi-8-2018-q4-major/bin/../lib/gcc/arm-none-eabi/8.2.1/thumb/v7e-m+fp/hard/crtend.o
LOAD /home/the_3d6/devtools/gcc-arm-none-eabi-8-2018-q4-major/bin/../lib/gcc/arm-none-eabi/8.2.1/thumb/v7e-m+fp/hard/crtn.o
START GROUP
LOAD /home/the_3d6/devtools/gcc-arm-none-eabi-8-2018-q4-major/bin/../lib/gcc/arm-none-eabi/8.2.1/thumb/v7e-m+fp/hard/libgcc.a
LOAD /home/the_3d6/devtools/gcc-arm-none-eabi-8-2018-q4-major/bin/../lib/gcc/arm-none-eabi/8.2.1/../../../../arm-none-eabi/lib/thumb/v7e-m+fp/hard/libc.a
LOAD /home/the_3d6/devtools/gcc-arm-none-eabi-8-2018-q4-major/bin/../lib/gcc/arm-none-eabi/8.2.1/../../../../arm-none-eabi/lib/thumb/v7e-m+fp/hard/libnosys.a
END GROUP

.igot.plt       0x0000000020000084        0x0 load address 0x0000000000001fb0
 .igot.plt      0x0000000020000084        0x0 /home/the_3d6/devtools/gcc-arm-none-eabi-8-2018-q4-major/bin/../lib/gcc/arm-none-eabi/8.2.1/thumb/v7e-m+fp/hard/crtbegin.o
                0x0000000020000084                . = ALIGN (0x4)

.mem_section_dummy_ram

.log_dynamic_data
                0x0000000020000084        0x0
                [!provide]                        PROVIDE (__start_log_dynamic_data = .)
 *(.log_dynamic_data)
                [!provide]                        PROVIDE (__stop_log_dynamic_data = .)

.bss            0x0000000020000084      0x6d4 load address 0x0000000000001fb0
                0x0000000020000084                . = ALIGN (0x4)
                0x0000000020000084                __bss_start__ = .
 *(.bss*)
 .bss           0x0000000020000084       0x1c /home/the_3d6/devtools/gcc-arm-none-eabi-8-2018-q4-major/bin/../lib/gcc/arm-none-eabi/8.2.1/thumb/v7e-m+fp/hard/crtbegin.o
 .bss.last_uart_pos
                0x00000000200000a0        0x1 build//uecgboot/main.c.o
                0x00000000200000a0                last_uart_pos
 *fill*         0x00000000200000a1        0x3 
 .bss.code_uploading
                0x00000000200000a4        0x4 build//uecgboot/main.c.o
                0x00000000200000a4                code_uploading
 .bss.last_pack_id
                0x00000000200000a8        0x1 build//uecgboot/main.c.o
                0x00000000200000a8                last_pack_id
 *fill*         0x00000000200000a9        0x3 
 .bss.remaining_bytes
                0x00000000200000ac        0x4 build//uecgboot/main.c.o
                0x00000000200000ac                remaining_bytes
 .bss.written_words
                0x00000000200000b0        0x4 build//uecgboot/main.c.o
                0x00000000200000b0                written_words
 .bss.launch_address
                0x00000000200000b4        0x4 build//uecgboot/main.c.o
                0x00000000200000b4                launch_address
 .bss.mcs_time  0x00000000200000b8        0x4 build//uecgboot/timer_core.c.o
                0x00000000200000b8                mcs_time
 .bss.ms_time   0x00000000200000bc        0x4 build//uecgboot/timer_core.c.o
                0x00000000200000bc                ms_time
 .bss.s_time    0x00000000200000c0        0x4 build//uecgboot/timer_core.c.o
                0x00000000200000c0                s_time
 .bss.ms_counter
                0x00000000200000c4        0x4 build//uecgboot/timer_core.c.o
                0x00000000200000c4                ms_counter
 .bss.s_counter
                0x00000000200000c8        0x4 build//uecgboot/timer_core.c.o
                0x00000000200000c8                s_counter
 .bss.timer_on  0x00000000200000cc        0x1 build//uecgboot/timer_core.c.o
                0x00000000200000cc                timer_on
 *fill*         0x00000000200000cd        0x3 
 .bss.rx_packet_counter
                0x00000000200000d0        0x4 build//uecgboot/fast_radio.c.o
                0x00000000200000d0                rx_packet_counter
 .bss.last_processed_rx_packet
                0x00000000200000d4        0x4 build//uecgboot/fast_radio.c.o
                0x00000000200000d4                last_processed_rx_packet
 .bss.last_end_event_time
                0x00000000200000d8        0x4 build//uecgboot/fast_radio.c.o
                0x00000000200000d8                last_end_event_time
 .bss.last_rx_time
                0x00000000200000dc        0x4 build//uecgboot/fast_radio.c.o
                0x00000000200000dc                last_rx_time
 .bss.current_mode
                0x00000000200000e0        0x1 build//uecgboot/fast_radio.c.o
                0x00000000200000e0                current_mode
 *fill*         0x00000000200000e1        0x3 
 .bss.irq_cnt   0x00000000200000e4        0x4 build//uecgboot/fast_radio.c.o
                0x00000000200000e4                irq_cnt
 .bss.uart_buf_pos
                0x00000000200000e8        0x1 build//uecgboot/uart_interface.c.o
                0x00000000200000e8                uart_buf_pos
 .bss.send_start
                0x00000000200000e9        0x1 build//uecgboot/uart_interface.c.o
                0x00000000200000e9                send_start
 .bss.send_end  0x00000000200000ea        0x1 build//uecgboot/uart_interface.c.o
                0x00000000200000ea                send_end
 *fill*         0x00000000200000eb        0x1 
 .bss.__malloc_free_list
                0x00000000200000ec        0x4 /home/the_3d6/devtools/gcc-arm-none-eabi-8-2018-q4-major/bin/../lib/gcc/arm-none-eabi/8.2.1/../../../../arm-none-eabi/lib/thumb/v7e-m+fp/hard/libc_nano.a(lib_a-nano-mallocr.o)
                0x00000000200000ec                __malloc_free_list
 .bss.__malloc_sbrk_start
                0x00000000200000f0        0x4 /home/the_3d6/devtools/gcc-arm-none-eabi-8-2018-q4-major/bin/../lib/gcc/arm-none-eabi/8.2.1/../../../../arm-none-eabi/lib/thumb/v7e-m+fp/hard/libc_nano.a(lib_a-nano-mallocr.o)
                0x00000000200000f0                __malloc_sbrk_start
 .bss.heap_end.5501
                0x00000000200000f4        0x4 /home/the_3d6/devtools/gcc-arm-none-eabi-8-2018-q4-major/bin/../lib/gcc/arm-none-eabi/8.2.1/../../../../arm-none-eabi/lib/thumb/v7e-m+fp/hard/libnosys.a(sbrk.o)
 *(COMMON)
 COMMON         0x00000000200000f8      0x24c build//uecgboot/main.c.o
                0x00000000200000f8                pack_resp
                0x0000000020000108                uart_in_packet
                0x0000000020000234                radio_resp
                0x0000000020000244                umsg
 COMMON         0x0000000020000344      0x200 build//uecgboot/fast_radio.c.o
                0x0000000020000344                tx_packet
                0x0000000020000444                rx_packet
 COMMON         0x0000000020000544      0x204 build//uecgboot/uart_interface.c.o
                0x0000000020000544                uart_buf
                0x0000000020000648                send_buf
 COMMON         0x0000000020000748        0x4 /home/the_3d6/devtools/gcc-arm-none-eabi-8-2018-q4-major/bin/../lib/gcc/arm-none-eabi/8.2.1/../../../../arm-none-eabi/lib/thumb/v7e-m+fp/hard/libc_nano.a(lib_a-reent.o)
                0x0000000020000748                errno
 COMMON         0x000000002000074c        0x9 /home/the_3d6/devtools/gcc-arm-none-eabi-8-2018-q4-major/bin/../lib/gcc/arm-none-eabi/8.2.1/../../../../arm-none-eabi/lib/thumb/v7e-m+fp/hard/libc_nano.a(lib_a-lock.o)
                0x000000002000074c                __lock___atexit_recursive_mutex
                0x000000002000074d                __lock___arc4random_mutex
                0x000000002000074e                __lock___env_recursive_mutex
                0x000000002000074f                __lock___sinit_recursive_mutex
                0x0000000020000750                __lock___malloc_recursive_mutex
                0x0000000020000751                __lock___at_quick_exit_mutex
                0x0000000020000752                __lock___dd_hash_mutex
                0x0000000020000753                __lock___tz_mutex
                0x0000000020000754                __lock___sfp_recursive_mutex
                0x0000000020000758                . = ALIGN (0x4)
 *fill*         0x0000000020000755        0x3 
                0x0000000020000758                __bss_end__ = .

.heap           0x0000000020000758      0x200
                0x0000000020000758                __HeapBase = .
                0x0000000020000758                __end__ = .
                0x0000000020000758                PROVIDE (end = .)
 *(.heap*)
 .heap          0x0000000020000758      0x200 build//uecgboot/gcc_startup_nrf52832_bootloader.S.o
                0x0000000020000958                __HeapLimit = .

.stack_dummy    0x0000000020000758      0x200
 *(.stack*)
 .stack         0x0000000020000758      0x200 build//uecgboot/gcc_startup_nrf52832_bootloader.S.o
                0x0000000020010000                __StackTop = (ORIGIN (RAM) + LENGTH (RAM))
                0x000000002000fe00                __StackLimit = (__StackTop - SIZEOF (.stack_dummy))
                0x0000000020010000                PROVIDE (__stack = __StackTop)
                0x0000000000000001                ASSERT ((__StackLimit >= __HeapLimit), region RAM overflowed with stack)
                0x0000000000000084                DataInitFlashUsed = (__bss_start__ - __data_start__)
                0x0000000000001f2c                CodeFlashUsed = (__etext - ORIGIN (FLASH))
                0x0000000000001fb0                TotalFlashUsed = (CodeFlashUsed + DataInitFlashUsed)
                0x0000000000000001                ASSERT ((TotalFlashUsed <= LENGTH (FLASH)), region FLASH overflowed with .data and user data)
OUTPUT(build//uecgboot.out elf32-littlearm)

.ARM.attributes
                0x0000000000000000       0x30
 .ARM.attributes
                0x0000000000000000       0x1e /home/the_3d6/devtools/gcc-arm-none-eabi-8-2018-q4-major/bin/../lib/gcc/arm-none-eabi/8.2.1/thumb/v7e-m+fp/hard/crti.o
 .ARM.attributes
                0x000000000000001e       0x34 /home/the_3d6/devtools/gcc-arm-none-eabi-8-2018-q4-major/bin/../lib/gcc/arm-none-eabi/8.2.1/thumb/v7e-m+fp/hard/crtbegin.o
 .ARM.attributes
                0x0000000000000052       0x1c /home/the_3d6/devtools/gcc-arm-none-eabi-8-2018-q4-major/bin/../lib/gcc/arm-none-eabi/8.2.1/../../../../arm-none-eabi/lib/thumb/v7e-m+fp/hard/crt0.o
 .ARM.attributes
                0x000000000000006e       0x34 build//uecgboot/main.c.o
 .ARM.attributes
                0x00000000000000a2       0x34 build//uecgboot/timer_core.c.o
 .ARM.attributes
                0x00000000000000d6       0x34 build//uecgboot/fast_radio.c.o
 .ARM.attributes
                0x000000000000010a       0x34 build//uecgboot/uart_interface.c.o
 .ARM.attributes
                0x000000000000013e       0x20 build//uecgboot/gcc_startup_nrf52832_bootloader.S.o
 .ARM.attributes
                0x000000000000015e       0x34 /home/the_3d6/devtools/gcc-arm-none-eabi-8-2018-q4-major/bin/../lib/gcc/arm-none-eabi/8.2.1/../../../../arm-none-eabi/lib/thumb/v7e-m+fp/hard/libc_nano.a(lib_a-exit.o)
 .ARM.attributes
                0x0000000000000192       0x32 /home/the_3d6/devtools/gcc-arm-none-eabi-8-2018-q4-major/bin/../lib/gcc/arm-none-eabi/8.2.1/../../../../arm-none-eabi/lib/thumb/v7e-m+fp/hard/libc_nano.a(lib_a-impure.o)
 .ARM.attributes
                0x00000000000001c4       0x34 /home/the_3d6/devtools/gcc-arm-none-eabi-8-2018-q4-major/bin/../lib/gcc/arm-none-eabi/8.2.1/../../../../arm-none-eabi/lib/thumb/v7e-m+fp/hard/libc_nano.a(lib_a-init.o)
 .ARM.attributes
                0x00000000000001f8       0x34 /home/the_3d6/devtools/gcc-arm-none-eabi-8-2018-q4-major/bin/../lib/gcc/arm-none-eabi/8.2.1/../../../../arm-none-eabi/lib/thumb/v7e-m+fp/hard/libc_nano.a(lib_a-memset.o)
 .ARM.attributes
                0x000000000000022c       0x34 /home/the_3d6/devtools/gcc-arm-none-eabi-8-2018-q4-major/bin/../lib/gcc/arm-none-eabi/8.2.1/../../../../arm-none-eabi/lib/thumb/v7e-m+fp/hard/libc_nano.a(lib_a-vsnprintf.o)
 .ARM.attributes
                0x0000000000000260       0x34 /home/the_3d6/devtools/gcc-arm-none-eabi-8-2018-q4-major/bin/../lib/gcc/arm-none-eabi/8.2.1/../../../../arm-none-eabi/lib/thumb/v7e-m+fp/hard/libc_nano.a(lib_a-nano-svfprintf.o)
 .ARM.attributes
                0x0000000000000294       0x34 /home/the_3d6/devtools/gcc-arm-none-eabi-8-2018-q4-major/bin/../lib/gcc/arm-none-eabi/8.2.1/../../../../arm-none-eabi/lib/thumb/v7e-m+fp/hard/libc_nano.a(lib_a-nano-vfprintf_i.o)
 .ARM.attributes
                0x00000000000002c8       0x1c /home/the_3d6/devtools/gcc-arm-none-eabi-8-2018-q4-major/bin/../lib/gcc/arm-none-eabi/8.2.1/../../../../arm-none-eabi/lib/thumb/v7e-m+fp/hard/libc_nano.a(lib_a-memchr.o)
 .ARM.attributes
                0x00000000000002e4       0x34 /home/the_3d6/devtools/gcc-arm-none-eabi-8-2018-q4-major/bin/../lib/gcc/arm-none-eabi/8.2.1/../../../../arm-none-eabi/lib/thumb/v7e-m+fp/hard/libc_nano.a(lib_a-memcpy-stub.o)
 .ARM.attributes
                0x0000000000000318       0x34 /home/the_3d6/devtools/gcc-arm-none-eabi-8-2018-q4-major/bin/../lib/gcc/arm-none-eabi/8.2.1/../../../../arm-none-eabi/lib/thumb/v7e-m+fp/hard/libc_nano.a(lib_a-memmove.o)
 .ARM.attributes
                0x000000000000034c       0x34 /home/the_3d6/devtools/gcc-arm-none-eabi-8-2018-q4-major/bin/../lib/gcc/arm-none-eabi/8.2.1/../../../../arm-none-eabi/lib/thumb/v7e-m+fp/hard/libc_nano.a(lib_a-nano-freer.o)
 .ARM.attributes
                0x0000000000000380       0x34 /home/the_3d6/devtools/gcc-arm-none-eabi-8-2018-q4-major/bin/../lib/gcc/arm-none-eabi/8.2.1/../../../../arm-none-eabi/lib/thumb/v7e-m+fp/hard/libc_nano.a(lib_a-nano-mallocr.o)
 .ARM.attributes
                0x00000000000003b4       0x34 /home/the_3d6/devtools/gcc-arm-none-eabi-8-2018-q4-major/bin/../lib/gcc/arm-none-eabi/8.2.1/../../../../arm-none-eabi/lib/thumb/v7e-m+fp/hard/libc_nano.a(lib_a-nano-reallocr.o)
 .ARM.attributes
                0x00000000000003e8       0x34 /home/the_3d6/devtools/gcc-arm-none-eabi-8-2018-q4-major/bin/../lib/gcc/arm-none-eabi/8.2.1/../../../../arm-none-eabi/lib/thumb/v7e-m+fp/hard/libc_nano.a(lib_a-sbrkr.o)
 .ARM.attributes
                0x000000000000041c       0x34 /home/the_3d6/devtools/gcc-arm-none-eabi-8-2018-q4-major/bin/../lib/gcc/arm-none-eabi/8.2.1/../../../../arm-none-eabi/lib/thumb/v7e-m+fp/hard/libc_nano.a(lib_a-mlock.o)
 .ARM.attributes
                0x0000000000000450       0x34 /home/the_3d6/devtools/gcc-arm-none-eabi-8-2018-q4-major/bin/../lib/gcc/arm-none-eabi/8.2.1/../../../../arm-none-eabi/lib/thumb/v7e-m+fp/hard/libc_nano.a(lib_a-nano-msizer.o)
 .ARM.attributes
                0x0000000000000484       0x34 /home/the_3d6/devtools/gcc-arm-none-eabi-8-2018-q4-major/bin/../lib/gcc/arm-none-eabi/8.2.1/../../../../arm-none-eabi/lib/thumb/v7e-m+fp/hard/libc_nano.a(lib_a-reent.o)
 .ARM.attributes
                0x00000000000004b8       0x34 /home/the_3d6/devtools/gcc-arm-none-eabi-8-2018-q4-major/bin/../lib/gcc/arm-none-eabi/8.2.1/../../../../arm-none-eabi/lib/thumb/v7e-m+fp/hard/libc_nano.a(lib_a-lock.o)
 .ARM.attributes
                0x00000000000004ec       0x34 /home/the_3d6/devtools/gcc-arm-none-eabi-8-2018-q4-major/bin/../lib/gcc/arm-none-eabi/8.2.1/../../../../arm-none-eabi/lib/thumb/v7e-m+fp/hard/libnosys.a(sbrk.o)
 .ARM.attributes
                0x0000000000000520       0x34 /home/the_3d6/devtools/gcc-arm-none-eabi-8-2018-q4-major/bin/../lib/gcc/arm-none-eabi/8.2.1/../../../../arm-none-eabi/lib/thumb/v7e-m+fp/hard/libnosys.a(_exit.o)
 .ARM.attributes
                0x0000000000000554       0x32 /home/the_3d6/devtools/gcc-arm-none-eabi-8-2018-q4-major/bin/../lib/gcc/arm-none-eabi/8.2.1/thumb/v7e-m+fp/hard/crtend.o
 .ARM.attributes
                0x0000000000000586       0x1e /home/the_3d6/devtools/gcc-arm-none-eabi-8-2018-q4-major/bin/../lib/gcc/arm-none-eabi/8.2.1/thumb/v7e-m+fp/hard/crtn.o

.comment        0x0000000000000000       0x75
 .comment       0x0000000000000000       0x75 build//uecgboot/main.c.o
                                         0x76 (size before relaxing)
 .comment       0x0000000000000075       0x76 build//uecgboot/timer_core.c.o
 .comment       0x0000000000000075       0x76 build//uecgboot/fast_radio.c.o
 .comment       0x0000000000000075       0x76 build//uecgboot/uart_interface.c.o

.debug_info     0x0000000000000000     0x37a9
 .debug_info    0x0000000000000000     0x1c7a build//uecgboot/main.c.o
 .debug_info    0x0000000000001c7a      0x6db build//uecgboot/timer_core.c.o
 .debug_info    0x0000000000002355      0xaf6 build//uecgboot/fast_radio.c.o
 .debug_info    0x0000000000002e4b      0x938 build//uecgboot/uart_interface.c.o
 .debug_info    0x0000000000003783       0x26 build//uecgboot/gcc_startup_nrf52832_bootloader.S.o

.debug_abbrev   0x0000000000000000      0x9ce
 .debug_abbrev  0x0000000000000000      0x3cf build//uecgboot/main.c.o
 .debug_abbrev  0x00000000000003cf      0x1f6 build//uecgboot/timer_core.c.o
 .debug_abbrev  0x00000000000005c5      0x20c build//uecgboot/fast_radio.c.o
 .debug_abbrev  0x00000000000007d1      0x1e9 build//uecgboot/uart_interface.c.o
 .debug_abbrev  0x00000000000009ba       0x14 build//uecgboot/gcc_startup_nrf52832_bootloader.S.o

.debug_aranges  0x0000000000000000      0x1e0
 .debug_aranges
                0x0000000000000000       0x70 build//uecgboot/main.c.o
 .debug_aranges
                0x0000000000000070       0x78 build//uecgboot/timer_core.c.o
 .debug_aranges
                0x00000000000000e8       0x80 build//uecgboot/fast_radio.c.o
 .debug_aranges
                0x0000000000000168       0x58 build//uecgboot/uart_interface.c.o
 .debug_aranges
                0x00000000000001c0       0x20 build//uecgboot/gcc_startup_nrf52832_bootloader.S.o

.debug_ranges   0x0000000000000000      0x180
 .debug_ranges  0x0000000000000000       0x60 build//uecgboot/main.c.o
 .debug_ranges  0x0000000000000060       0x68 build//uecgboot/timer_core.c.o
 .debug_ranges  0x00000000000000c8       0x70 build//uecgboot/fast_radio.c.o
 .debug_ranges  0x0000000000000138       0x48 build//uecgboot/uart_interface.c.o

.debug_line     0x0000000000000000     0x19e1
 .debug_line    0x0000000000000000      0xb67 build//uecgboot/main.c.o
 .debug_line    0x0000000000000b67      0x3d6 build//uecgboot/timer_core.c.o
 .debug_line    0x0000000000000f3d      0x61d build//uecgboot/fast_radio.c.o
 .debug_line    0x000000000000155a      0x3ca build//uecgboot/uart_interface.c.o
 .debug_line    0x0000000000001924       0xbd build//uecgboot/gcc_startup_nrf52832_bootloader.S.o

.debug_str      0x0000000000000000     0x1545
 .debug_str     0x0000000000000000      0xbce build//uecgboot/main.c.o
                                        0xc7c (size before relaxing)
 .debug_str     0x0000000000000bce      0x3e3 build//uecgboot/timer_core.c.o
                                        0x6a1 (size before relaxing)
 .debug_str     0x0000000000000fb1      0x373 build//uecgboot/fast_radio.c.o
                                        0x915 (size before relaxing)
 .debug_str     0x0000000000001324      0x1a4 build//uecgboot/uart_interface.c.o
                                        0x790 (size before relaxing)
 .debug_str     0x00000000000014c8       0x7d build//uecgboot/gcc_startup_nrf52832_bootloader.S.o
                                         0xbd (size before relaxing)

.debug_frame    0x0000000000000000      0xabc
 .debug_frame   0x0000000000000000      0x1c8 build//uecgboot/main.c.o
 .debug_frame   0x00000000000001c8      0x19c build//uecgboot/timer_core.c.o
 .debug_frame   0x0000000000000364      0x1c8 build//uecgboot/fast_radio.c.o
 .debug_frame   0x000000000000052c      0x124 build//uecgboot/uart_interface.c.o
 .debug_frame   0x0000000000000650       0x28 /home/the_3d6/devtools/gcc-arm-none-eabi-8-2018-q4-major/bin/../lib/gcc/arm-none-eabi/8.2.1/../../../../arm-none-eabi/lib/thumb/v7e-m+fp/hard/libc_nano.a(lib_a-exit.o)
 .debug_frame   0x0000000000000678       0x2c /home/the_3d6/devtools/gcc-arm-none-eabi-8-2018-q4-major/bin/../lib/gcc/arm-none-eabi/8.2.1/../../../../arm-none-eabi/lib/thumb/v7e-m+fp/hard/libc_nano.a(lib_a-init.o)
 .debug_frame   0x00000000000006a4       0x20 /home/the_3d6/devtools/gcc-arm-none-eabi-8-2018-q4-major/bin/../lib/gcc/arm-none-eabi/8.2.1/../../../../arm-none-eabi/lib/thumb/v7e-m+fp/hard/libc_nano.a(lib_a-memset.o)
 .debug_frame   0x00000000000006c4       0x4c /home/the_3d6/devtools/gcc-arm-none-eabi-8-2018-q4-major/bin/../lib/gcc/arm-none-eabi/8.2.1/../../../../arm-none-eabi/lib/thumb/v7e-m+fp/hard/libc_nano.a(lib_a-vsnprintf.o)
 .debug_frame   0x0000000000000710       0x90 /home/the_3d6/devtools/gcc-arm-none-eabi-8-2018-q4-major/bin/../lib/gcc/arm-none-eabi/8.2.1/../../../../arm-none-eabi/lib/thumb/v7e-m+fp/hard/libc_nano.a(lib_a-nano-svfprintf.o)
 .debug_frame   0x00000000000007a0       0x60 /home/the_3d6/devtools/gcc-arm-none-eabi-8-2018-q4-major/bin/../lib/gcc/arm-none-eabi/8.2.1/../../../../arm-none-eabi/lib/thumb/v7e-m+fp/hard/libc_nano.a(lib_a-nano-vfprintf_i.o)
 .debug_frame   0x0000000000000800       0x28 /home/the_3d6/devtools/gcc-arm-none-eabi-8-2018-q4-major/bin/../lib/gcc/arm-none-eabi/8.2.1/../../../../arm-none-eabi/lib/thumb/v7e-m+fp/hard/libc_nano.a(lib_a-memcpy-stub.o)
 .debug_frame   0x0000000000000828       0x28 /home/the_3d6/devtools/gcc-arm-none-eabi-8-2018-q4-major/bin/../lib/gcc/arm-none-eabi/8.2.1/../../../../arm-none-eabi/lib/thumb/v7e-m+fp/hard/libc_nano.a(lib_a-memmove.o)
 .debug_frame   0x0000000000000850       0x38 /home/the_3d6/devtools/gcc-arm-none-eabi-8-2018-q4-major/bin/../lib/gcc/arm-none-eabi/8.2.1/../../../../arm-none-eabi/lib/thumb/v7e-m+fp/hard/libc_nano.a(lib_a-nano-freer.o)
 .debug_frame   0x0000000000000888       0x30 /home/the_3d6/devtools/gcc-arm-none-eabi-8-2018-q4-major/bin/../lib/gcc/arm-none-eabi/8.2.1/../../../../arm-none-eabi/lib/thumb/v7e-m+fp/hard/libc_nano.a(lib_a-nano-mallocr.o)
 .debug_frame   0x00000000000008b8       0x3c /home/the_3d6/devtools/gcc-arm-none-eabi-8-2018-q4-major/bin/../lib/gcc/arm-none-eabi/8.2.1/../../../../arm-none-eabi/lib/thumb/v7e-m+fp/hard/libc_nano.a(lib_a-nano-reallocr.o)
 .debug_frame   0x00000000000008f4       0x2c /home/the_3d6/devtools/gcc-arm-none-eabi-8-2018-q4-major/bin/../lib/gcc/arm-none-eabi/8.2.1/../../../../arm-none-eabi/lib/thumb/v7e-m+fp/hard/libc_nano.a(lib_a-sbrkr.o)
 .debug_frame   0x0000000000000920       0x30 /home/the_3d6/devtools/gcc-arm-none-eabi-8-2018-q4-major/bin/../lib/gcc/arm-none-eabi/8.2.1/../../../../arm-none-eabi/lib/thumb/v7e-m+fp/hard/libc_nano.a(lib_a-mlock.o)
 .debug_frame   0x0000000000000950       0x20 /home/the_3d6/devtools/gcc-arm-none-eabi-8-2018-q4-major/bin/../lib/gcc/arm-none-eabi/8.2.1/../../../../arm-none-eabi/lib/thumb/v7e-m+fp/hard/libc_nano.a(lib_a-nano-msizer.o)
 .debug_frame   0x0000000000000970       0x5c /home/the_3d6/devtools/gcc-arm-none-eabi-8-2018-q4-major/bin/../lib/gcc/arm-none-eabi/8.2.1/../../../../arm-none-eabi/lib/thumb/v7e-m+fp/hard/libc_nano.a(lib_a-reent.o)
 .debug_frame   0x00000000000009cc       0xb0 /home/the_3d6/devtools/gcc-arm-none-eabi-8-2018-q4-major/bin/../lib/gcc/arm-none-eabi/8.2.1/../../../../arm-none-eabi/lib/thumb/v7e-m+fp/hard/libc_nano.a(lib_a-lock.o)
 .debug_frame   0x0000000000000a7c       0x20 /home/the_3d6/devtools/gcc-arm-none-eabi-8-2018-q4-major/bin/../lib/gcc/arm-none-eabi/8.2.1/../../../../arm-none-eabi/lib/thumb/v7e-m+fp/hard/libnosys.a(sbrk.o)
 .debug_frame   0x0000000000000a9c       0x20 /home/the_3d6/devtools/gcc-arm-none-eabi-8-2018-q4-major/bin/../lib/gcc/arm-none-eabi/8.2.1/../../../../arm-none-eabi/lib/thumb/v7e-m+fp/hard/libnosys.a(_exit.o)
